<html>
<body>
<pre>
<h1>µVision Build Log</h1>
<h2>Tool Versions:</h2>
IDE-Version: µVision V5.23.0.0
Copyright (C) 2017 ARM Ltd and ARM Germany GmbH. All rights reserved.
License Information: Rooholla Khorram, -, LIC=Z3CQD-8RZ3B-76JQT-RN7R3-9DMA0-37KN6
 
Tool Versions:
Toolchain:       MDK-ARM Professional  Version: 5.23
Toolchain Path:  D:\Programs Install\keil\ARM\ARMCC\Bin
C Compiler:      Armcc.exe V5.06 update 4 (build 422)
Assembler:       Armasm.exe V5.06 update 4 (build 422)
Linker/Locator:  ArmLink.exe V5.06 update 4 (build 422)
Library Manager: ArmAr.exe V5.06 update 4 (build 422)
Hex Converter:   FromElf.exe V5.06 update 4 (build 422)
CPU DLL:         SARMCM3.DLL V5.23
Dialog DLL:      DCM.DLL V1.15.0.0
Target DLL:      STLink\ST-LINKIII-KEIL_SWO.dll V2.0.18.0
Dialog DLL:      TCM.DLL V1.27.0.0
 
<h2>Project:</h2>
C:\Users\Asus\Desktop\Temp_project\DAQ_Projects\ARAS_CDRPM_DAQ_SYSTEM\MotherBoard\Code\MDK-ARM\MB_Starter.uvprojx
Project File Date:  04/01/2019

<h2>Output:</h2>
*** Using Compiler 'V5.06 update 4 (build 422)', folder: 'D:\Programs Install\keil\ARM\ARMCC\Bin'
Build target 'MB_Starter'
assembling startup_stm32f746xx.s...
compiling stm32f7xx_it.c...
..\MDK-ARM\power_manager.h(8): warning:  #1-D: last line of file ends without a newline
  #endif
../Src/stm32f7xx_it.c(288): warning:  #188-D: enumerated type mixed with another type
  	HAL_GPIO_WritePin(
PIOG, 
EST_Pin, !HAL_GPIO_ReadPin(
PIOG, 
EST_Pin));
../Src/stm32f7xx_it.c: 2 warnings, 0 errors
compiling spi_stack.c...
spi_stack.c(95): warning:  #550-D: variable "data"  was set but never used
  	uint8_t data;
spi_stack.c: 1 warning, 0 errors
compiling power_manager.c...
power_manager.c(16): warning:  #1035-D: single-precision operand implicitly converted to double-precision
  	power_led_pwm_val=0.99*power_led_pwm_val+0.01*POWER_LED_PWM;
power_manager.c(16): warning:  #1035-D: single-precision operand implicitly converted to double-precision
  	power_led_pwm_val=0.99*power_led_pwm_val+0.01*POWER_LED_PWM;
power_manager.c(17): warning:  #1035-D: single-precision operand implicitly converted to double-precision
  	standby_led_val=0.99*standby_led_val+0.01*STANDBY_LED_PWM;
power_manager.c(17): warning:  #1035-D: single-precision operand implicitly converted to double-precision
  	standby_led_val=0.99*standby_led_val+0.01*STANDBY_LED_PWM;
power_manager.c: 4 warnings, 0 errors
compiling lwip.c...
compiling ethernetif.c...
compiling main.c...
..\MDK-ARM\power_manager.h(8): warning:  #1-D: last line of file ends without a newline
  #endif
../Src/main.c(378): warning:  #177-D: variable "vals"  was declared but never referenced
  		int vals[4]={1000,2000,3000,4000};
../Src/main.c(353): warning:  #177-D: variable "data"  was declared but never referenced
  	uint8_t data[2]={1 , 2};
../Src/main.c: 3 warnings, 0 errors
compiling stm32f7xx_hal_msp.c...
compiling stm32f7xx_hal_cortex.c...
compiling stm32f7xx_hal_spi_ex.c...
compiling stm32f7xx_hal_can.c...
compiling stm32f7xx_hal_eth.c...
compiling stm32f7xx_hal_spi.c...
compiling stm32f7xx_hal_tim_ex.c...
compiling stm32f7xx_hal_flash.c...
compiling stm32f7xx_hal_rcc.c...
compiling stm32f7xx_hal_rcc_ex.c...
compiling stm32f7xx_hal_uart.c...
compiling stm32f7xx_hal_flash_ex.c...
compiling stm32f7xx_hal_gpio.c...
compiling stm32f7xx_hal_tim.c...
compiling stm32f7xx_hal_dma.c...
compiling stm32f7xx_hal_pwr.c...
compiling stm32f7xx_hal_dma_ex.c...
compiling stm32f7xx_hal_pwr_ex.c...
compiling stm32f7xx_hal.c...
compiling stm32f7xx_hal_i2c_ex.c...
compiling stm32f7xx_hal_exti.c...
compiling system_stm32f7xx.c...
compiling auth.c...
compiling ccp.c...
compiling chap_ms.c...
compiling chap-md5.c...
compiling chap-new.c...
compiling demand.c...
compiling eap.c...
compiling eui64.c...
compiling stm32f7xx_hal_i2c.c...
compiling fsm.c...
compiling ipcp.c...
compiling ipv6cp.c...
compiling lcp.c...
compiling magic.c...
compiling mppe.c...
compiling multilink.c...
compiling ppp.c...
compiling pppapi.c...
compiling pppcrypt.c...
compiling pppoe.c...
compiling pppol2tp.c...
compiling upap.c...
compiling pppos.c...
compiling utils.c...
compiling vj.c...
compiling ethernet.c...
compiling slipif.c...
compiling lowpan6.c...
compiling ecp.c...
compiling api_msg.c...
compiling api_lib.c...
compiling err.c...
compiling netbuf.c...
compiling netifapi.c...
compiling netdb.c...
compiling sockets.c...
compiling tcpip.c...
compiling def.c...
compiling dns.c...
compiling inet_chksum.c...
compiling ip.c...
compiling init.c...
compiling memp.c...
compiling mem.c...
compiling netif.c...
compiling raw.c...
compiling pbuf.c...
compiling stats.c...
compiling sys.c...
compiling autoip.c...
compiling dhcp.c...
compiling udp.c...
compiling tcp.c...
compiling timeouts.c...
compiling tcp_out.c...
compiling tcp_in.c...
compiling igmp.c...
compiling icmp.c...
compiling ip4.c...
compiling ip4_addr.c...
compiling etharp.c...
compiling dhcp6.c...
compiling ip4_frag.c...
compiling ethip6.c...
compiling inet6.c...
compiling ip6.c...
compiling icmp6.c...
compiling ip6_addr.c...
compiling ip6_frag.c...
compiling mld6.c...
compiling nd6.c...
compiling mqtt.c...
linking...
Program Size: Code=48684 RO-data=1100 RW-data=320 ZI-data=29016  
FromELF: creating hex file...
"MB_Starter\MB_Starter.axf" - 0 Error(s), 10 Warning(s).

<h2>Software Packages used:</h2>

Package Vendor: ARM
                http://www.keil.com/pack/ARM.CMSIS.5.2.0.pack
                ARM::CMSIS:CORE:5.0.2
                CMSIS (Cortex Microcontroller Software Interface Standard)
   * Component: CORE Version: 5.0.2

<h2>Collection of Component include folders:</h2>
  .\RTE\_MB_Starter
  D:\Programs Install\keil\ARM\PACK\ARM\CMSIS\5.2.0\CMSIS\Include
  D:\Programs Install\keil\ARM\PACK\Keil\STM32F7xx_DFP\2.9.0\Drivers\CMSIS\Device\ST\STM32F7xx\Include

<h2>Collection of Component Files used:</h2>

   * Component: ARM::CMSIS:CORE:5.0.2
Build Time Elapsed:  00:00:11
</pre>
</body>
</html>
