<html>
<body>
<pre>
<h1>µVision Build Log</h1>
<h2>Tool Versions:</h2>
IDE-Version: µVision V5.23.0.0
Copyright (C) 2017 ARM Ltd and ARM Germany GmbH. All rights reserved.
License Information: Rooholla Khorram, -, LIC=Z3CQD-8RZ3B-76JQT-RN7R3-9DMA0-37KN6
 
Tool Versions:
Toolchain:       MDK-ARM Professional  Version: 5.23
Toolchain Path:  D:\Programs Install\keil\ARM\ARMCC\Bin
C Compiler:      Armcc.exe V5.06 update 4 (build 422)
Assembler:       Armasm.exe V5.06 update 4 (build 422)
Linker/Locator:  ArmLink.exe V5.06 update 4 (build 422)
Library Manager: ArmAr.exe V5.06 update 4 (build 422)
Hex Converter:   FromElf.exe V5.06 update 4 (build 422)
CPU DLL:         SARMCM3.DLL V5.23
Dialog DLL:      DCM.DLL V1.15.0.0
Target DLL:      STLink\ST-LINKIII-KEIL_SWO.dll V2.0.18.0
Dialog DLL:      TCM.DLL V1.27.0.0
 
<h2>Project:</h2>
C:\Users\Asus\Desktop\Temp_project\DAQ_Projects\ARAS_CDRPM_DAQ_SYSTEM\MotherBoard\Code\MDK-ARM\MB_Starter.uvprojx
Project File Date:  04/08/2019

<h2>Output:</h2>
*** Using Compiler 'V5.06 update 4 (build 422)', folder: 'D:\Programs Install\keil\ARM\ARMCC\Bin'
Build target 'MB_Starter'
compiling main.c...
..\MDK-ARM\power_manager.h(8): warning:  #1-D: last line of file ends without a newline
  #endif
../Src/main.c(245): warning:  #177-D: variable "data"  was declared but never referenced
  	uint8_t data[2]={1 , 2};
../Src/main.c: 2 warnings, 0 errors
linking...
Program Size: Code=49080 RO-data=1100 RW-data=328 ZI-data=29016  
FromELF: creating hex file...
"MB_Starter\MB_Starter.axf" - 0 Error(s), 2 Warning(s).

<h2>Software Packages used:</h2>

Package Vendor: ARM
                http://www.keil.com/pack/ARM.CMSIS.5.2.0.pack
                ARM::CMSIS:CORE:5.0.2
                CMSIS (Cortex Microcontroller Software Interface Standard)
   * Component: CORE Version: 5.0.2

<h2>Collection of Component include folders:</h2>
  .\RTE\_MB_Starter
  D:\Programs Install\keil\ARM\PACK\ARM\CMSIS\5.2.0\CMSIS\Include
  D:\Programs Install\keil\ARM\PACK\Keil\STM32F7xx_DFP\2.9.0\Drivers\CMSIS\Device\ST\STM32F7xx\Include

<h2>Collection of Component Files used:</h2>

   * Component: ARM::CMSIS:CORE:5.0.2
Build Time Elapsed:  00:00:02
</pre>
</body>
</html>
