Component: ARM Compiler 5.06 update 4 (build 422) Tool: armlink [4d35d2]

==============================================================================

Section Cross References

    startup_stm32f746xx.o(RESET) refers to startup_stm32f746xx.o(STACK) for __initial_sp
    startup_stm32f746xx.o(RESET) refers to startup_stm32f746xx.o(.text) for Reset_Handler
    startup_stm32f746xx.o(RESET) refers to stm32f7xx_it.o(i.NMI_Handler) for NMI_Handler
    startup_stm32f746xx.o(RESET) refers to stm32f7xx_it.o(i.HardFault_Handler) for HardFault_Handler
    startup_stm32f746xx.o(RESET) refers to stm32f7xx_it.o(i.MemManage_Handler) for MemManage_Handler
    startup_stm32f746xx.o(RESET) refers to stm32f7xx_it.o(i.BusFault_Handler) for BusFault_Handler
    startup_stm32f746xx.o(RESET) refers to stm32f7xx_it.o(i.UsageFault_Handler) for UsageFault_Handler
    startup_stm32f746xx.o(RESET) refers to stm32f7xx_it.o(i.SVC_Handler) for SVC_Handler
    startup_stm32f746xx.o(RESET) refers to stm32f7xx_it.o(i.DebugMon_Handler) for DebugMon_Handler
    startup_stm32f746xx.o(RESET) refers to stm32f7xx_it.o(i.PendSV_Handler) for PendSV_Handler
    startup_stm32f746xx.o(RESET) refers to stm32f7xx_it.o(i.SysTick_Handler) for SysTick_Handler
    startup_stm32f746xx.o(RESET) refers to stm32f7xx_it.o(i.EXTI4_IRQHandler) for EXTI4_IRQHandler
    startup_stm32f746xx.o(RESET) refers to stm32f7xx_it.o(i.DMA1_Stream1_IRQHandler) for DMA1_Stream1_IRQHandler
    startup_stm32f746xx.o(RESET) refers to stm32f7xx_it.o(i.DMA1_Stream3_IRQHandler) for DMA1_Stream3_IRQHandler
    startup_stm32f746xx.o(RESET) refers to stm32f7xx_it.o(i.CAN1_TX_IRQHandler) for CAN1_TX_IRQHandler
    startup_stm32f746xx.o(RESET) refers to stm32f7xx_it.o(i.CAN1_RX0_IRQHandler) for CAN1_RX0_IRQHandler
    startup_stm32f746xx.o(RESET) refers to stm32f7xx_it.o(i.CAN1_RX1_IRQHandler) for CAN1_RX1_IRQHandler
    startup_stm32f746xx.o(RESET) refers to stm32f7xx_it.o(i.EXTI9_5_IRQHandler) for EXTI9_5_IRQHandler
    startup_stm32f746xx.o(RESET) refers to stm32f7xx_it.o(i.TIM4_IRQHandler) for TIM4_IRQHandler
    startup_stm32f746xx.o(RESET) refers to stm32f7xx_it.o(i.EXTI15_10_IRQHandler) for EXTI15_10_IRQHandler
    startup_stm32f746xx.o(RESET) refers to stm32f7xx_it.o(i.TIM8_UP_TIM13_IRQHandler) for TIM8_UP_TIM13_IRQHandler
    startup_stm32f746xx.o(RESET) refers to stm32f7xx_it.o(i.TIM8_TRG_COM_TIM14_IRQHandler) for TIM8_TRG_COM_TIM14_IRQHandler
    startup_stm32f746xx.o(RESET) refers to stm32f7xx_it.o(i.DMA1_Stream7_IRQHandler) for DMA1_Stream7_IRQHandler
    startup_stm32f746xx.o(RESET) refers to stm32f7xx_it.o(i.DMA2_Stream0_IRQHandler) for DMA2_Stream0_IRQHandler
    startup_stm32f746xx.o(RESET) refers to stm32f7xx_it.o(i.DMA2_Stream3_IRQHandler) for DMA2_Stream3_IRQHandler
    startup_stm32f746xx.o(RESET) refers to stm32f7xx_it.o(i.UART7_IRQHandler) for UART7_IRQHandler
    startup_stm32f746xx.o(.text) refers to system_stm32f7xx.o(i.SystemInit) for SystemInit
    startup_stm32f746xx.o(.text) refers to entry.o(.ARM.Collect$$$$00000000) for __main
    spi_stack.o(i.IMP_Write) refers to spi_stack.o(i.regWrite) for regWrite
    spi_stack.o(i.IMP_Write) refers to spi_stack.o(.bss) for .bss
    spi_stack.o(i.IMU_Write) refers to spi_stack.o(i.regWrite) for regWrite
    spi_stack.o(i.IMU_Write) refers to spi_stack.o(.bss) for .bss
    spi_stack.o(i.RPUs_Write) refers to spi_stack.o(i.regWrite) for regWrite
    spi_stack.o(i.RPUs_Write) refers to spi_stack.o(.bss) for .bss
    spi_stack.o(i.SlidersRead) refers to spi_stack.o(i.regRead) for regRead
    spi_stack.o(i.SlidersRead) refers to spi_stack.o(.data) for .data
    spi_stack.o(i.gui_spi_get_register) refers to spi_stack.o(.bss) for .bss
    spi_stack.o(i.gui_spi_set_register) refers to spi_stack.o(.bss) for .bss
    spi_stack.o(i.readKeys) refers to spi_stack.o(i.regRead) for regRead
    spi_stack.o(i.readKeys) refers to spi_stack.o(.data) for .data
    spi_stack.o(i.regRead) refers to memcpya.o(.text) for __aeabi_memcpy
    spi_stack.o(i.regRead) refers to spi_stack.o(.bss) for .bss
    spi_stack.o(i.regWrite) refers to memcpya.o(.text) for __aeabi_memcpy
    spi_stack.o(i.regWrite) refers to spi_stack.o(.bss) for .bss
    spi_stack.o(i.spi_out_shadow_update) refers to memcpya.o(.text) for __aeabi_memcpy4
    spi_stack.o(i.spi_out_shadow_update) refers to spi_stack.o(.bss) for .bss
    spi_stack.o(i.spi_set_rx_chache_register) refers to spi_stack.o(.bss) for .bss
    spi_stack.o(i.spi_stack_CS_Mng) refers to stm32f7xx_hal_gpio.o(i.HAL_GPIO_ReadPin) for HAL_GPIO_ReadPin
    spi_stack.o(i.spi_stack_CS_Mng) refers to stm32f7xx_hal_spi.o(i.HAL_SPI_DMAStop) for HAL_SPI_DMAStop
    spi_stack.o(i.spi_stack_CS_Mng) refers to memcpya.o(.text) for __aeabi_memcpy4
    spi_stack.o(i.spi_stack_CS_Mng) refers to stm32f7xx_hal_spi.o(i.HAL_SPI_TransmitReceive_DMA) for HAL_SPI_TransmitReceive_DMA
    spi_stack.o(i.spi_stack_CS_Mng) refers to main.o(.bss) for hspi1
    spi_stack.o(i.spi_stack_CS_Mng) refers to spi_stack.o(.bss) for .bss
[...]
    I2C4_EV_IRQHandler                       0x080001f7   Thumb Code     0  startup_stm32f746xx.o(.text)
    LPTIM1_IRQHandler                        0x080001f7   Thumb Code     0  startup_stm32f746xx.o(.text)
    LTDC_ER_IRQHandler                       0x080001f7   Thumb Code     0  startup_stm32f746xx.o(.text)
    LTDC_IRQHandler                          0x080001f7   Thumb Code     0  startup_stm32f746xx.o(.text)
    OTG_FS_IRQHandler                        0x080001f7   Thumb Code     0  startup_stm32f746xx.o(.text)
    OTG_FS_WKUP_IRQHandler                   0x080001f7   Thumb Code     0  startup_stm32f746xx.o(.text)
    OTG_HS_EP1_IN_IRQHandler                 0x080001f7   Thumb Code     0  startup_stm32f746xx.o(.text)
    OTG_HS_EP1_OUT_IRQHandler                0x080001f7   Thumb Code     0  startup_stm32f746xx.o(.text)
    OTG_HS_IRQHandler                        0x080001f7   Thumb Code     0  startup_stm32f746xx.o(.text)
    OTG_HS_WKUP_IRQHandler                   0x080001f7   Thumb Code     0  startup_stm32f746xx.o(.text)
    PVD_IRQHandler                           0x080001f7   Thumb Code     0  startup_stm32f746xx.o(.text)
    QUADSPI_IRQHandler                       0x080001f7   Thumb Code     0  startup_stm32f746xx.o(.text)
    RCC_IRQHandler                           0x080001f7   Thumb Code     0  startup_stm32f746xx.o(.text)
    RNG_IRQHandler                           0x080001f7   Thumb Code     0  startup_stm32f746xx.o(.text)
    RTC_Alarm_IRQHandler                     0x080001f7   Thumb Code     0  startup_stm32f746xx.o(.text)
    RTC_WKUP_IRQHandler                      0x080001f7   Thumb Code     0  startup_stm32f746xx.o(.text)
    SAI1_IRQHandler                          0x080001f7   Thumb Code     0  startup_stm32f746xx.o(.text)
    SAI2_IRQHandler                          0x080001f7   Thumb Code     0  startup_stm32f746xx.o(.text)
    SDMMC1_IRQHandler                        0x080001f7   Thumb Code     0  startup_stm32f746xx.o(.text)
    SPDIF_RX_IRQHandler                      0x080001f7   Thumb Code     0  startup_stm32f746xx.o(.text)
    SPI1_IRQHandler                          0x080001f7   Thumb Code     0  startup_stm32f746xx.o(.text)
    SPI2_IRQHandler                          0x080001f7   Thumb Code     0  startup_stm32f746xx.o(.text)
    SPI3_IRQHandler                          0x080001f7   Thumb Code     0  startup_stm32f746xx.o(.text)
    SPI4_IRQHandler                          0x080001f7   Thumb Code     0  startup_stm32f746xx.o(.text)
    SPI5_IRQHandler                          0x080001f7   Thumb Code     0  startup_stm32f746xx.o(.text)
    SPI6_IRQHandler                          0x080001f7   Thumb Code     0  startup_stm32f746xx.o(.text)
    TAMP_STAMP_IRQHandler                    0x080001f7   Thumb Code     0  startup_stm32f746xx.o(.text)
    TIM1_BRK_TIM9_IRQHandler                 0x080001f7   Thumb Code     0  startup_stm32f746xx.o(.text)
    TIM1_CC_IRQHandler                       0x080001f7   Thumb Code     0  startup_stm32f746xx.o(.text)
    TIM1_TRG_COM_TIM11_IRQHandler            0x080001f7   Thumb Code     0  startup_stm32f746xx.o(.text)
    TIM1_UP_TIM10_IRQHandler                 0x080001f7   Thumb Code     0  startup_stm32f746xx.o(.text)
    TIM2_IRQHandler                          0x080001f7   Thumb Code     0  startup_stm32f746xx.o(.text)
    TIM3_IRQHandler                          0x080001f7   Thumb Code     0  startup_stm32f746xx.o(.text)
    TIM5_IRQHandler                          0x080001f7   Thumb Code     0  startup_stm32f746xx.o(.text)
    TIM6_DAC_IRQHandler                      0x080001f7   Thumb Code     0  startup_stm32f746xx.o(.text)
    TIM7_IRQHandler                          0x080001f7   Thumb Code     0  startup_stm32f746xx.o(.text)
    TIM8_BRK_TIM12_IRQHandler                0x080001f7   Thumb Code     0  startup_stm32f746xx.o(.text)
    TIM8_CC_IRQHandler                       0x080001f7   Thumb Code     0  startup_stm32f746xx.o(.text)
    UART4_IRQHandler                         0x080001f7   Thumb Code     0  startup_stm32f746xx.o(.text)
    UART5_IRQHandler                         0x080001f7   Thumb Code     0  startup_stm32f746xx.o(.text)
    UART8_IRQHandler                         0x080001f7   Thumb Code     0  startup_stm32f746xx.o(.text)
    USART1_IRQHandler                        0x080001f7   Thumb Code     0  startup_stm32f746xx.o(.text)
    USART2_IRQHandler                        0x080001f7   Thumb Code     0  startup_stm32f746xx.o(.text)
    USART3_IRQHandler                        0x080001f7   Thumb Code     0  startup_stm32f746xx.o(.text)
    USART6_IRQHandler                        0x080001f7   Thumb Code     0  startup_stm32f746xx.o(.text)
    WWDG_IRQHandler                          0x080001f7   Thumb Code     0  startup_stm32f746xx.o(.text)
    __aeabi_uldivmod                         0x08000201   Thumb Code    98  uldiv.o(.text)
    __aeabi_memcpy                           0x08000263   Thumb Code    36  memcpya.o(.text)
    __aeabi_memcpy4                          0x08000263   Thumb Code     0  memcpya.o(.text)
    __aeabi_memcpy8                          0x08000263   Thumb Code     0  memcpya.o(.text)
    __aeabi_memset                           0x08000287   Thumb Code    14  memseta.o(.text)
    __aeabi_memset4                          0x08000287   Thumb Code     0  memseta.o(.text)
    __aeabi_memset8                          0x08000287   Thumb Code     0  memseta.o(.text)
    __aeabi_memclr                           0x08000295   Thumb Code     4  memseta.o(.text)
    __aeabi_memclr4                          0x08000295   Thumb Code     0  memseta.o(.text)
    __aeabi_memclr8                          0x08000295   Thumb Code     0  memseta.o(.text)
    _memset$wrapper                          0x08000299   Thumb Code    18  memseta.o(.text)
    memcmp                                   0x080002ab   Thumb Code    26  memcmp.o(.text)
    __aeabi_uidiv                            0x080002c5   Thumb Code     0  uidiv.o(.text)
    __aeabi_uidivmod                         0x080002c5   Thumb Code    44  uidiv.o(.text)
    __aeabi_llsl                             0x080002f1   Thumb Code    30  llshl.o(.text)
    _ll_shift_l                              0x080002f1   Thumb Code     0  llshl.o(.text)
    __aeabi_llsr                             0x0800030f   Thumb Code    32  llushr.o(.text)
    _ll_ushift_r                             0x0800030f   Thumb Code     0  llushr.o(.text)
    __scatterload                            0x08000331   Thumb Code    28  init.o(.text)
    __scatterload_rt2                        0x08000331   Thumb Code     0  init.o(.text)
    __I$use$semihosting$fputc                0x08000355   Thumb Code     0  iusesemip.o(.text)
    __decompress                             0x08000355   Thumb Code     0  __dczerorl.o(.text)
    __decompress0                            0x08000355   Thumb Code    58  __dczerorl.o(.text)
    __semihosting_library_function           0x08000355   Thumb Code     0  semi.o(.text)
    BusFault_Handler                         0x0800038f   Thumb Code     2  stm32f7xx_it.o(i.BusFault_Handler)
    CAN1_RX0_IRQHandler                      0x08000391   Thumb Code     6  stm32f7xx_it.o(i.CAN1_RX0_IRQHandler)
    CAN1_RX1_IRQHandler                      0x0800039d   Thumb Code     6  stm32f7xx_it.o(i.CAN1_RX1_IRQHandler)
    CAN1_TX_IRQHandler                       0x080003a9   Thumb Code     6  stm32f7xx_it.o(i.CAN1_TX_IRQHandler)
    CAN_CARDS_INIT                           0x080003b5   Thumb Code    48  can_card.o(i.CAN_CARDS_INIT)
    CC_Interrupt_rutine                      0x080003ed   Thumb Code    42  can_card.o(i.CC_Interrupt_rutine)
    Camera_TimeStamp                         0x08000419   Thumb Code     6  time_keeper.o(i.Camera_TimeStamp)
    DMA1_Stream1_IRQHandler                  0x08000425   Thumb Code     6  stm32f7xx_it.o(i.DMA1_Stream1_IRQHandler)
    DMA1_Stream3_IRQHandler                  0x08000431   Thumb Code     6  stm32f7xx_it.o(i.DMA1_Stream3_IRQHandler)
    DMA1_Stream7_IRQHandler                  0x0800043d   Thumb Code     6  stm32f7xx_it.o(i.DMA1_Stream7_IRQHandler)
    DMA2_Stream0_IRQHandler                  0x08000449   Thumb Code     6  stm32f7xx_it.o(i.DMA2_Stream0_IRQHandler)
    DMA2_Stream3_IRQHandler                  0x08000455   Thumb Code     6  stm32f7xx_it.o(i.DMA2_Stream3_IRQHandler)
    DebugMon_Handler                         0x08000505   Thumb Code     2  stm32f7xx_it.o(i.DebugMon_Handler)
    EXTI15_10_IRQHandler                     0x08000659   Thumb Code     8  stm32f7xx_it.o(i.EXTI15_10_IRQHandler)
    EXTI4_IRQHandler                         0x08000661   Thumb Code     6  stm32f7xx_it.o(i.EXTI4_IRQHandler)
    EXTI9_5_IRQHandler                       0x08000667   Thumb Code    40  stm32f7xx_it.o(i.EXTI9_5_IRQHandler)
    Error_Handler                            0x0800068f   Thumb Code     2  main.o(i.Error_Handler)
    HAL_CAN_ActivateNotification             0x08000691   Thumb Code    36  stm32f7xx_hal_can.o(i.HAL_CAN_ActivateNotification)
    HAL_CAN_ConfigFilter                     0x080006b5   Thumb Code   262  stm32f7xx_hal_can.o(i.HAL_CAN_ConfigFilter)
    HAL_CAN_ErrorCallback                    0x080007c1   Thumb Code     2  stm32f7xx_hal_can.o(i.HAL_CAN_ErrorCallback)
    HAL_CAN_GetRxMessage                     0x080007c5   Thumb Code   250  stm32f7xx_hal_can.o(i.HAL_CAN_GetRxMessage)
    HAL_CAN_IRQHandler                       0x080008bf   Thumb Code   508  stm32f7xx_hal_can.o(i.HAL_CAN_IRQHandler)
    HAL_CAN_Init                             0x08000abb   Thumb Code   282  stm32f7xx_hal_can.o(i.HAL_CAN_Init)
    HAL_CAN_MspInit                          0x08000bd5   Thumb Code   136  stm32f7xx_hal_msp.o(i.HAL_CAN_MspInit)
    HAL_CAN_RxFifo0FullCallback              0x08000c69   Thumb Code     2  stm32f7xx_hal_can.o(i.HAL_CAN_RxFifo0FullCallback)
    HAL_CAN_RxFifo0MsgPendingCallback        0x08000c6b   Thumb Code     4  main.o(i.HAL_CAN_RxFifo0MsgPendingCallback)
    HAL_CAN_RxFifo1FullCallback              0x08000c6f   Thumb Code     2  stm32f7xx_hal_can.o(i.HAL_CAN_RxFifo1FullCallback)
    HAL_CAN_RxFifo1MsgPendingCallback        0x08000c71   Thumb Code     2  stm32f7xx_hal_can.o(i.HAL_CAN_RxFifo1MsgPendingCallback)
    HAL_CAN_SleepCallback                    0x08000c73   Thumb Code     2  stm32f7xx_hal_can.o(i.HAL_CAN_SleepCallback)
    HAL_CAN_Start                            0x08000c75   Thumb Code    88  stm32f7xx_hal_can.o(i.HAL_CAN_Start)
    HAL_CAN_TxMailbox0AbortCallback          0x08000ccd   Thumb Code     2  stm32f7xx_hal_can.o(i.HAL_CAN_TxMailbox0AbortCallback)
    HAL_CAN_TxMailbox0CompleteCallback       0x08000ccf   Thumb Code     2  stm32f7xx_hal_can.o(i.HAL_CAN_TxMailbox0CompleteCallback)
    HAL_CAN_TxMailbox1AbortCallback          0x08000cd1   Thumb Code     2  stm32f7xx_hal_can.o(i.HAL_CAN_TxMailbox1AbortCallback)
    HAL_CAN_TxMailbox1CompleteCallback       0x08000cd3   Thumb Code     2  stm32f7xx_hal_can.o(i.HAL_CAN_TxMailbox1CompleteCallback)
    HAL_CAN_TxMailbox2AbortCallback          0x08000cd5   Thumb Code     2  stm32f7xx_hal_can.o(i.HAL_CAN_TxMailbox2AbortCallback)
    HAL_CAN_TxMailbox2CompleteCallback       0x08000cd7   Thumb Code     2  stm32f7xx_hal_can.o(i.HAL_CAN_TxMailbox2CompleteCallback)
    HAL_CAN_WakeUpFromRxMsgCallback          0x08000cd9   Thumb Code     2  stm32f7xx_hal_can.o(i.HAL_CAN_WakeUpFromRxMsgCallback)
    HAL_DMA_Abort                            0x08000cdb   Thumb Code   146  stm32f7xx_hal_dma.o(i.HAL_DMA_Abort)
    HAL_DMA_Abort_IT                         0x08000d6d   Thumb Code    36  stm32f7xx_hal_dma.o(i.HAL_DMA_Abort_IT)
    HAL_DMA_GetError                         0x08000d91   Thumb Code     4  stm32f7xx_hal_dma.o(i.HAL_DMA_GetError)
    HAL_DMA_IRQHandler                       0x08000d95   Thumb Code   412  stm32f7xx_hal_dma.o(i.HAL_DMA_IRQHandler)
    HAL_DMA_Init                             0x08000f35   Thumb Code   222  stm32f7xx_hal_dma.o(i.HAL_DMA_Init)
    HAL_DMA_Start_IT                         0x08001019   Thumb Code   122  stm32f7xx_hal_dma.o(i.HAL_DMA_Start_IT)
    HAL_Delay                                0x08001095   Thumb Code    32  stm32f7xx_hal.o(i.HAL_Delay)
    HAL_ETH_DMARxDescListInit                0x080010b9   Thumb Code   116  stm32f7xx_hal_eth.o(i.HAL_ETH_DMARxDescListInit)
    HAL_ETH_DMATxDescListInit                0x0800112d   Thumb Code   132  stm32f7xx_hal_eth.o(i.HAL_ETH_DMATxDescListInit)
    HAL_ETH_GetReceivedFrame                 0x080011b1   Thumb Code   126  stm32f7xx_hal_eth.o(i.HAL_ETH_GetReceivedFrame)
    HAL_ETH_Init                             0x08001231   Thumb Code   454  stm32f7xx_hal_eth.o(i.HAL_ETH_Init)
    HAL_ETH_MspInit                          0x08001421   Thumb Code   196  ethernetif.o(i.HAL_ETH_MspInit)
    HAL_ETH_ReadPHYRegister                  0x080014fd   Thumb Code   134  stm32f7xx_hal_eth.o(i.HAL_ETH_ReadPHYRegister)
    HAL_ETH_Start                            0x08001583   Thumb Code   132  stm32f7xx_hal_eth.o(i.HAL_ETH_Start)
    HAL_ETH_TransmitFrame                    0x08001607   Thumb Code   274  stm32f7xx_hal_eth.o(i.HAL_ETH_TransmitFrame)
    HAL_ETH_WritePHYRegister                 0x08001719   Thumb Code   122  stm32f7xx_hal_eth.o(i.HAL_ETH_WritePHYRegister)
    HAL_GPIO_EXTI_Callback                   0x08001795   Thumb Code    28  main.o(i.HAL_GPIO_EXTI_Callback)
    HAL_GPIO_EXTI_IRQHandler                 0x080017b5   Thumb Code    18  stm32f7xx_hal_gpio.o(i.HAL_GPIO_EXTI_IRQHandler)
    HAL_GPIO_Init                            0x080017cd   Thumb Code   418  stm32f7xx_hal_gpio.o(i.HAL_GPIO_Init)
    HAL_GPIO_ReadPin                         0x080019a5   Thumb Code    10  stm32f7xx_hal_gpio.o(i.HAL_GPIO_ReadPin)
    HAL_GPIO_WritePin                        0x080019af   Thumb Code    10  stm32f7xx_hal_gpio.o(i.HAL_GPIO_WritePin)
    HAL_GetTick                              0x080019b9   Thumb Code     6  stm32f7xx_hal.o(i.HAL_GetTick)
    HAL_IncTick                              0x080019c5   Thumb Code    12  stm32f7xx_hal.o(i.HAL_IncTick)
    HAL_Init                                 0x080019d5   Thumb Code    22  stm32f7xx_hal.o(i.HAL_Init)
    HAL_InitTick                             0x080019ed   Thumb Code    54  stm32f7xx_hal.o(i.HAL_InitTick)
    HAL_MspInit                              0x08001a2d   Thumb Code    42  stm32f7xx_hal_msp.o(i.HAL_MspInit)
    HAL_NVIC_EnableIRQ                       0x08001a5d   Thumb Code    26  stm32f7xx_hal_cortex.o(i.HAL_NVIC_EnableIRQ)
    HAL_NVIC_SetPriority                     0x08001a79   Thumb Code    60  stm32f7xx_hal_cortex.o(i.HAL_NVIC_SetPriority)
    HAL_NVIC_SetPriorityGrouping             0x08001ab9   Thumb Code    28  stm32f7xx_hal_cortex.o(i.HAL_NVIC_SetPriorityGrouping)
    HAL_PWREx_EnableOverDrive                0x08001add   Thumb Code   100  stm32f7xx_hal_pwr_ex.o(i.HAL_PWREx_EnableOverDrive)
    HAL_PWR_EnableBkUpAccess                 0x08001b49   Thumb Code    12  stm32f7xx_hal_pwr.o(i.HAL_PWR_EnableBkUpAccess)
    HAL_RCCEx_PeriphCLKConfig                0x08001b59   Thumb Code  1276  stm32f7xx_hal_rcc_ex.o(i.HAL_RCCEx_PeriphCLKConfig)
    HAL_RCC_ClockConfig                      0x08002055   Thumb Code   282  stm32f7xx_hal_rcc.o(i.HAL_RCC_ClockConfig)
    HAL_RCC_GetHCLKFreq                      0x08002181   Thumb Code     6  stm32f7xx_hal_rcc.o(i.HAL_RCC_GetHCLKFreq)
    HAL_RCC_GetPCLK1Freq                     0x0800218d   Thumb Code    20  stm32f7xx_hal_rcc.o(i.HAL_RCC_GetPCLK1Freq)
    HAL_RCC_GetPCLK2Freq                     0x080021ad   Thumb Code    20  stm32f7xx_hal_rcc.o(i.HAL_RCC_GetPCLK2Freq)
    HAL_RCC_GetSysClockFreq                  0x080021cd   Thumb Code    88  stm32f7xx_hal_rcc.o(i.HAL_RCC_GetSysClockFreq)
    HAL_RCC_OscConfig                        0x0800222d   Thumb Code   810  stm32f7xx_hal_rcc.o(i.HAL_RCC_OscConfig)
    HAL_SPI_Init                             0x08002565   Thumb Code   196  stm32f7xx_hal_spi.o(i.HAL_SPI_Init)
    HAL_SPI_MspInit                          0x08002629   Thumb Code   354  stm32f7xx_hal_msp.o(i.HAL_SPI_MspInit)
    HAL_SPI_TransmitReceive                  0x080027b1   Thumb Code   608  stm32f7xx_hal_spi.o(i.HAL_SPI_TransmitReceive)
    HAL_SYSTICK_Config                       0x08002a11   Thumb Code    38  stm32f7xx_hal_cortex.o(i.HAL_SYSTICK_Config)
    HAL_TIMEx_Break2Callback                 0x08002a37   Thumb Code     2  stm32f7xx_hal_tim_ex.o(i.HAL_TIMEx_Break2Callback)
    HAL_TIMEx_BreakCallback                  0x08002a39   Thumb Code     2  stm32f7xx_hal_tim_ex.o(i.HAL_TIMEx_BreakCallback)
    HAL_TIMEx_CommutCallback                 0x08002a3b   Thumb Code     2  stm32f7xx_hal_tim_ex.o(i.HAL_TIMEx_CommutCallback)
    HAL_TIMEx_MasterConfigSynchronization    0x08002a3d   Thumb Code    88  stm32f7xx_hal_tim_ex.o(i.HAL_TIMEx_MasterConfigSynchronization)
    HAL_TIM_Base_Init                        0x08002a9d   Thumb Code    54  stm32f7xx_hal_tim.o(i.HAL_TIM_Base_Init)
    HAL_TIM_Base_MspInit                     0x08002ad5   Thumb Code    86  stm32f7xx_hal_msp.o(i.HAL_TIM_Base_MspInit)
    HAL_TIM_Base_Start                       0x08002b39   Thumb Code    42  stm32f7xx_hal_tim.o(i.HAL_TIM_Base_Start)
    HAL_TIM_Base_Start_IT                    0x08002b69   Thumb Code    40  stm32f7xx_hal_tim.o(i.HAL_TIM_Base_Start_IT)
    HAL_TIM_Encoder_Init                     0x08002b95   Thumb Code   162  stm32f7xx_hal_tim.o(i.HAL_TIM_Encoder_Init)
    HAL_TIM_Encoder_MspInit                  0x08002c3d   Thumb Code   106  stm32f7xx_hal_msp.o(i.HAL_TIM_Encoder_MspInit)
    HAL_TIM_IC_CaptureCallback               0x08002cb5   Thumb Code     2  stm32f7xx_hal_tim.o(i.HAL_TIM_IC_CaptureCallback)
    HAL_TIM_IRQHandler                       0x08002cb7   Thumb Code   386  stm32f7xx_hal_tim.o(i.HAL_TIM_IRQHandler)
    HAL_TIM_MspPostInit                      0x08002e39   Thumb Code   108  stm32f7xx_hal_msp.o(i.HAL_TIM_MspPostInit)
    HAL_TIM_OC_DelayElapsedCallback          0x08002eb1   Thumb Code     2  stm32f7xx_hal_tim.o(i.HAL_TIM_OC_DelayElapsedCallback)
    HAL_TIM_PWM_ConfigChannel                0x08002eb3   Thumb Code   296  stm32f7xx_hal_tim.o(i.HAL_TIM_PWM_ConfigChannel)
    HAL_TIM_PWM_Init                         0x08002fdb   Thumb Code    54  stm32f7xx_hal_tim.o(i.HAL_TIM_PWM_Init)
    HAL_TIM_PWM_MspInit                      0x08003011   Thumb Code    52  stm32f7xx_hal_msp.o(i.HAL_TIM_PWM_MspInit)
    HAL_TIM_PWM_PulseFinishedCallback        0x0800304d   Thumb Code     2  stm32f7xx_hal_tim.o(i.HAL_TIM_PWM_PulseFinishedCallback)
    HAL_TIM_PWM_Start                        0x08003051   Thumb Code    64  stm32f7xx_hal_tim.o(i.HAL_TIM_PWM_Start)
    HAL_TIM_PeriodElapsedCallback            0x0800309d   Thumb Code     2  stm32f7xx_hal_tim.o(i.HAL_TIM_PeriodElapsedCallback)
    HAL_TIM_TriggerCallback                  0x0800309f   Thumb Code     2  stm32f7xx_hal_tim.o(i.HAL_TIM_TriggerCallback)
    HAL_UART_DMAStop                         0x080030a1   Thumb Code   112  stm32f7xx_hal_uart.o(i.HAL_UART_DMAStop)
    HAL_UART_ErrorCallback                   0x08003111   Thumb Code     2  stm32f7xx_hal_uart.o(i.HAL_UART_ErrorCallback)
    HAL_UART_IRQHandler                      0x08003115   Thumb Code   292  stm32f7xx_hal_uart.o(i.HAL_UART_IRQHandler)
    HAL_UART_Init                            0x0800323d   Thumb Code   102  stm32f7xx_hal_uart.o(i.HAL_UART_Init)
    HAL_UART_MspInit                         0x080032a5   Thumb Code   444  stm32f7xx_hal_msp.o(i.HAL_UART_MspInit)
    HAL_UART_Transmit_DMA                    0x0800348d   Thumb Code   134  stm32f7xx_hal_uart.o(i.HAL_UART_Transmit_DMA)
    HAL_UART_TxCpltCallback                  0x08003521   Thumb Code     2  stm32f7xx_hal_uart.o(i.HAL_UART_TxCpltCallback)
    HAL_UART_TxHalfCpltCallback              0x08003523   Thumb Code     2  stm32f7xx_hal_uart.o(i.HAL_UART_TxHalfCpltCallback)
    HardFault_Handler                        0x08003525   Thumb Code     2  stm32f7xx_it.o(i.HardFault_Handler)
    IMU_Tick                                 0x08003529   Thumb Code    16  time_keeper.o(i.IMU_Tick)
    IMU_TimeStamp                            0x0800353d   Thumb Code     6  time_keeper.o(i.IMU_TimeStamp)
    MX_LWIP_Init                             0x08003845   Thumb Code   230  lwip.o(i.MX_LWIP_Init)
    MX_LWIP_Process                          0x0800393d   Thumb Code    16  lwip.o(i.MX_LWIP_Process)
    MemManage_Handler                        0x08003b79   Thumb Code     2  stm32f7xx_it.o(i.MemManage_Handler)
    Micros                                   0x08003b7d   Thumb Code    16  time_keeper.o(i.Micros)
    NMI_Handler                              0x08003b91   Thumb Code     2  stm32f7xx_it.o(i.NMI_Handler)
    PendSV_Handler                           0x08003b93   Thumb Code     2  stm32f7xx_it.o(i.PendSV_Handler)
    RPU_Tick                                 0x08003b95   Thumb Code    16  time_keeper.o(i.RPU_Tick)
    RPU_TimeStamp                            0x08003ba9   Thumb Code     6  time_keeper.o(i.RPU_TimeStamp)
    SVC_Handler                              0x08003d27   Thumb Code     2  stm32f7xx_it.o(i.SVC_Handler)
    SysTick_Handler                          0x08003d29   Thumb Code     4  stm32f7xx_it.o(i.SysTick_Handler)
    SystemClock_Config                       0x08003d2d   Thumb Code   158  main.o(i.SystemClock_Config)
    SystemInit                               0x08003dd5   Thumb Code    68  system_stm32f7xx.o(i.SystemInit)
    TIM4_IRQHandler                          0x08003e29   Thumb Code    30  stm32f7xx_it.o(i.TIM4_IRQHandler)
    TIM8_TRG_COM_TIM14_IRQHandler            0x08003e51   Thumb Code    22  stm32f7xx_it.o(i.TIM8_TRG_COM_TIM14_IRQHandler)
    TIM8_UP_TIM13_IRQHandler                 0x08003e71   Thumb Code    16  stm32f7xx_it.o(i.TIM8_UP_TIM13_IRQHandler)
    TIM_Base_SetConfig                       0x08003e85   Thumb Code   158  stm32f7xx_hal_tim.o(i.TIM_Base_SetConfig)
    TIM_CCxChannelCmd                        0x08003f51   Thumb Code    26  stm32f7xx_hal_tim.o(i.TIM_CCxChannelCmd)
    TIM_OC2_SetConfig                        0x08003fe1   Thumb Code   108  stm32f7xx_hal_tim.o(i.TIM_OC2_SetConfig)
    UART7_IRQHandler                         0x080041d9   Thumb Code     6  stm32f7xx_it.o(i.UART7_IRQHandler)
    UART_AdvFeatureConfig                    0x080041e5   Thumb Code   200  stm32f7xx_hal_uart.o(i.UART_AdvFeatureConfig)
    UART_CheckIdleState                      0x080042ad   Thumb Code    60  stm32f7xx_hal_uart.o(i.UART_CheckIdleState)
    UART_SetConfig                           0x080043ad   Thumb Code   546  stm32f7xx_hal_uart.o(i.UART_SetConfig)
    UART_WaitOnFlagUntilTimeout              0x08004601   Thumb Code    96  stm32f7xx_hal_uart.o(i.UART_WaitOnFlagUntilTimeout)
    UsageFault_Handler                       0x08004661   Thumb Code     2  stm32f7xx_it.o(i.UsageFault_Handler)
    __0printf$3                              0x08004665   Thumb Code    22  printf3.o(i.__0printf$3)
    __1printf$3                              0x08004665   Thumb Code     0  printf3.o(i.__0printf$3)
    __2printf                                0x08004665   Thumb Code     0  printf3.o(i.__0printf$3)
    __scatterload_copy                       0x080046a7   Thumb Code    14  handlers.o(i.__scatterload_copy)
    __scatterload_null                       0x080046b5   Thumb Code     2  handlers.o(i.__scatterload_null)
    __scatterload_zeroinit                   0x080046b7   Thumb Code    14  handlers.o(i.__scatterload_zeroinit)
    can_stack_init                           0x0800487d   Thumb Code    74  can_telemtry.o(i.can_stack_init)
    can_stack_interrupt_rutine               0x080048c9   Thumb Code   126  can_telemtry.o(i.can_stack_interrupt_rutine)
    ccuHeartBeat                             0x08004951   Thumb Code    70  can_card.o(i.ccuHeartBeat)
    etharp_cleanup_netif                     0x08004af9   Thumb Code    42  etharp.o(i.etharp_cleanup_netif)
    etharp_input                             0x08004da5   Thumb Code   148  etharp.o(i.etharp_input)
    etharp_output                            0x08004ea9   Thumb Code   272  etharp.o(i.etharp_output)
    etharp_query                             0x08005161   Thumb Code   300  etharp.o(i.etharp_query)
    etharp_request                           0x080054a9   Thumb Code     6  etharp.o(i.etharp_request)
    etharp_tmr                               0x080054d5   Thumb Code    92  etharp.o(i.etharp_tmr)
    ethernet_input                           0x08005651   Thumb Code   154  ethernet.o(i.ethernet_input)
    ethernet_output                          0x080056f1   Thumb Code    98  ethernet.o(i.ethernet_output)
    ethernetif_init                          0x080057e9   Thumb Code    50  ethernetif.o(i.ethernetif_init)
    ethernetif_input                         0x08005871   Thumb Code    34  ethernetif.o(i.ethernetif_input)
    fputc                                    0x08005893   Thumb Code    18  fputc.o(i.fputc)
    getConversionStatus                      0x080058a5   Thumb Code    36  can_card.o(i.getConversionStatus)
    icmp_dest_unreach                        0x080058c9   Thumb Code     8  icmp.o(i.icmp_dest_unreach)
    icmp_input                               0x080058d1   Thumb Code   278  icmp.o(i.icmp_input)
    icmp_time_exceeded                       0x08005bc5   Thumb Code     8  icmp.o(i.icmp_time_exceeded)
    initiate_transaction                     0x08005bcd   Thumb Code   262  can_card.o(i.initiate_transaction)
    ip4_addr_isbroadcast_u32                 0x08005ce5   Thumb Code    46  ip4_addr.o(i.ip4_addr_isbroadcast_u32)
    ip4_frag                                 0x08005d15   Thumb Code   390  ip4_frag.o(i.ip4_frag)
    ip4_input                                0x08005f69   Thumb Code   410  ip4.o(i.ip4_input)
    ip4_output_if                            0x0800610d   Thumb Code    30  ip4.o(i.ip4_output_if)
    ip4_output_if_src                        0x0800612d   Thumb Code   206  ip4.o(i.ip4_output_if_src)
    ip4_reass                                0x0800629d   Thumb Code   432  ip4_frag.o(i.ip4_reass)
    ip4_route                                0x08006451   Thumb Code    82  ip4.o(i.ip4_route)
    ip_reass_tmr                             0x08006a69   Thumb Code    40  ip4_frag.o(i.ip_reass_tmr)
    lwip_htonl                               0x08006d91   Thumb Code     4  def.o(i.lwip_htonl)
    lwip_htons                               0x08006d95   Thumb Code     4  def.o(i.lwip_htons)
    lwip_init                                0x08006d99   Thumb Code    30  init.o(i.lwip_init)
    main                                     0x08006db9   Thumb Code   286  main.o(i.main)
    makeUdpPacket                            0x08006f05   Thumb Code   194  main.o(i.makeUdpPacket)
    mem_free                                 0x08006fdd   Thumb Code   110  mem.o(i.mem_free)
    mem_init                                 0x080070f9   Thumb Code    42  mem.o(i.mem_init)
    mem_malloc                               0x0800712d   Thumb Code   256  mem.o(i.mem_malloc)
    mem_trim                                 0x08007329   Thumb Code   246  mem.o(i.mem_trim)
    memp_free                                0x080074b5   Thumb Code    34  memp.o(i.memp_free)
    memp_init                                0x08007551   Thumb Code    26  memp.o(i.memp_init)
    memp_init_pool                           0x08007571   Thumb Code    42  memp.o(i.memp_init_pool)
    memp_malloc                              0x0800759d   Thumb Code    38  memp.o(i.memp_malloc)
    netif_add                                0x08007641   Thumb Code   106  netif.o(i.netif_add)
    netif_init                               0x08007725   Thumb Code     2  netif.o(i.netif_init)
    netif_set_addr                           0x08007741   Thumb Code    72  netif.o(i.netif_set_addr)
    netif_set_default                        0x08007789   Thumb Code     6  netif.o(i.netif_set_default)
    netif_set_down                           0x08007795   Thumb Code    26  netif.o(i.netif_set_down)
    netif_set_gw                             0x080077af   Thumb Code     8  netif.o(i.netif_set_gw)
    netif_set_ipaddr                         0x080077b9   Thumb Code    60  netif.o(i.netif_set_ipaddr)
    netif_set_netmask                        0x080077f9   Thumb Code     8  netif.o(i.netif_set_netmask)
    netif_set_up                             0x08007801   Thumb Code    28  netif.o(i.netif_set_up)
    nob_encoder_read                         0x0800781d   Thumb Code    22  stm32f7xx_it.o(i.nob_encoder_read)
    nob_encoder_reset                        0x0800783d   Thumb Code    32  stm32f7xx_it.o(i.nob_encoder_reset)
    pbuf_alloc                               0x08007865   Thumb Code   478  pbuf.o(i.pbuf_alloc)
    pbuf_alloced_custom                      0x08007be1   Thumb Code    98  pbuf.o(i.pbuf_alloced_custom)
    pbuf_cat                                 0x08007cc1   Thumb Code    96  pbuf.o(i.pbuf_cat)
    pbuf_chain                               0x08007df1   Thumb Code    18  pbuf.o(i.pbuf_chain)
    pbuf_clen                                0x08007e03   Thumb Code    18  pbuf.o(i.pbuf_clen)
    pbuf_copy                                0x08007e15   Thumb Code   242  pbuf.o(i.pbuf_copy)
    pbuf_copy_partial                        0x08008001   Thumb Code   126  pbuf.o(i.pbuf_copy_partial)
    pbuf_free                                0x0800811d   Thumb Code   174  pbuf.o(i.pbuf_free)
    pbuf_free_ooseq                          0x08008285   Thumb Code    34  pbuf.o(i.pbuf_free_ooseq)
    pbuf_header                              0x080082b1   Thumb Code     6  pbuf.o(i.pbuf_header)
    pbuf_header_force                        0x080082b7   Thumb Code     6  pbuf.o(i.pbuf_header_force)
    pbuf_realloc                             0x080083e1   Thumb Code   196  pbuf.o(i.pbuf_realloc)
    pbuf_ref                                 0x08008579   Thumb Code    32  pbuf.o(i.pbuf_ref)
    pbuf_take                                0x08008605   Thumb Code   162  pbuf.o(i.pbuf_take)
    powerManager_init                        0x08008901   Thumb Code    34  power_manager.o(i.powerManager_init)
    readSensors                              0x0800892d   Thumb Code    14  main.o(i.readSensors)
    rpuGetSensorData                         0x0800893b   Thumb Code    30  can_card.o(i.rpuGetSensorData)
    sendGuiData                              0x08008959   Thumb Code    60  main.o(i.sendGuiData)
    sendUartTelemtry                         0x0800899d   Thumb Code    22  main.o(i.sendUartTelemtry)
    sendUdpPacket                            0x080089bd   Thumb Code    50  main.o(i.sendUdpPacket)
    sensorStartConversion                    0x080089f9   Thumb Code    38  can_card.o(i.sensorStartConversion)
    spi_get_register                         0x08008a2d   Thumb Code    12  can_card.o(i.spi_get_register)
    spi_out_shadow_update                    0x08008a3d   Thumb Code    12  spi_stack.o(i.spi_out_shadow_update)
    spi_set_register                         0x08008a4d   Thumb Code    12  can_card.o(i.spi_set_register)
    sys_check_timeouts                       0x08008a5d   Thumb Code    80  timeouts.o(i.sys_check_timeouts)
    sys_now                                  0x08008ab5   Thumb Code     4  ethernetif.o(i.sys_now)
    sys_timeout                              0x08008ab9   Thumb Code   156  timeouts.o(i.sys_timeout)
    sys_timeouts_init                        0x08008bf5   Thumb Code    38  timeouts.o(i.sys_timeouts_init)
    tcp_abandon                              0x08008c29   Thumb Code   230  tcp.o(i.tcp_abandon)
    tcp_abort                                0x08008da1   Thumb Code     6  tcp.o(i.tcp_abort)
    tcp_alloc                                0x08008da9   Thumb Code   248  tcp.o(i.tcp_alloc)
    tcp_close                                0x08008ead   Thumb Code    20  tcp.o(i.tcp_close)
    tcp_eff_send_mss_impl                    0x08009231   Thumb Code    34  tcp.o(i.tcp_eff_send_mss_impl)
    tcp_enqueue_flags                        0x08009255   Thumb Code   262  tcp_out.o(i.tcp_enqueue_flags)
    tcp_fasttmr                              0x08009465   Thumb Code   102  tcp.o(i.tcp_fasttmr)
    tcp_init                                 0x08009501   Thumb Code     2  tcp.o(i.tcp_init)
    tcp_input                                0x08009505   Thumb Code  1496  tcp_in.o(i.tcp_input)
    tcp_keepalive                            0x08009b1d   Thumb Code    82  tcp_out.o(i.tcp_keepalive)
    tcp_netif_ip_addr_changed                0x08009ded   Thumb Code    72  tcp.o(i.tcp_netif_ip_addr_changed)
    tcp_next_iss                             0x08009e5d   Thumb Code    12  tcp.o(i.tcp_next_iss)
    tcp_output                               0x08009ee9   Thumb Code   562  tcp_out.o(i.tcp_output)
    tcp_pcb_purge                            0x0800a3f1   Thumb Code    66  tcp.o(i.tcp_pcb_purge)
    tcp_pcb_remove                           0x0800a435   Thumb Code   140  tcp.o(i.tcp_pcb_remove)
    tcp_process_refused_data                 0x0800a9ed   Thumb Code   108  tcp.o(i.tcp_process_refused_data)
    tcp_recv_null                            0x0800b48b   Thumb Code    36  tcp.o(i.tcp_recv_null)
    tcp_recved                               0x0800b4b1   Thumb Code   106  tcp.o(i.tcp_recved)
    tcp_rexmit                               0x0800b5c1   Thumb Code    86  tcp_out.o(i.tcp_rexmit)
    tcp_rexmit_fast                          0x0800b617   Thumb Code    88  tcp_out.o(i.tcp_rexmit_fast)
    tcp_rexmit_rto                           0x0800b66f   Thumb Code    48  tcp_out.o(i.tcp_rexmit_rto)
    tcp_rst                                  0x0800b6a1   Thumb Code   148  tcp_out.o(i.tcp_rst)
    tcp_seg_copy                             0x0800b7c1   Thumb Code    40  tcp.o(i.tcp_seg_copy)
    tcp_seg_free                             0x0800b7e9   Thumb Code    28  tcp.o(i.tcp_seg_free)
    tcp_segs_free                            0x0800b805   Thumb Code    18  tcp.o(i.tcp_segs_free)
    tcp_send_empty_ack                       0x0800b817   Thumb Code   114  tcp_out.o(i.tcp_send_empty_ack)
    tcp_send_fin                             0x0800b889   Thumb Code    68  tcp_out.o(i.tcp_send_fin)
    tcp_slowtmr                              0x0800b8cd   Thumb Code   786  tcp.o(i.tcp_slowtmr)
    tcp_timer_needed                         0x0800bda9   Thumb Code    36  timeouts.o(i.tcp_timer_needed)
    tcp_tmr                                  0x0800be45   Thumb Code    28  tcp.o(i.tcp_tmr)
    tcp_trigger_input_pcb_close              0x0800be65   Thumb Code    12  tcp_in.o(i.tcp_trigger_input_pcb_close)
    tcp_update_rcv_ann_wnd                   0x0800be75   Thumb Code    76  tcp.o(i.tcp_update_rcv_ann_wnd)
    tcp_zero_window_probe                    0x0800bf35   Thumb Code   174  tcp_out.o(i.tcp_zero_window_probe)
    timeManagerInit                          0x0800c01d   Thumb Code     8  time_keeper.o(i.timeManagerInit)
    time_keeper_interrupt_rutine             0x0800c029   Thumb Code    10  time_keeper.o(i.time_keeper_interrupt_rutine)
    udp_bind                                 0x0800c039   Thumb Code   174  udp.o(i.udp_bind)
    udp_init                                 0x0800c0f1   Thumb Code     2  udp.o(i.udp_init)
    udp_input                                0x0800c0f5   Thumb Code   294  udp.o(i.udp_input)
    udp_netif_ip_addr_changed                0x0800c291   Thumb Code    48  udp.o(i.udp_netif_ip_addr_changed)
    udp_new                                  0x0800c2c5   Thumb Code    26  udp.o(i.udp_new)
    udp_sendto                               0x0800c2df   Thumb Code    50  udp.o(i.udp_sendto)
    udp_sendto_if                            0x0800c311   Thumb Code    54  udp.o(i.udp_sendto_if)
    udp_sendto_if_src                        0x0800c349   Thumb Code   186  udp.o(i.udp_sendto_if_src)
    AHBPrescTable                            0x0800c494   Data          16  system_stm32f7xx.o(.constdata)
    APBPrescTable                            0x0800c4a4   Data           8  system_stm32f7xx.o(.constdata)
    ethbroadcast                             0x0800c4ac   Data           6  ethernet.o(.constdata)
    ethzero                                  0x0800c4b2   Data           6  ethernet.o(.constdata)
    memp_UDP_PCB                             0x0800c4b8   Data          12  memp.o(.constdata)
    memp_TCP_PCB                             0x0800c4c4   Data          12  memp.o(.constdata)
    memp_TCP_PCB_LISTEN                      0x0800c4d0   Data          12  memp.o(.constdata)
    memp_TCP_SEG                             0x0800c4dc   Data          12  memp.o(.constdata)
    memp_REASSDATA                           0x0800c4e8   Data          12  memp.o(.constdata)
    memp_FRAG_PBUF                           0x0800c4f4   Data          12  memp.o(.constdata)
    memp_SYS_TIMEOUT                         0x0800c500   Data          12  memp.o(.constdata)
    memp_PBUF                                0x0800c50c   Data          12  memp.o(.constdata)
    memp_PBUF_POOL                           0x0800c518   Data          12  memp.o(.constdata)
    memp_pools                               0x0800c524   Data          36  memp.o(.constdata)
    tcp_pcb_lists                            0x0800c58c   Data          16  tcp.o(.constdata)
    lwip_cyclic_timers                       0x0800c59c   Data          24  timeouts.o(.constdata)
    ip_addr_any                              0x0800c5b4   Data           4  ip4_addr.o(.constdata)
    Region$$Table$$Base                      0x0800c6cc   Number         0  anon$$obj.o(Region$$Table)
    Region$$Table$$Limit                     0x0800c6ec   Number         0  anon$$obj.o(Region$$Table)
    SENSOR_RX_COUNTER                        0x20000004   Data           4  can_card.o(.data)
    tick_index                               0x20000008   Data           4  time_keeper.o(.data)
    timer                                    0x2000000c   Data           4  time_keeper.o(.data)
    rpu_tick                                 0x20000010   Data           8  time_keeper.o(.data)
    camera_tick                              0x20000018   Data           8  time_keeper.o(.data)
    imu_tick                                 0x20000020   Data           8  time_keeper.o(.data)
    Barometer_Mess                           0x20000028   Data           4  can_telemtry.o(.data)
    barometer                                0x2000002c   Data           4  can_telemtry.o(.data)
    IMU_Mess                                 0x20000030   Data           6  can_telemtry.o(.data)
    accel                                    0x20000036   Data           6  can_telemtry.o(.data)
    gyro                                     0x2000003c   Data           6  can_telemtry.o(.data)
    magnetometer                             0x20000042   Data           6  can_telemtry.o(.data)
    SYNC_IN_FLAG                             0x20000048   Data           4  main.o(.data)
    UDP                                      0x20000050   Data           4  main.o(.data)
    Remote_IP                                0x20000054   Data           4  main.o(.data)
    Local_IP                                 0x20000058   Data           4  main.o(.data)
    Transmit_Pbuf                            0x2000005c   Data           4  main.o(.data)
    ipaddr                                   0x20000060   Data           4  lwip.o(.data)
    netmask                                  0x20000064   Data           4  lwip.o(.data)
    gw                                       0x20000068   Data           4  lwip.o(.data)
    IP_ADDRESS                               0x2000006c   Data           4  lwip.o(.data)
    NETMASK_ADDRESS                          0x20000070   Data           4  lwip.o(.data)
    GATEWAY_ADDRESS                          0x20000074   Data           4  lwip.o(.data)
    UDP_TFLAG                                0x20000078   Data           4  stm32f7xx_it.o(.data)
    nob_encoder_index                        0x2000007c   Data           4  stm32f7xx_it.o(.data)
    uwTickFreq                               0x20000080   Data           1  stm32f7xx_hal.o(.data)
    uwTickPrio                               0x20000084   Data           4  stm32f7xx_hal.o(.data)
    uwTick                                   0x20000088   Data           4  stm32f7xx_hal.o(.data)
    SystemCoreClock                          0x2000008c   Data           4  system_stm32f7xx.o(.data)
    netif_list                               0x200000c4   Data           4  netif.o(.data)
    netif_default                            0x200000c8   Data           4  netif.o(.data)
    pbuf_free_ooseq_pending                  0x200000cc   Data           1  pbuf.o(.data)
    tcp_active_pcbs_changed                  0x200000d0   Data           1  tcp.o(.data)
    tcp_ticks                                0x200000dc   Data           4  tcp.o(.data)
    tcp_bound_pcbs                           0x200000e0   Data           4  tcp.o(.data)
    tcp_listen_pcbs                          0x200000e4   Data           4  tcp.o(.data)
    tcp_active_pcbs                          0x200000e8   Data           4  tcp.o(.data)
    tcp_tw_pcbs                              0x200000ec   Data           4  tcp.o(.data)
    tcp_input_pcb                            0x20000110   Data           4  tcp_in.o(.data)
    udp_pcbs                                 0x20000124   Data           4  udp.o(.data)
    __stdout                                 0x20000134   Data           4  stdout.o(.data)
    spi_rxBuff                               0x20000138   Data         128  spi_stack.o(.bss)
    spi_txBuff                               0x200001b8   Data         128  spi_stack.o(.bss)
    spi_shadow_in                            0x20000238   Data         128  spi_stack.o(.bss)
    spi_shadow_out                           0x200002b8   Data         128  spi_stack.o(.bss)
    IMP                                      0x20000338   Data          28  spi_stack.o(.bss)
    IMU                                      0x20000354   Data          36  spi_stack.o(.bss)
    RPUs                                     0x20000378   Data          32  spi_stack.o(.bss)
    CCU_RXFLAG                               0x20000398   Data          16  can_card.o(.bss)
    spi_rxBuffer                             0x200003a8   Data         128  can_card.o(.bss)
    spi_txBuffer                             0x20000428   Data         128  can_card.o(.bss)
    spi_rxBuffer_shadow                      0x200004a8   Data         128  can_card.o(.bss)
    TelRMess                                 0x20000528   Data          28  can_telemtry.o(.bss)
    hcan1                                    0x20000544   Data          40  main.o(.bss)
    hspi1                                    0x2000056c   Data         100  main.o(.bss)
    hspi2                                    0x200005d0   Data         100  main.o(.bss)
    htim2                                    0x20000634   Data          64  main.o(.bss)
    htim3                                    0x20000674   Data          64  main.o(.bss)
    htim4                                    0x200006b4   Data          64  main.o(.bss)
    htim13                                   0x200006f4   Data          64  main.o(.bss)
    htim14                                   0x20000734   Data          64  main.o(.bss)
    huart5                                   0x20000774   Data         128  main.o(.bss)
    huart7                                   0x200007f4   Data         128  main.o(.bss)
    huart3                                   0x20000874   Data         128  main.o(.bss)
    outPacket                                0x200008f4   Data          84  main.o(.bss)
    guiPacket                                0x20000948   Data          88  main.o(.bss)
    hdma_spi1_rx                             0x200009a0   Data          96  main.o(.bss)
    hdma_spi1_tx                             0x20000a00   Data          96  main.o(.bss)
    hdma_uart5_tx                            0x20000a60   Data          96  main.o(.bss)
    hdma_uart7_tx                            0x20000ac0   Data          96  main.o(.bss)
    hdma_uart7_rx                            0x20000b20   Data          96  main.o(.bss)
    gnetif                                   0x20000b80   Data          48  lwip.o(.bss)
    DMARxDscrTab                             0x20000bb0   Data         128  ethernetif.o(.bss)
    DMATxDscrTab                             0x20000c30   Data         128  ethernetif.o(.bss)
    Rx_Buff                                  0x20000cb0   Data        6096  ethernetif.o(.bss)
    Tx_Buff                                  0x20002480   Data        6096  ethernetif.o(.bss)
    heth                                     0x20003c50   Data          72  ethernetif.o(.bss)
    ip_data                                  0x20003c98   Data          24  ip.o(.bss)
    ram_heap                                 0x20003cb0   Data        2067  mem.o(.bss)
    memp_memory_UDP_PCB_base                 0x200044c3   Data         131  memp.o(.bss)
    memp_memory_TCP_PCB_base                 0x20004546   Data         763  memp.o(.bss)
    memp_memory_TCP_PCB_LISTEN_base          0x20004841   Data         227  memp.o(.bss)
    memp_memory_TCP_SEG_base                 0x20004924   Data         259  memp.o(.bss)
    memp_memory_REASSDATA_base               0x20004a27   Data         163  memp.o(.bss)
    memp_memory_FRAG_PBUF_base               0x20004aca   Data         363  memp.o(.bss)
    memp_memory_SYS_TIMEOUT_base             0x20004c35   Data          51  memp.o(.bss)
    memp_memory_PBUF_base                    0x20004c68   Data         259  memp.o(.bss)
    memp_memory_PBUF_POOL_base               0x20004d6b   Data        9731  memp.o(.bss)
    __initial_sp                             0x20007c70   Data           0  startup_stm32f746xx.o(STACK)



==============================================================================

Memory Map of the image

  Image Entry point : 0x080001c9

  Load Region LR_IROM1 (Base: 0x08000000, Size: 0x0000c824, Max: 0x00100000, ABSOLUTE, COMPRESSED[0x0000c700])

    Execution Region ER_IROM1 (Base: 0x08000000, Size: 0x0000c6ec, Max: 0x00100000, ABSOLUTE)

    Base Addr    Size         Type   Attr      Idx    E Section Name        Object

    0x08000000   0x000001c8   Data   RO            3    RESET               startup_stm32f746xx.o
    0x080001c8   0x00000000   Code   RO         7998  * .ARM.Collect$$$$00000000  mc_w.l(entry.o)
    0x080001c8   0x00000004   Code   RO         8284    .ARM.Collect$$$$00000001  mc_w.l(entry2.o)
    0x080001cc   0x00000004   Code   RO         8287    .ARM.Collect$$$$00000004  mc_w.l(entry5.o)
    0x080001d0   0x00000000   Code   RO         8289    .ARM.Collect$$$$00000008  mc_w.l(entry7b.o)
    0x080001d0   0x00000000   Code   RO         8291    .ARM.Collect$$$$0000000A  mc_w.l(entry8b.o)
    0x080001d0   0x00000008   Code   RO         8292    .ARM.Collect$$$$0000000B  mc_w.l(entry9a.o)
    0x080001d8   0x00000000   Code   RO         8294    .ARM.Collect$$$$0000000D  mc_w.l(entry10a.o)
    0x080001d8   0x00000000   Code   RO         8296    .ARM.Collect$$$$0000000F  mc_w.l(entry11a.o)
    0x080001d8   0x00000004   Code   RO         8285    .ARM.Collect$$$$00002712  mc_w.l(entry2.o)
    0x080001dc   0x00000024   Code   RO            4    .text               startup_stm32f746xx.o
    0x08000200   0x00000062   Code   RO         8001    .text               mc_w.l(uldiv.o)
    0x08000262   0x00000024   Code   RO         8003    .text               mc_w.l(memcpya.o)
    0x08000286   0x00000024   Code   RO         8005    .text               mc_w.l(memseta.o)
    0x080002aa   0x0000001a   Code   RO         8009    .text               mc_w.l(memcmp.o)
    0x080002c4   0x0000002c   Code   RO         8301    .text               mc_w.l(uidiv.o)
    0x080002f0   0x0000001e   Code   RO         8303    .text               mc_w.l(llshl.o)
    0x0800030e   0x00000020   Code   RO         8305    .text               mc_w.l(llushr.o)
    0x0800032e   0x00000002   PAD
    0x08000330   0x00000024   Code   RO         8320    .text               mc_w.l(init.o)
    0x08000354   0x00000000   Code   RO         8322    .text               mc_w.l(semi.o)
    0x08000354   0x00000000   Code   RO         8323    .text               mc_w.l(iusesemip.o)
    0x08000354   0x0000003a   Code   RO         8332    .text               mc_w.l(__dczerorl.o)
    0x0800038e   0x00000002   Code   RO          949    i.BusFault_Handler  stm32f7xx_it.o
    0x08000390   0x0000000c   Code   RO          950    i.CAN1_RX0_IRQHandler  stm32f7xx_it.o
    0x0800039c   0x0000000c   Code   RO          951    i.CAN1_RX1_IRQHandler  stm32f7xx_it.o
    0x080003a8   0x0000000c   Code   RO          952    i.CAN1_TX_IRQHandler  stm32f7xx_it.o
    0x080003b4   0x00000038   Code   RO          295    i.CAN_CARDS_INIT    can_card.o
    0x080003ec   0x0000002a   Code   RO          296    i.CC_Interrupt_rutine  can_card.o
    0x08000416   0x00000002   PAD
    0x08000418   0x0000000c   Code   RO          379    i.Camera_TimeStamp  time_keeper.o
    0x08000424   0x0000000c   Code   RO          953    i.DMA1_Stream1_IRQHandler  stm32f7xx_it.o
    0x08000430   0x0000000c   Code   RO          954    i.DMA1_Stream3_IRQHandler  stm32f7xx_it.o
    0x0800043c   0x0000000c   Code   RO          955    i.DMA1_Stream7_IRQHandler  stm32f7xx_it.o
    0x08000448   0x0000000c   Code   RO          956    i.DMA2_Stream0_IRQHandler  stm32f7xx_it.o
    0x08000454   0x0000000c   Code   RO          957    i.DMA2_Stream3_IRQHandler  stm32f7xx_it.o
    0x08000460   0x00000028   Code   RO         3822    i.DMA_CalcBaseAndBitshift  stm32f7xx_hal_dma.o
    0x08000488   0x00000054   Code   RO         3823    i.DMA_CheckFifoParam  stm32f7xx_hal_dma.o
    0x080004dc   0x00000028   Code   RO         3824    i.DMA_SetConfig     stm32f7xx_hal_dma.o
    0x08000504   0x00000002   Code   RO          958    i.DebugMon_Handler  stm32f7xx_it.o
    0x08000506   0x0000002e   Code   RO         1238    i.ETH_FlushTransmitFIFO  stm32f7xx_hal_eth.o
    0x08000534   0x00000124   Code   RO         1239    i.ETH_MACDMAConfig  stm32f7xx_hal_eth.o
    0x08000658   0x00000008   Code   RO          959    i.EXTI15_10_IRQHandler  stm32f7xx_it.o
    0x08000660   0x00000006   Code   RO          960    i.EXTI4_IRQHandler  stm32f7xx_it.o
    0x08000666   0x00000028   Code   RO          961    i.EXTI9_5_IRQHandler  stm32f7xx_it.o
    0x0800068e   0x00000002   Code   RO          492    i.Error_Handler     main.o
    0x08000690   0x00000024   Code   RO         1387    i.HAL_CAN_ActivateNotification  stm32f7xx_hal_can.o
    0x080006b4   0x0000010c   Code   RO         1389    i.HAL_CAN_ConfigFilter  stm32f7xx_hal_can.o
    0x080007c0   0x00000002   Code   RO         1392    i.HAL_CAN_ErrorCallback  stm32f7xx_hal_can.o
    0x080007c2   0x00000002   PAD
    0x080007c4   0x000000fa   Code   RO         1395    i.HAL_CAN_GetRxMessage  stm32f7xx_hal_can.o
    0x080008be   0x000001fc   Code   RO         1399    i.HAL_CAN_IRQHandler  stm32f7xx_hal_can.o
    0x08000aba   0x0000011a   Code   RO         1400    i.HAL_CAN_Init      stm32f7xx_hal_can.o
    0x08000bd4   0x00000094   Code   RO         1136    i.HAL_CAN_MspInit   stm32f7xx_hal_msp.o
    0x08000c68   0x00000002   Code   RO         1407    i.HAL_CAN_RxFifo0FullCallback  stm32f7xx_hal_can.o
    0x08000c6a   0x00000004   Code   RO          493    i.HAL_CAN_RxFifo0MsgPendingCallback  main.o
    0x08000c6e   0x00000002   Code   RO         1409    i.HAL_CAN_RxFifo1FullCallback  stm32f7xx_hal_can.o
    0x08000c70   0x00000002   Code   RO         1410    i.HAL_CAN_RxFifo1MsgPendingCallback  stm32f7xx_hal_can.o
    0x08000c72   0x00000002   Code   RO         1411    i.HAL_CAN_SleepCallback  stm32f7xx_hal_can.o
    0x08000c74   0x00000058   Code   RO         1412    i.HAL_CAN_Start     stm32f7xx_hal_can.o
    0x08000ccc   0x00000002   Code   RO         1414    i.HAL_CAN_TxMailbox0AbortCallback  stm32f7xx_hal_can.o
    0x08000cce   0x00000002   Code   RO         1415    i.HAL_CAN_TxMailbox0CompleteCallback  stm32f7xx_hal_can.o
    0x08000cd0   0x00000002   Code   RO         1416    i.HAL_CAN_TxMailbox1AbortCallback  stm32f7xx_hal_can.o
    0x08000cd2   0x00000002   Code   RO         1417    i.HAL_CAN_TxMailbox1CompleteCallback  stm32f7xx_hal_can.o
    0x08000cd4   0x00000002   Code   RO         1418    i.HAL_CAN_TxMailbox2AbortCallback  stm32f7xx_hal_can.o
    0x08000cd6   0x00000002   Code   RO         1419    i.HAL_CAN_TxMailbox2CompleteCallback  stm32f7xx_hal_can.o
    0x08000cd8   0x00000002   Code   RO         1421    i.HAL_CAN_WakeUpFromRxMsgCallback  stm32f7xx_hal_can.o
    0x08000cda   0x00000092   Code   RO         3825    i.HAL_DMA_Abort     stm32f7xx_hal_dma.o
    0x08000d6c   0x00000024   Code   RO         3826    i.HAL_DMA_Abort_IT  stm32f7xx_hal_dma.o
    0x08000d90   0x00000004   Code   RO         3828    i.HAL_DMA_GetError  stm32f7xx_hal_dma.o
    0x08000d94   0x000001a0   Code   RO         3830    i.HAL_DMA_IRQHandler  stm32f7xx_hal_dma.o
    0x08000f34   0x000000e4   Code   RO         3831    i.HAL_DMA_Init      stm32f7xx_hal_dma.o
    0x08001018   0x0000007a   Code   RO         3835    i.HAL_DMA_Start_IT  stm32f7xx_hal_dma.o
    0x08001092   0x00000002   PAD
    0x08001094   0x00000024   Code   RO         4192    i.HAL_Delay         stm32f7xx_hal.o
    0x080010b8   0x00000074   Code   RO         1242    i.HAL_ETH_DMARxDescListInit  stm32f7xx_hal_eth.o
    0x0800112c   0x00000084   Code   RO         1243    i.HAL_ETH_DMATxDescListInit  stm32f7xx_hal_eth.o
    0x080011b0   0x0000007e   Code   RO         1246    i.HAL_ETH_GetReceivedFrame  stm32f7xx_hal_eth.o
    0x0800122e   0x00000002   PAD
    0x08001230   0x000001f0   Code   RO         1250    i.HAL_ETH_Init      stm32f7xx_hal_eth.o
    0x08001420   0x000000dc   Code   RO          868    i.HAL_ETH_MspInit   ethernetif.o
    0x080014fc   0x00000086   Code   RO         1253    i.HAL_ETH_ReadPHYRegister  stm32f7xx_hal_eth.o
    0x08001582   0x00000084   Code   RO         1255    i.HAL_ETH_Start     stm32f7xx_hal_eth.o
    0x08001606   0x00000112   Code   RO         1257    i.HAL_ETH_TransmitFrame  stm32f7xx_hal_eth.o
    0x08001718   0x0000007a   Code   RO         1259    i.HAL_ETH_WritePHYRegister  stm32f7xx_hal_eth.o
    0x08001792   0x00000002   PAD
    0x08001794   0x00000020   Code   RO          494    i.HAL_GPIO_EXTI_Callback  main.o
    0x080017b4   0x00000018   Code   RO         3758    i.HAL_GPIO_EXTI_IRQHandler  stm32f7xx_hal_gpio.o
    0x080017cc   0x000001d8   Code   RO         3759    i.HAL_GPIO_Init     stm32f7xx_hal_gpio.o
    0x080019a4   0x0000000a   Code   RO         3761    i.HAL_GPIO_ReadPin  stm32f7xx_hal_gpio.o
    0x080019ae   0x0000000a   Code   RO         3763    i.HAL_GPIO_WritePin  stm32f7xx_hal_gpio.o
    0x080019b8   0x0000000c   Code   RO         4200    i.HAL_GetTick       stm32f7xx_hal.o
    0x080019c4   0x00000010   Code   RO         4206    i.HAL_IncTick       stm32f7xx_hal.o
    0x080019d4   0x00000016   Code   RO         4207    i.HAL_Init          stm32f7xx_hal.o
    0x080019ea   0x00000002   PAD
    0x080019ec   0x00000040   Code   RO         4208    i.HAL_InitTick      stm32f7xx_hal.o
    0x08001a2c   0x00000030   Code   RO         1137    i.HAL_MspInit       stm32f7xx_hal_msp.o
    0x08001a5c   0x0000001a   Code   RO         1625    i.HAL_NVIC_EnableIRQ  stm32f7xx_hal_cortex.o
    0x08001a76   0x00000002   PAD
    0x08001a78   0x00000040   Code   RO         1631    i.HAL_NVIC_SetPriority  stm32f7xx_hal_cortex.o
    0x08001ab8   0x00000024   Code   RO         1632    i.HAL_NVIC_SetPriorityGrouping  stm32f7xx_hal_cortex.o
    0x08001adc   0x0000006c   Code   RO         4099    i.HAL_PWREx_EnableOverDrive  stm32f7xx_hal_pwr_ex.o
    0x08001b48   0x00000010   Code   RO         3976    i.HAL_PWR_EnableBkUpAccess  stm32f7xx_hal_pwr.o
    0x08001b58   0x000004fc   Code   RO         3520    i.HAL_RCCEx_PeriphCLKConfig  stm32f7xx_hal_rcc_ex.o
    0x08002054   0x0000012c   Code   RO         3413    i.HAL_RCC_ClockConfig  stm32f7xx_hal_rcc.o
    0x08002180   0x0000000c   Code   RO         3418    i.HAL_RCC_GetHCLKFreq  stm32f7xx_hal_rcc.o
    0x0800218c   0x00000020   Code   RO         3420    i.HAL_RCC_GetPCLK1Freq  stm32f7xx_hal_rcc.o
    0x080021ac   0x00000020   Code   RO         3421    i.HAL_RCC_GetPCLK2Freq  stm32f7xx_hal_rcc.o
    0x080021cc   0x00000060   Code   RO         3422    i.HAL_RCC_GetSysClockFreq  stm32f7xx_hal_rcc.o
    0x0800222c   0x00000338   Code   RO         3425    i.HAL_RCC_OscConfig  stm32f7xx_hal_rcc.o
    0x08002564   0x000000c4   Code   RO         1766    i.HAL_SPI_Init      stm32f7xx_hal_spi.o
    0x08002628   0x00000188   Code   RO         1139    i.HAL_SPI_MspInit   stm32f7xx_hal_msp.o
    0x080027b0   0x00000260   Code   RO         1775    i.HAL_SPI_TransmitReceive  stm32f7xx_hal_spi.o
    0x08002a10   0x00000026   Code   RO         1636    i.HAL_SYSTICK_Config  stm32f7xx_hal_cortex.o
    0x08002a36   0x00000002   Code   RO         2793    i.HAL_TIMEx_Break2Callback  stm32f7xx_hal_tim_ex.o
    0x08002a38   0x00000002   Code   RO         2794    i.HAL_TIMEx_BreakCallback  stm32f7xx_hal_tim_ex.o
    0x08002a3a   0x00000002   Code   RO         2795    i.HAL_TIMEx_CommutCallback  stm32f7xx_hal_tim_ex.o
    0x08002a3c   0x00000060   Code   RO         2813    i.HAL_TIMEx_MasterConfigSynchronization  stm32f7xx_hal_tim_ex.o
    0x08002a9c   0x00000036   Code   RO         2108    i.HAL_TIM_Base_Init  stm32f7xx_hal_tim.o
    0x08002ad2   0x00000002   PAD
    0x08002ad4   0x00000064   Code   RO         1141    i.HAL_TIM_Base_MspInit  stm32f7xx_hal_msp.o
    0x08002b38   0x00000030   Code   RO         2111    i.HAL_TIM_Base_Start  stm32f7xx_hal_tim.o
    0x08002b68   0x0000002c   Code   RO         2113    i.HAL_TIM_Base_Start_IT  stm32f7xx_hal_tim.o
    0x08002b94   0x000000a8   Code   RO         2126    i.HAL_TIM_Encoder_Init  stm32f7xx_hal_tim.o
    0x08002c3c   0x00000078   Code   RO         1143    i.HAL_TIM_Encoder_MspInit  stm32f7xx_hal_msp.o
    0x08002cb4   0x00000002   Code   RO         2137    i.HAL_TIM_IC_CaptureCallback  stm32f7xx_hal_tim.o
    0x08002cb6   0x00000182   Code   RO         2151    i.HAL_TIM_IRQHandler  stm32f7xx_hal_tim.o
    0x08002e38   0x00000078   Code   RO         1144    i.HAL_TIM_MspPostInit  stm32f7xx_hal_msp.o
    0x08002eb0   0x00000002   Code   RO         2154    i.HAL_TIM_OC_DelayElapsedCallback  stm32f7xx_hal_tim.o
    0x08002eb2   0x00000128   Code   RO         2175    i.HAL_TIM_PWM_ConfigChannel  stm32f7xx_hal_tim.o
    0x08002fda   0x00000036   Code   RO         2178    i.HAL_TIM_PWM_Init  stm32f7xx_hal_tim.o
    0x08003010   0x0000003c   Code   RO         1146    i.HAL_TIM_PWM_MspInit  stm32f7xx_hal_msp.o
    0x0800304c   0x00000002   Code   RO         2181    i.HAL_TIM_PWM_PulseFinishedCallback  stm32f7xx_hal_tim.o
    0x0800304e   0x00000002   PAD
    0x08003050   0x0000004c   Code   RO         2183    i.HAL_TIM_PWM_Start  stm32f7xx_hal_tim.o
    0x0800309c   0x00000002   Code   RO         2189    i.HAL_TIM_PeriodElapsedCallback  stm32f7xx_hal_tim.o
    0x0800309e   0x00000002   Code   RO         2194    i.HAL_TIM_TriggerCallback  stm32f7xx_hal_tim.o
    0x080030a0   0x00000070   Code   RO         3076    i.HAL_UART_DMAStop  stm32f7xx_hal_uart.o
    0x08003110   0x00000002   Code   RO         3078    i.HAL_UART_ErrorCallback  stm32f7xx_hal_uart.o
    0x08003112   0x00000002   PAD
    0x08003114   0x00000128   Code   RO         3081    i.HAL_UART_IRQHandler  stm32f7xx_hal_uart.o
    0x0800323c   0x00000066   Code   RO         3082    i.HAL_UART_Init     stm32f7xx_hal_uart.o
    0x080032a2   0x00000002   PAD
    0x080032a4   0x000001e8   Code   RO         1148    i.HAL_UART_MspInit  stm32f7xx_hal_msp.o
    0x0800348c   0x00000094   Code   RO         3091    i.HAL_UART_Transmit_DMA  stm32f7xx_hal_uart.o
    0x08003520   0x00000002   Code   RO         3093    i.HAL_UART_TxCpltCallback  stm32f7xx_hal_uart.o
    0x08003522   0x00000002   Code   RO         3094    i.HAL_UART_TxHalfCpltCallback  stm32f7xx_hal_uart.o
    0x08003524   0x00000002   Code   RO          962    i.HardFault_Handler  stm32f7xx_it.o
    0x08003526   0x00000002   PAD
    0x08003528   0x00000014   Code   RO          380    i.IMU_Tick          time_keeper.o
    0x0800353c   0x0000000c   Code   RO          381    i.IMU_TimeStamp     time_keeper.o
    0x08003548   0x00000038   Code   RO          496    i.MX_CAN1_Init      main.o
    0x08003580   0x0000007c   Code   RO          497    i.MX_DMA_Init       main.o
    0x080035fc   0x00000248   Code   RO          498    i.MX_GPIO_Init      main.o
    0x08003844   0x000000f8   Code   RO          803    i.MX_LWIP_Init      lwip.o
    0x0800393c   0x00000014   Code   RO          804    i.MX_LWIP_Process   lwip.o
    0x08003950   0x00000038   Code   RO          499    i.MX_SPI1_Init      main.o
    0x08003988   0x00000044   Code   RO          500    i.MX_SPI2_Init      main.o
    0x080039cc   0x00000060   Code   RO          501    i.MX_TIM2_Init      main.o
    0x08003a2c   0x00000060   Code   RO          502    i.MX_TIM3_Init      main.o
    0x08003a8c   0x0000005c   Code   RO          503    i.MX_TIM4_Init      main.o
    0x08003ae8   0x00000030   Code   RO          504    i.MX_UART5_Init     main.o
    0x08003b18   0x00000030   Code   RO          505    i.MX_UART7_Init     main.o
    0x08003b48   0x00000030   Code   RO          506    i.MX_USART3_UART_Init  main.o
    0x08003b78   0x00000002   Code   RO          963    i.MemManage_Handler  stm32f7xx_it.o
    0x08003b7a   0x00000002   PAD
    0x08003b7c   0x00000014   Code   RO          382    i.Micros            time_keeper.o
    0x08003b90   0x00000002   Code   RO          964    i.NMI_Handler       stm32f7xx_it.o
    0x08003b92   0x00000002   Code   RO          965    i.PendSV_Handler    stm32f7xx_it.o
    0x08003b94   0x00000014   Code   RO          383    i.RPU_Tick          time_keeper.o
    0x08003ba8   0x0000000c   Code   RO          384    i.RPU_TimeStamp     time_keeper.o
    0x08003bb4   0x00000048   Code   RO         1804    i.SPI_EndRxTxTransaction  stm32f7xx_hal_spi.o
    0x08003bfc   0x00000096   Code   RO         1809    i.SPI_WaitFifoStateUntilTimeout  stm32f7xx_hal_spi.o
    0x08003c92   0x00000094   Code   RO         1810    i.SPI_WaitFlagStateUntilTimeout  stm32f7xx_hal_spi.o
    0x08003d26   0x00000002   Code   RO          966    i.SVC_Handler       stm32f7xx_it.o
    0x08003d28   0x00000004   Code   RO          967    i.SysTick_Handler   stm32f7xx_it.o
    0x08003d2c   0x000000a8   Code   RO          508    i.SystemClock_Config  main.o
    0x08003dd4   0x00000054   Code   RO         4943    i.SystemInit        system_stm32f7xx.o
    0x08003e28   0x00000028   Code   RO          968    i.TIM4_IRQHandler   stm32f7xx_it.o
    0x08003e50   0x00000020   Code   RO          969    i.TIM8_TRG_COM_TIM14_IRQHandler  stm32f7xx_it.o
    0x08003e70   0x00000014   Code   RO          970    i.TIM8_UP_TIM13_IRQHandler  stm32f7xx_it.o
    0x08003e84   0x000000cc   Code   RO         2196    i.TIM_Base_SetConfig  stm32f7xx_hal_tim.o
    0x08003f50   0x0000001a   Code   RO         2197    i.TIM_CCxChannelCmd  stm32f7xx_hal_tim.o
    0x08003f6a   0x00000002   PAD
    0x08003f6c   0x00000074   Code   RO         2209    i.TIM_OC1_SetConfig  stm32f7xx_hal_tim.o
    0x08003fe0   0x00000078   Code   RO         2210    i.TIM_OC2_SetConfig  stm32f7xx_hal_tim.o
    0x08004058   0x00000078   Code   RO         2211    i.TIM_OC3_SetConfig  stm32f7xx_hal_tim.o
    0x080040d0   0x00000058   Code   RO         2212    i.TIM_OC4_SetConfig  stm32f7xx_hal_tim.o
    0x08004128   0x00000058   Code   RO         2213    i.TIM_OC5_SetConfig  stm32f7xx_hal_tim.o
    0x08004180   0x00000058   Code   RO         2214    i.TIM_OC6_SetConfig  stm32f7xx_hal_tim.o
    0x080041d8   0x0000000c   Code   RO          971    i.UART7_IRQHandler  stm32f7xx_it.o
    0x080041e4   0x000000c8   Code   RO         3095    i.UART_AdvFeatureConfig  stm32f7xx_hal_uart.o
    0x080042ac   0x0000003c   Code   RO         3096    i.UART_CheckIdleState  stm32f7xx_hal_uart.o
    0x080042e8   0x00000014   Code   RO         3097    i.UART_DMAAbortOnError  stm32f7xx_hal_uart.o
    0x080042fc   0x00000046   Code   RO         3098    i.UART_DMAError     stm32f7xx_hal_uart.o
    0x08004342   0x0000002e   Code   RO         3103    i.UART_DMATransmitCplt  stm32f7xx_hal_uart.o
    0x08004370   0x0000000a   Code   RO         3105    i.UART_DMATxHalfCplt  stm32f7xx_hal_uart.o
    0x0800437a   0x00000020   Code   RO         3107    i.UART_EndRxTransfer  stm32f7xx_hal_uart.o
    0x0800439a   0x00000010   Code   RO         3108    i.UART_EndTxTransfer  stm32f7xx_hal_uart.o
    0x080043aa   0x00000002   PAD
    0x080043ac   0x00000254   Code   RO         3111    i.UART_SetConfig    stm32f7xx_hal_uart.o
    0x08004600   0x00000060   Code   RO         3114    i.UART_WaitOnFlagUntilTimeout  stm32f7xx_hal_uart.o
    0x08004660   0x00000002   Code   RO          972    i.UsageFault_Handler  stm32f7xx_it.o
    0x08004662   0x00000002   PAD
    0x08004664   0x00000020   Code   RO         8104    i.__0printf$3       mc_w.l(printf3.o)
    0x08004684   0x00000022   Code   RO         1638    i.__NVIC_SetPriority  stm32f7xx_hal_cortex.o
    0x080046a6   0x0000000e   Code   RO         8326    i.__scatterload_copy  mc_w.l(handlers.o)
    0x080046b4   0x00000002   Code   RO         8327    i.__scatterload_null  mc_w.l(handlers.o)
    0x080046b6   0x0000000e   Code   RO         8328    i.__scatterload_zeroinit  mc_w.l(handlers.o)
    0x080046c4   0x000001b8   Code   RO         8111    i._printf_core      mc_w.l(printf3.o)
    0x0800487c   0x0000004a   Code   RO          454    i.can_stack_init    can_telemtry.o
    0x080048c6   0x00000002   PAD
    0x080048c8   0x00000088   Code   RO          455    i.can_stack_interrupt_rutine  can_telemtry.o
    0x08004950   0x0000004c   Code   RO          297    i.ccuHeartBeat      can_card.o
    0x0800499c   0x0000001c   Code   RO         7041    i.cyclic_timer      timeouts.o
    0x080049b8   0x0000009c   Code   RO         6053    i.do_memp_free_pool  memp.o
    0x08004a54   0x000000a4   Code   RO         6054    i.do_memp_malloc_pool  memp.o
    0x08004af8   0x00000030   Code   RO         7270    i.etharp_cleanup_netif  etharp.o
    0x08004b28   0x00000258   Code   RO         7272    i.etharp_find_entry  etharp.o
    0x08004d80   0x00000024   Code   RO         7273    i.etharp_free_entry  etharp.o
    0x08004da4   0x00000104   Code   RO         7275    i.etharp_input      etharp.o
    0x08004ea8   0x000001a8   Code   RO         7276    i.etharp_output     etharp.o
    0x08005050   0x00000110   Code   RO         7277    i.etharp_output_to_arp_index  etharp.o
    0x08005160   0x000001d8   Code   RO         7278    i.etharp_query      etharp.o
    0x08005338   0x00000170   Code   RO         7279    i.etharp_raw        etharp.o
    0x080054a8   0x0000000c   Code   RO         7280    i.etharp_request    etharp.o
    0x080054b4   0x00000020   Code   RO         7281    i.etharp_request_dst  etharp.o
    0x080054d4   0x00000060   Code   RO         7282    i.etharp_tmr        etharp.o
    0x08005534   0x0000011c   Code   RO         7283    i.etharp_update_arp_entry  etharp.o
    0x08005650   0x000000a0   Code   RO         5418    i.ethernet_input    ethernet.o
    0x080056f0   0x000000f8   Code   RO         5419    i.ethernet_output   ethernet.o
    0x080057e8   0x00000088   Code   RO          869    i.ethernetif_init   ethernetif.o
    0x08005870   0x00000022   Code   RO          870    i.ethernetif_input  ethernetif.o
    0x08005892   0x00000012   Code   RO         8298    i.fputc             mc_w.l(fputc.o)
    0x080058a4   0x00000024   Code   RO          299    i.getConversionStatus  can_card.o
    0x080058c8   0x00000008   Code   RO         7370    i.icmp_dest_unreach  icmp.o
    0x080058d0   0x000001e8   Code   RO         7371    i.icmp_input        icmp.o
    0x08005ab8   0x0000010c   Code   RO         7372    i.icmp_send_response  icmp.o
    0x08005bc4   0x00000008   Code   RO         7373    i.icmp_time_exceeded  icmp.o
    0x08005bcc   0x00000118   Code   RO          300    i.initiate_transaction  can_card.o
    0x08005ce4   0x0000002e   Code   RO         7489    i.ip4_addr_isbroadcast_u32  ip4_addr.o
    0x08005d12   0x00000002   PAD
    0x08005d14   0x00000254   Code   RO         7555    i.ip4_frag          ip4_frag.o
    0x08005f68   0x000001a4   Code   RO         7436    i.ip4_input         ip4.o
    0x0800610c   0x0000001e   Code   RO         7438    i.ip4_output_if     ip4.o
    0x0800612a   0x00000002   PAD
    0x0800612c   0x00000170   Code   RO         7439    i.ip4_output_if_src  ip4.o
    0x0800629c   0x000001b4   Code   RO         7556    i.ip4_reass         ip4_frag.o
    0x08006450   0x0000005c   Code   RO         7440    i.ip4_route         ip4.o
    0x080064ac   0x00000090   Code   RO         7557    i.ip_frag_free_pbuf_custom_ref  ip4_frag.o
    0x0800653c   0x00000260   Code   RO         7558    i.ip_reass_chain_frag_into_datagram_and_validate  ip4_frag.o
    0x0800679c   0x000000bc   Code   RO         7559    i.ip_reass_dequeue_datagram  ip4_frag.o
    0x08006858   0x00000190   Code   RO         7560    i.ip_reass_free_complete_datagram  ip4_frag.o
    0x080069e8   0x00000080   Code   RO         7561    i.ip_reass_remove_oldest_datagram  ip4_frag.o
    0x08006a68   0x0000002c   Code   RO         7562    i.ip_reass_tmr      ip4_frag.o
    0x08006a94   0x00000098   Code   RO         7563    i.ipfrag_free_pbuf_custom  ip4_frag.o
    0x08006b2c   0x000000f0   Code   RO          871    i.low_level_init    ethernetif.o
    0x08006c1c   0x000000c4   Code   RO          872    i.low_level_input   ethernetif.o
    0x08006ce0   0x000000b0   Code   RO          873    i.low_level_output  ethernetif.o
    0x08006d90   0x00000004   Code   RO         5732    i.lwip_htonl        def.o
    0x08006d94   0x00000004   Code   RO         5733    i.lwip_htons        def.o
    0x08006d98   0x0000001e   Code   RO         5885    i.lwip_init         init.o
    0x08006db6   0x00000002   PAD
    0x08006db8   0x0000014c   Code   RO          509    i.main              main.o
    0x08006f04   0x000000d8   Code   RO          510    i.makeUdpPacket     main.o
    0x08006fdc   0x0000011c   Code   RO         5987    i.mem_free          mem.o
    0x080070f8   0x00000034   Code   RO         5988    i.mem_init          mem.o
    0x0800712c   0x000001fc   Code   RO         5989    i.mem_malloc        mem.o
    0x08007328   0x0000018c   Code   RO         5990    i.mem_trim          mem.o
    0x080074b4   0x0000009c   Code   RO         6055    i.memp_free         memp.o
    0x08007550   0x00000020   Code   RO         6057    i.memp_init         memp.o
    0x08007570   0x0000002a   Code   RO         6058    i.memp_init_pool    memp.o
    0x0800759a   0x00000002   PAD
    0x0800759c   0x000000a4   Code   RO         6059    i.memp_malloc       memp.o
    0x08007640   0x000000e4   Code   RO         6184    i.netif_add         netif.o
    0x08007724   0x00000002   Code   RO         6186    i.netif_init        netif.o
    0x08007726   0x0000001a   Code   RO         6188    i.netif_issue_reports  netif.o
    0x08007740   0x00000048   Code   RO         6190    i.netif_set_addr    netif.o
    0x08007788   0x0000000c   Code   RO         6191    i.netif_set_default  netif.o
    0x08007794   0x0000001a   Code   RO         6192    i.netif_set_down    netif.o
    0x080077ae   0x00000008   Code   RO         6193    i.netif_set_gw      netif.o
    0x080077b6   0x00000002   PAD
    0x080077b8   0x00000040   Code   RO         6194    i.netif_set_ipaddr  netif.o
    0x080077f8   0x00000008   Code   RO         6197    i.netif_set_netmask  netif.o
    0x08007800   0x0000001c   Code   RO         6198    i.netif_set_up      netif.o
    0x0800781c   0x00000020   Code   RO          973    i.nob_encoder_read  stm32f7xx_it.o
    0x0800783c   0x00000028   Code   RO          974    i.nob_encoder_reset  stm32f7xx_it.o
    0x08007864   0x0000037c   Code   RO         6312    i.pbuf_alloc        pbuf.o
    0x08007be0   0x000000e0   Code   RO         6313    i.pbuf_alloced_custom  pbuf.o
    0x08007cc0   0x00000130   Code   RO         6314    i.pbuf_cat          pbuf.o
    0x08007df0   0x00000012   Code   RO         6315    i.pbuf_chain        pbuf.o
    0x08007e02   0x00000012   Code   RO         6316    i.pbuf_clen         pbuf.o
    0x08007e14   0x000001ec   Code   RO         6318    i.pbuf_copy         pbuf.o
    0x08008000   0x0000011c   Code   RO         6319    i.pbuf_copy_partial  pbuf.o
    0x0800811c   0x00000168   Code   RO         6321    i.pbuf_free         pbuf.o
    0x08008284   0x0000002c   Code   RO         6322    i.pbuf_free_ooseq   pbuf.o
    0x080082b0   0x00000006   Code   RO         6324    i.pbuf_header       pbuf.o
    0x080082b6   0x00000006   Code   RO         6325    i.pbuf_header_force  pbuf.o
    0x080082bc   0x00000124   Code   RO         6326    i.pbuf_header_impl  pbuf.o
    0x080083e0   0x00000198   Code   RO         6330    i.pbuf_realloc      pbuf.o
    0x08008578   0x0000008c   Code   RO         6331    i.pbuf_ref          pbuf.o
    0x08008604   0x00000180   Code   RO         6335    i.pbuf_take         pbuf.o
    0x08008784   0x0000017c   Code   RO         5991    i.plug_holes        mem.o
    0x08008900   0x0000002c   Code   RO          238    i.powerManager_init  power_manager.o
    0x0800892c   0x0000000e   Code   RO          511    i.readSensors       main.o
    0x0800893a   0x0000001e   Code   RO          301    i.rpuGetSensorData  can_card.o
    0x08008958   0x00000044   Code   RO          512    i.sendGuiData       main.o
    0x0800899c   0x00000020   Code   RO          513    i.sendUartTelemtry  main.o
    0x080089bc   0x0000003c   Code   RO          514    i.sendUdpPacket     main.o
    0x080089f8   0x00000034   Code   RO          302    i.sensorStartConversion  can_card.o
    0x08008a2c   0x00000010   Code   RO          303    i.spi_get_register  can_card.o
    0x08008a3c   0x00000010   Code   RO           22    i.spi_out_shadow_update  spi_stack.o
    0x08008a4c   0x00000010   Code   RO          304    i.spi_set_register  can_card.o
    0x08008a5c   0x00000058   Code   RO         7042    i.sys_check_timeouts  timeouts.o
    0x08008ab4   0x00000004   Code   RO          875    i.sys_now           ethernetif.o
    0x08008ab8   0x0000013c   Code   RO         7044    i.sys_timeout       timeouts.o
    0x08008bf4   0x00000034   Code   RO         7045    i.sys_timeouts_init  timeouts.o
    0x08008c28   0x00000178   Code   RO         6557    i.tcp_abandon       tcp.o
    0x08008da0   0x00000006   Code   RO         6558    i.tcp_abort         tcp.o
    0x08008da6   0x00000002   PAD
    0x08008da8   0x00000104   Code   RO         6561    i.tcp_alloc         tcp.o
    0x08008eac   0x00000014   Code   RO         6564    i.tcp_close         tcp.o
    0x08008ec0   0x0000018c   Code   RO         6565    i.tcp_close_shutdown  tcp.o
    0x0800904c   0x000000c4   Code   RO         6566    i.tcp_close_shutdown_fin  tcp.o
    0x08009110   0x00000120   Code   RO         6924    i.tcp_create_segment  tcp_out.o
    0x08009230   0x00000022   Code   RO         6569    i.tcp_eff_send_mss_impl  tcp.o
    0x08009252   0x00000002   PAD
    0x08009254   0x00000210   Code   RO         6925    i.tcp_enqueue_flags  tcp_out.o
    0x08009464   0x0000006c   Code   RO         6571    i.tcp_fasttmr       tcp.o
    0x080094d0   0x00000030   Code   RO         6840    i.tcp_getoptbyte    tcp_in.o
    0x08009500   0x00000002   Code   RO         6572    i.tcp_init          tcp.o
    0x08009502   0x00000002   PAD
    0x08009504   0x000005d8   Code   RO         6841    i.tcp_input         tcp_in.o
    0x08009adc   0x00000040   Code   RO         6842    i.tcp_input_delayed_close  tcp_in.o
    0x08009b1c   0x00000052   Code   RO         6926    i.tcp_keepalive     tcp_out.o
    0x08009b6e   0x00000002   PAD
    0x08009b70   0x000000bc   Code   RO         6573    i.tcp_kill_state    tcp.o
    0x08009c2c   0x000000cc   Code   RO         6574    i.tcp_listen_closed  tcp.o
    0x08009cf8   0x000000f4   Code   RO         6843    i.tcp_listen_input  tcp_in.o
    0x08009dec   0x0000004c   Code   RO         6577    i.tcp_netif_ip_addr_changed  tcp.o
    0x08009e38   0x00000022   Code   RO         6578    i.tcp_netif_ip_addr_changed_pcblist  tcp.o
    0x08009e5a   0x00000002   PAD
    0x08009e5c   0x00000010   Code   RO         6582    i.tcp_next_iss      tcp.o
    0x08009e6c   0x0000007c   Code   RO         6844    i.tcp_oos_insert_segment  tcp_in.o
    0x08009ee8   0x000002d4   Code   RO         6927    i.tcp_output        tcp_out.o
    0x0800a1bc   0x00000110   Code   RO         6928    i.tcp_output_alloc_header  tcp_out.o
    0x0800a2cc   0x000000b0   Code   RO         6929    i.tcp_output_segment  tcp_out.o
    0x0800a37c   0x00000074   Code   RO         6845    i.tcp_parseopt      tcp_in.o
    0x0800a3f0   0x00000042   Code   RO         6583    i.tcp_pcb_purge     tcp.o
    0x0800a432   0x00000002   PAD
    0x0800a434   0x00000130   Code   RO         6584    i.tcp_pcb_remove    tcp.o
    0x0800a564   0x00000488   Code   RO         6846    i.tcp_process       tcp_in.o
    0x0800a9ec   0x0000006c   Code   RO         6586    i.tcp_process_refused_data  tcp.o
    0x0800aa58   0x00000a32   Code   RO         6847    i.tcp_receive       tcp_in.o
    0x0800b48a   0x00000024   Code   RO         6588    i.tcp_recv_null     tcp.o
    0x0800b4ae   0x00000002   PAD
    0x0800b4b0   0x00000110   Code   RO         6589    i.tcp_recved        tcp.o
    0x0800b5c0   0x00000056   Code   RO         6931    i.tcp_rexmit        tcp_out.o
    0x0800b616   0x00000058   Code   RO         6932    i.tcp_rexmit_fast   tcp_out.o
    0x0800b66e   0x00000030   Code   RO         6933    i.tcp_rexmit_rto    tcp_out.o
    0x0800b69e   0x00000002   PAD
    0x0800b6a0   0x00000120   Code   RO         6934    i.tcp_rst           tcp_out.o
    0x0800b7c0   0x00000028   Code   RO         6590    i.tcp_seg_copy      tcp.o
    0x0800b7e8   0x0000001c   Code   RO         6591    i.tcp_seg_free      tcp.o
    0x0800b804   0x00000012   Code   RO         6592    i.tcp_segs_free     tcp.o
    0x0800b816   0x00000072   Code   RO         6935    i.tcp_send_empty_ack  tcp_out.o
    0x0800b888   0x00000044   Code   RO         6936    i.tcp_send_fin      tcp_out.o
    0x0800b8cc   0x000004dc   Code   RO         6596    i.tcp_slowtmr       tcp.o
    0x0800bda8   0x00000034   Code   RO         7048    i.tcp_timer_needed  timeouts.o
    0x0800bddc   0x00000068   Code   RO         6848    i.tcp_timewait_input  tcp_in.o
    0x0800be44   0x00000020   Code   RO         6597    i.tcp_tmr           tcp.o
    0x0800be64   0x00000010   Code   RO         6849    i.tcp_trigger_input_pcb_close  tcp_in.o
    0x0800be74   0x000000c0   Code   RO         6599    i.tcp_update_rcv_ann_wnd  tcp.o
    0x0800bf34   0x000000ae   Code   RO         6939    i.tcp_zero_window_probe  tcp_out.o
    0x0800bfe2   0x00000002   PAD
    0x0800bfe4   0x00000038   Code   RO         7049    i.tcpip_tcp_timer   timeouts.o
    0x0800c01c   0x0000000c   Code   RO          385    i.timeManagerInit   time_keeper.o
    0x0800c028   0x00000010   Code   RO          386    i.time_keeper_interrupt_rutine  time_keeper.o
    0x0800c038   0x000000b8   Code   RO         7121    i.udp_bind          udp.o
    0x0800c0f0   0x00000002   Code   RO         7124    i.udp_init          udp.o
    0x0800c0f2   0x00000002   PAD
    0x0800c0f4   0x0000019c   Code   RO         7125    i.udp_input         udp.o
    0x0800c290   0x00000034   Code   RO         7126    i.udp_netif_ip_addr_changed  udp.o
    0x0800c2c4   0x0000001a   Code   RO         7127    i.udp_new           udp.o
    0x0800c2de   0x00000032   Code   RO         7132    i.udp_sendto        udp.o
    0x0800c310   0x00000036   Code   RO         7133    i.udp_sendto_if     udp.o
    0x0800c346   0x00000002   PAD
    0x0800c348   0x00000144   Code   RO         7134    i.udp_sendto_if_src  udp.o
    0x0800c48c   0x00000008   Data   RO         3837    .constdata          stm32f7xx_hal_dma.o
    0x0800c494   0x00000010   Data   RO         4944    .constdata          system_stm32f7xx.o
    0x0800c4a4   0x00000008   Data   RO         4945    .constdata          system_stm32f7xx.o
    0x0800c4ac   0x00000006   Data   RO         5420    .constdata          ethernet.o
    0x0800c4b2   0x00000006   Data   RO         5421    .constdata          ethernet.o
    0x0800c4b8   0x0000000c   Data   RO         6070    .constdata          memp.o
    0x0800c4c4   0x0000000c   Data   RO         6071    .constdata          memp.o
    0x0800c4d0   0x0000000c   Data   RO         6072    .constdata          memp.o
    0x0800c4dc   0x0000000c   Data   RO         6073    .constdata          memp.o
    0x0800c4e8   0x0000000c   Data   RO         6074    .constdata          memp.o
    0x0800c4f4   0x0000000c   Data   RO         6075    .constdata          memp.o
    0x0800c500   0x0000000c   Data   RO         6076    .constdata          memp.o
    0x0800c50c   0x0000000c   Data   RO         6077    .constdata          memp.o
    0x0800c518   0x0000000c   Data   RO         6078    .constdata          memp.o
    0x0800c524   0x00000024   Data   RO         6079    .constdata          memp.o
    0x0800c548   0x00000054   Data   RO         6600    .constdata          tcp.o
    0x0800c59c   0x00000018   Data   RO         7050    .constdata          timeouts.o
    0x0800c5b4   0x00000004   Data   RO         7496    .constdata          ip4_addr.o
    0x0800c5b8   0x00000075   Data   RO         6601    .conststring        tcp.o
    0x0800c62d   0x00000003   PAD
    0x0800c630   0x00000055   Data   RO         6940    .conststring        tcp_out.o
    0x0800c685   0x00000003   PAD
    0x0800c688   0x00000041   Data   RO         7285    .conststring        etharp.o
    0x0800c6c9   0x00000003   PAD
    0x0800c6cc   0x00000020   Data   RO         8324    Region$$Table       anon$$obj.o


    Execution Region RW_IRAM1 (Base: 0x20000000, Size: 0x00007c70, Max: 0x00050000, ABSOLUTE, COMPRESSED[0x00000014])

    Base Addr    Size         Type   Attr      Idx    E Section Name        Object

    0x20000000   0x00000008   Data   RW          307    .data               can_card.o
    0x20000008   0x00000020   Data   RW          388    .data               time_keeper.o
    0x20000028   0x00000020   Data   RW          459    .data               can_telemtry.o
    0x20000048   0x00000018   Data   RW          528    .data               main.o
    0x20000060   0x00000018   Data   RW          810    .data               lwip.o
    0x20000078   0x00000008   Data   RW          976    .data               stm32f7xx_it.o
    0x20000080   0x0000000c   Data   RW         4214    .data               stm32f7xx_hal.o
    0x2000008c   0x00000004   Data   RW         4946    .data               system_stm32f7xx.o
    0x20000090   0x0000000c   Data   RW         5993    .data               mem.o
    0x2000009c   0x00000004   Data   RW         6080    .data               memp.o
    0x200000a0   0x00000004   Data   RW         6081    .data               memp.o
    0x200000a4   0x00000004   Data   RW         6082    .data               memp.o
    0x200000a8   0x00000004   Data   RW         6083    .data               memp.o
    0x200000ac   0x00000004   Data   RW         6084    .data               memp.o
    0x200000b0   0x00000004   Data   RW         6085    .data               memp.o
    0x200000b4   0x00000004   Data   RW         6086    .data               memp.o
    0x200000b8   0x00000004   Data   RW         6087    .data               memp.o
    0x200000bc   0x00000004   Data   RW         6088    .data               memp.o
    0x200000c0   0x0000000c   Data   RW         6199    .data               netif.o
    0x200000cc   0x00000001   Data   RW         6338    .data               pbuf.o
    0x200000cd   0x00000003   PAD
    0x200000d0   0x00000020   Data   RW         6602    .data               tcp.o
    0x200000f0   0x00000024   Data   RW         6851    .data               tcp_in.o
    0x20000114   0x0000000c   Data   RW         7051    .data               timeouts.o
    0x20000120   0x00000008   Data   RW         7135    .data               udp.o
    0x20000128   0x00000001   Data   RW         7286    .data               etharp.o
    0x20000129   0x00000001   PAD
    0x2000012a   0x00000002   Data   RW         7441    .data               ip4.o
    0x2000012c   0x00000008   Data   RW         7564    .data               ip4_frag.o
    0x20000134   0x00000004   Data   RW         8300    .data               mc_w.l(stdout.o)
    0x20000138   0x00000260   Zero   RW           26    .bss                spi_stack.o
    0x20000398   0x00000190   Zero   RW          305    .bss                can_card.o
    0x20000528   0x0000001c   Zero   RW          456    .bss                can_telemtry.o
    0x20000544   0x0000045c   Zero   RW          516    .bss                main.o
    0x200009a0   0x00000060   Zero   RW          517    .bss                main.o
    0x20000a00   0x00000060   Zero   RW          518    .bss                main.o
    0x20000a60   0x00000060   Zero   RW          519    .bss                main.o
    0x20000ac0   0x00000060   Zero   RW          520    .bss                main.o
    0x20000b20   0x00000060   Zero   RW          521    .bss                main.o
    0x20000b80   0x00000030   Zero   RW          809    .bss                lwip.o
    0x20000bb0   0x000030e8   Zero   RW          876    .bss                ethernetif.o
    0x20003c98   0x00000018   Zero   RW         5955    .bss                ip.o
    0x20003cb0   0x00000813   Zero   RW         5992    .bss                mem.o
    0x200044c3   0x00000083   Zero   RW         6061    .bss                memp.o
    0x20004546   0x000002fb   Zero   RW         6062    .bss                memp.o
    0x20004841   0x000000e3   Zero   RW         6063    .bss                memp.o
    0x20004924   0x00000103   Zero   RW         6064    .bss                memp.o
    0x20004a27   0x000000a3   Zero   RW         6065    .bss                memp.o
    0x20004aca   0x0000016b   Zero   RW         6066    .bss                memp.o
    0x20004c35   0x00000033   Zero   RW         6067    .bss                memp.o
    0x20004c68   0x00000103   Zero   RW         6068    .bss                memp.o
    0x20004d6b   0x00002603   Zero   RW         6069    .bss                memp.o
    0x2000736e   0x00000002   PAD
    0x20007370   0x00000010   Zero   RW         6850    .bss                tcp_in.o
    0x20007380   0x000000f0   Zero   RW         7284    .bss                etharp.o
    0x20007470   0x00000800   Zero   RW            1    STACK               startup_stm32f746xx.o


==============================================================================

Image component sizes


      Code (inc. data)   RO Data    RW Data    ZI Data      Debug   Object Name

         0          0          0          0          0       1680   auth.o
       604         54          0          8        400       7017   can_card.o
       210         10          0         32         28       2720   can_telemtry.o
         8          0          0          0          0       1202   def.o
      2904       1170         65          1        240      13403   etharp.o
       408        156         12          0          0       2918   ethernet.o
      1006        138          0          0      12520       6738   ethernetif.o
       772        350          0          0          0       4722   icmp.o
        30          0          0          0          0       2952   init.o
         0          0          0          0         24       6157   ip.o
       910        182          0          2          0       5392   ip4.o
        46          0          4          0          0       7218   ip4_addr.o
      2696       1020          0          8          0      12162   ip4_frag.o
       268         22          0         24         48       2099   lwip.o
      2244        228          0         24       1596      35950   main.o
      1620        804          0         12       2067       6109   mem.o
       714        498        144         36      11947      10694   memp.o
       474        132          0         12          0      10357   netif.o
      3872       2054          0          1          0      25434   pbuf.o
        44         10          0          0          0        552   power_manager.o
         0          0          0          0          0       1406   slipif.o
        16          4          0          0        608     869335   spi_stack.o
        36          8        456          0       2048        884   startup_stm32f746xx.o
       150         24          0         12          0       9429   stm32f7xx_hal.o
      1456          6          0          0          0      14144   stm32f7xx_hal_can.o
       198         12          0          0          0      39303   stm32f7xx_hal_cortex.o
      1116         16          8          0          0       8481   stm32f7xx_hal_dma.o
      1870         66          0          0          0      11323   stm32f7xx_hal_eth.o
       516         60          0          0          0       4106   stm32f7xx_hal_gpio.o
      1476        148          0          0          0       7308   stm32f7xx_hal_msp.o
        16          4          0          0          0        595   stm32f7xx_hal_pwr.o
       108          8          0          0          0       1368   stm32f7xx_hal_pwr_ex.o
      1296         70          0          0          0       5940   stm32f7xx_hal_rcc.o
      1276         16          0          0          0       2384   stm32f7xx_hal_rcc_ex.o
      1174          0          0          0          0       6361   stm32f7xx_hal_spi.o
      1986        152          0          0          0      17516   stm32f7xx_hal_tim.o
       102          8          0          0          0       3296   stm32f7xx_hal_tim_ex.o
      1810         88          0          0          0      14131   stm32f7xx_hal_uart.o
       346         96          0          8          0      49908   stm32f7xx_it.o
        84         16         24          4          0       1371   system_stm32f7xx.o
      4256       1546        201         32          0      33602   tcp.o
      5982       1224          0         36         16      21243   tcp_in.o
      2936        832         85          0          0      22362   tcp_out.o
       124         40          0         32          0       4977   time_keeper.o
       592        220         24         12          0       6323   timeouts.o
      1104        270          0          8          0       9982   udp.o

    ----------------------------------------------------------------------
     48922      11762       1064        308      31544    1332554   Object Totals
         0          0         32          0          0          0   (incl. Generated)
        66          0          9          4          2          0   (incl. Padding)

    ----------------------------------------------------------------------

      Code (inc. data)   RO Data    RW Data    ZI Data      Debug   Library Member Name

        58          0          0          0          0          0   __dczerorl.o
         0          0          0          0          0          0   entry.o
         0          0          0          0          0          0   entry10a.o
         0          0          0          0          0          0   entry11a.o
         8          4          0          0          0          0   entry2.o
         4          0          0          0          0          0   entry5.o
         0          0          0          0          0          0   entry7b.o
         0          0          0          0          0          0   entry8b.o
         8          4          0          0          0          0   entry9a.o
        18          0          0          0          0         80   fputc.o
        30          0          0          0          0          0   handlers.o
        36          8          0          0          0         68   init.o
         0          0          0          0          0          0   iusesemip.o
        30          0          0          0          0         68   llshl.o
        32          0          0          0          0         68   llushr.o
        26          0          0          0          0         80   memcmp.o
        36          0          0          0          0         68   memcpya.o
        36          0          0          0          0        108   memseta.o
       472         14          0          0          0        184   printf3.o
         0          0          0          0          0          0   semi.o
         0          0          0          4          0          0   stdout.o
        44          0          0          0          0         80   uidiv.o
        98          0          0          0          0         92   uldiv.o

    ----------------------------------------------------------------------
       938         30          0          4          0        896   Library Totals
         2          0          0          0          0          0   (incl. Padding)

    ----------------------------------------------------------------------

      Code (inc. data)   RO Data    RW Data    ZI Data      Debug   Library Name

       936         30          0          4          0        896   mc_w.l

    ----------------------------------------------------------------------
       938         30          0          4          0        896   Library Totals

    ----------------------------------------------------------------------

==============================================================================


      Code (inc. data)   RO Data    RW Data    ZI Data      Debug   

     49860      11792       1064        312      31544    1301618   Grand Totals
     49860      11792       1064         20      31544    1301618   ELF Image Totals (compressed)
     49860      11792       1064         20          0          0   ROM Totals

==============================================================================

    Total RO  Size (Code + RO Data)                50924 (  49.73kB)
    Total RW  Size (RW Data + ZI Data)             31856 (  31.11kB)
    Total ROM Size (Code + RO Data + RW Data)      50944 (  49.75kB)

==============================================================================

