Component: ARM Compiler 5.06 update 4 (build 422) Tool: armlink [4d35d2]

==============================================================================

Section Cross References

    startup_stm32f746xx.o(RESET) refers to startup_stm32f746xx.o(STACK) for __initial_sp
    startup_stm32f746xx.o(RESET) refers to startup_stm32f746xx.o(.text) for Reset_Handler
    startup_stm32f746xx.o(RESET) refers to stm32f7xx_it.o(i.NMI_Handler) for NMI_Handler
    startup_stm32f746xx.o(RESET) refers to stm32f7xx_it.o(i.HardFault_Handler) for HardFault_Handler
    startup_stm32f746xx.o(RESET) refers to stm32f7xx_it.o(i.MemManage_Handler) for MemManage_Handler
    startup_stm32f746xx.o(RESET) refers to stm32f7xx_it.o(i.BusFault_Handler) for BusFault_Handler
    startup_stm32f746xx.o(RESET) refers to stm32f7xx_it.o(i.UsageFault_Handler) for UsageFault_Handler
    startup_stm32f746xx.o(RESET) refers to stm32f7xx_it.o(i.SVC_Handler) for SVC_Handler
    startup_stm32f746xx.o(RESET) refers to stm32f7xx_it.o(i.DebugMon_Handler) for DebugMon_Handler
    startup_stm32f746xx.o(RESET) refers to stm32f7xx_it.o(i.PendSV_Handler) for PendSV_Handler
    startup_stm32f746xx.o(RESET) refers to stm32f7xx_it.o(i.SysTick_Handler) for SysTick_Handler
    startup_stm32f746xx.o(RESET) refers to stm32f7xx_it.o(i.EXTI4_IRQHandler) for EXTI4_IRQHandler
    startup_stm32f746xx.o(RESET) refers to stm32f7xx_it.o(i.CAN1_RX0_IRQHandler) for CAN1_RX0_IRQHandler
    startup_stm32f746xx.o(RESET) refers to stm32f7xx_it.o(i.CAN1_RX1_IRQHandler) for CAN1_RX1_IRQHandler
    startup_stm32f746xx.o(RESET) refers to stm32f7xx_it.o(i.EXTI9_5_IRQHandler) for EXTI9_5_IRQHandler
    startup_stm32f746xx.o(RESET) refers to stm32f7xx_it.o(i.TIM1_UP_TIM10_IRQHandler) for TIM1_UP_TIM10_IRQHandler
    startup_stm32f746xx.o(RESET) refers to stm32f7xx_it.o(i.TIM4_IRQHandler) for TIM4_IRQHandler
    startup_stm32f746xx.o(RESET) refers to stm32f7xx_it.o(i.SPI1_IRQHandler) for SPI1_IRQHandler
    startup_stm32f746xx.o(RESET) refers to stm32f7xx_it.o(i.EXTI15_10_IRQHandler) for EXTI15_10_IRQHandler
    startup_stm32f746xx.o(.text) refers to system_stm32f7xx.o(i.SystemInit) for SystemInit
    startup_stm32f746xx.o(.text) refers to entry.o(.ARM.Collect$$$$00000000) for __main
    spi_stack.o(i.IMP_Write) refers to spi_stack.o(i.regWrite) for regWrite
    spi_stack.o(i.IMP_Write) refers to spi_stack.o(.bss) for .bss
    spi_stack.o(i.IMU_Write) refers to spi_stack.o(i.regWrite) for regWrite
    spi_stack.o(i.IMU_Write) refers to spi_stack.o(.bss) for .bss
    spi_stack.o(i.RPUs_Write) refers to spi_stack.o(i.regWrite) for regWrite
    spi_stack.o(i.RPUs_Write) refers to spi_stack.o(.bss) for .bss
    spi_stack.o(i.SlidersRead) refers to spi_stack.o(.bss) for .bss
    spi_stack.o(i.SlidersRead) refers to spi_stack.o(.data) for .data
    spi_stack.o(i.readKeys) refers to spi_stack.o(.bss) for .bss
    spi_stack.o(i.readKeys) refers to spi_stack.o(.data) for .data
    spi_stack.o(i.regRead) refers to memcpya.o(.text) for __aeabi_memcpy
    spi_stack.o(i.regRead) refers to spi_stack.o(.bss) for .bss
    spi_stack.o(i.regWrite) refers to memcpya.o(.text) for __aeabi_memcpy
    spi_stack.o(i.regWrite) refers to spi_stack.o(.bss) for .bss
    spi_stack.o(i.spi_stack_CS_Mng) refers to stm32f7xx_hal_gpio.o(i.HAL_GPIO_ReadPin) for HAL_GPIO_ReadPin
    spi_stack.o(i.spi_stack_CS_Mng) refers to spi_stack.o(.data) for .data
    spi_stack.o(i.spi_stack_init) refers to memseta.o(.text) for __aeabi_memclr4
    spi_stack.o(i.spi_stack_init) refers to spi_stack.o(.bss) for .bss
    spi_stack.o(i.spi_stack_stateMacine) refers to spi_stack.o(.data) for .data
    spi_stack.o(i.spi_stack_stateMacine) refers to spi_stack.o(.bss) for .bss
    power_manager.o(i.ledStateMachine) refers to power_manager.o(.data) for .data
    power_manager.o(i.led_interrupt_rutine) refers to f2d.o(.text) for __aeabi_f2d
    power_manager.o(i.led_interrupt_rutine) refers to dmul.o(.text) for __aeabi_dmul
    power_manager.o(i.led_interrupt_rutine) refers to dadd.o(.text) for __aeabi_dadd
    power_manager.o(i.led_interrupt_rutine) refers to d2f.o(.text) for __aeabi_d2f
    power_manager.o(i.led_interrupt_rutine) refers to power_manager.o(.data) for .data
    power_manager.o(i.poweSwitchStateMachine) refers to stm32f7xx_hal_gpio.o(i.HAL_GPIO_ReadPin) for HAL_GPIO_ReadPin
    power_manager.o(i.poweSwitchStateMachine) refers to power_manager.o(i.setRaspPower) for setRaspPower
    power_manager.o(i.poweSwitchStateMachine) refers to power_manager.o(i.setBackLight) for setBackLight
    power_manager.o(i.poweSwitchStateMachine) refers to stm32f7xx_hal_gpio.o(i.HAL_GPIO_WritePin) for HAL_GPIO_WritePin
    power_manager.o(i.poweSwitchStateMachine) refers to stm32f7xx_hal.o(i.HAL_Delay) for HAL_Delay
    power_manager.o(i.poweSwitchStateMachine) refers to power_manager.o(.data) for .data
    power_manager.o(i.powerManager_init) refers to stm32f7xx_hal_tim.o(i.HAL_TIM_Base_Start) for HAL_TIM_Base_Start
[...]
    CAN1_SCE_IRQHandler                      0x080001f7   Thumb Code     0  startup_stm32f746xx.o(.text)
    CAN1_TX_IRQHandler                       0x080001f7   Thumb Code     0  startup_stm32f746xx.o(.text)
    CAN2_RX0_IRQHandler                      0x080001f7   Thumb Code     0  startup_stm32f746xx.o(.text)
    CAN2_RX1_IRQHandler                      0x080001f7   Thumb Code     0  startup_stm32f746xx.o(.text)
    CAN2_SCE_IRQHandler                      0x080001f7   Thumb Code     0  startup_stm32f746xx.o(.text)
    CAN2_TX_IRQHandler                       0x080001f7   Thumb Code     0  startup_stm32f746xx.o(.text)
    CEC_IRQHandler                           0x080001f7   Thumb Code     0  startup_stm32f746xx.o(.text)
    DCMI_IRQHandler                          0x080001f7   Thumb Code     0  startup_stm32f746xx.o(.text)
    DMA1_Stream0_IRQHandler                  0x080001f7   Thumb Code     0  startup_stm32f746xx.o(.text)
    DMA1_Stream1_IRQHandler                  0x080001f7   Thumb Code     0  startup_stm32f746xx.o(.text)
    DMA1_Stream2_IRQHandler                  0x080001f7   Thumb Code     0  startup_stm32f746xx.o(.text)
    DMA1_Stream3_IRQHandler                  0x080001f7   Thumb Code     0  startup_stm32f746xx.o(.text)
    DMA1_Stream4_IRQHandler                  0x080001f7   Thumb Code     0  startup_stm32f746xx.o(.text)
    DMA1_Stream5_IRQHandler                  0x080001f7   Thumb Code     0  startup_stm32f746xx.o(.text)
    DMA1_Stream6_IRQHandler                  0x080001f7   Thumb Code     0  startup_stm32f746xx.o(.text)
    DMA1_Stream7_IRQHandler                  0x080001f7   Thumb Code     0  startup_stm32f746xx.o(.text)
    DMA2D_IRQHandler                         0x080001f7   Thumb Code     0  startup_stm32f746xx.o(.text)
    DMA2_Stream0_IRQHandler                  0x080001f7   Thumb Code     0  startup_stm32f746xx.o(.text)
    DMA2_Stream1_IRQHandler                  0x080001f7   Thumb Code     0  startup_stm32f746xx.o(.text)
    DMA2_Stream2_IRQHandler                  0x080001f7   Thumb Code     0  startup_stm32f746xx.o(.text)
    DMA2_Stream3_IRQHandler                  0x080001f7   Thumb Code     0  startup_stm32f746xx.o(.text)
    DMA2_Stream4_IRQHandler                  0x080001f7   Thumb Code     0  startup_stm32f746xx.o(.text)
    DMA2_Stream5_IRQHandler                  0x080001f7   Thumb Code     0  startup_stm32f746xx.o(.text)
    DMA2_Stream6_IRQHandler                  0x080001f7   Thumb Code     0  startup_stm32f746xx.o(.text)
    DMA2_Stream7_IRQHandler                  0x080001f7   Thumb Code     0  startup_stm32f746xx.o(.text)
    ETH_IRQHandler                           0x080001f7   Thumb Code     0  startup_stm32f746xx.o(.text)
    ETH_WKUP_IRQHandler                      0x080001f7   Thumb Code     0  startup_stm32f746xx.o(.text)
    EXTI0_IRQHandler                         0x080001f7   Thumb Code     0  startup_stm32f746xx.o(.text)
    EXTI1_IRQHandler                         0x080001f7   Thumb Code     0  startup_stm32f746xx.o(.text)
    EXTI2_IRQHandler                         0x080001f7   Thumb Code     0  startup_stm32f746xx.o(.text)
    EXTI3_IRQHandler                         0x080001f7   Thumb Code     0  startup_stm32f746xx.o(.text)
    FLASH_IRQHandler                         0x080001f7   Thumb Code     0  startup_stm32f746xx.o(.text)
    FMC_IRQHandler                           0x080001f7   Thumb Code     0  startup_stm32f746xx.o(.text)
    FPU_IRQHandler                           0x080001f7   Thumb Code     0  startup_stm32f746xx.o(.text)
    I2C1_ER_IRQHandler                       0x080001f7   Thumb Code     0  startup_stm32f746xx.o(.text)
    I2C1_EV_IRQHandler                       0x080001f7   Thumb Code     0  startup_stm32f746xx.o(.text)
    I2C2_ER_IRQHandler                       0x080001f7   Thumb Code     0  startup_stm32f746xx.o(.text)
    I2C2_EV_IRQHandler                       0x080001f7   Thumb Code     0  startup_stm32f746xx.o(.text)
    I2C3_ER_IRQHandler                       0x080001f7   Thumb Code     0  startup_stm32f746xx.o(.text)
    I2C3_EV_IRQHandler                       0x080001f7   Thumb Code     0  startup_stm32f746xx.o(.text)
    I2C4_ER_IRQHandler                       0x080001f7   Thumb Code     0  startup_stm32f746xx.o(.text)
    I2C4_EV_IRQHandler                       0x080001f7   Thumb Code     0  startup_stm32f746xx.o(.text)
    LPTIM1_IRQHandler                        0x080001f7   Thumb Code     0  startup_stm32f746xx.o(.text)
    LTDC_ER_IRQHandler                       0x080001f7   Thumb Code     0  startup_stm32f746xx.o(.text)
    LTDC_IRQHandler                          0x080001f7   Thumb Code     0  startup_stm32f746xx.o(.text)
    OTG_FS_IRQHandler                        0x080001f7   Thumb Code     0  startup_stm32f746xx.o(.text)
    OTG_FS_WKUP_IRQHandler                   0x080001f7   Thumb Code     0  startup_stm32f746xx.o(.text)
    OTG_HS_EP1_IN_IRQHandler                 0x080001f7   Thumb Code     0  startup_stm32f746xx.o(.text)
    OTG_HS_EP1_OUT_IRQHandler                0x080001f7   Thumb Code     0  startup_stm32f746xx.o(.text)
    OTG_HS_IRQHandler                        0x080001f7   Thumb Code     0  startup_stm32f746xx.o(.text)
    OTG_HS_WKUP_IRQHandler                   0x080001f7   Thumb Code     0  startup_stm32f746xx.o(.text)
    PVD_IRQHandler                           0x080001f7   Thumb Code     0  startup_stm32f746xx.o(.text)
    QUADSPI_IRQHandler                       0x080001f7   Thumb Code     0  startup_stm32f746xx.o(.text)
    RCC_IRQHandler                           0x080001f7   Thumb Code     0  startup_stm32f746xx.o(.text)
    RNG_IRQHandler                           0x080001f7   Thumb Code     0  startup_stm32f746xx.o(.text)
    RTC_Alarm_IRQHandler                     0x080001f7   Thumb Code     0  startup_stm32f746xx.o(.text)
    RTC_WKUP_IRQHandler                      0x080001f7   Thumb Code     0  startup_stm32f746xx.o(.text)
    SAI1_IRQHandler                          0x080001f7   Thumb Code     0  startup_stm32f746xx.o(.text)
    SAI2_IRQHandler                          0x080001f7   Thumb Code     0  startup_stm32f746xx.o(.text)
    SDMMC1_IRQHandler                        0x080001f7   Thumb Code     0  startup_stm32f746xx.o(.text)
    SPDIF_RX_IRQHandler                      0x080001f7   Thumb Code     0  startup_stm32f746xx.o(.text)
    SPI2_IRQHandler                          0x080001f7   Thumb Code     0  startup_stm32f746xx.o(.text)
    SPI3_IRQHandler                          0x080001f7   Thumb Code     0  startup_stm32f746xx.o(.text)
    SPI4_IRQHandler                          0x080001f7   Thumb Code     0  startup_stm32f746xx.o(.text)
    SPI5_IRQHandler                          0x080001f7   Thumb Code     0  startup_stm32f746xx.o(.text)
    SPI6_IRQHandler                          0x080001f7   Thumb Code     0  startup_stm32f746xx.o(.text)
    TAMP_STAMP_IRQHandler                    0x080001f7   Thumb Code     0  startup_stm32f746xx.o(.text)
    TIM1_BRK_TIM9_IRQHandler                 0x080001f7   Thumb Code     0  startup_stm32f746xx.o(.text)
    TIM1_CC_IRQHandler                       0x080001f7   Thumb Code     0  startup_stm32f746xx.o(.text)
    TIM1_TRG_COM_TIM11_IRQHandler            0x080001f7   Thumb Code     0  startup_stm32f746xx.o(.text)
    TIM2_IRQHandler                          0x080001f7   Thumb Code     0  startup_stm32f746xx.o(.text)
    TIM3_IRQHandler                          0x080001f7   Thumb Code     0  startup_stm32f746xx.o(.text)
    TIM5_IRQHandler                          0x080001f7   Thumb Code     0  startup_stm32f746xx.o(.text)
    TIM6_DAC_IRQHandler                      0x080001f7   Thumb Code     0  startup_stm32f746xx.o(.text)
    TIM7_IRQHandler                          0x080001f7   Thumb Code     0  startup_stm32f746xx.o(.text)
    TIM8_BRK_TIM12_IRQHandler                0x080001f7   Thumb Code     0  startup_stm32f746xx.o(.text)
    TIM8_CC_IRQHandler                       0x080001f7   Thumb Code     0  startup_stm32f746xx.o(.text)
    TIM8_TRG_COM_TIM14_IRQHandler            0x080001f7   Thumb Code     0  startup_stm32f746xx.o(.text)
    TIM8_UP_TIM13_IRQHandler                 0x080001f7   Thumb Code     0  startup_stm32f746xx.o(.text)
    UART4_IRQHandler                         0x080001f7   Thumb Code     0  startup_stm32f746xx.o(.text)
    UART5_IRQHandler                         0x080001f7   Thumb Code     0  startup_stm32f746xx.o(.text)
    UART7_IRQHandler                         0x080001f7   Thumb Code     0  startup_stm32f746xx.o(.text)
    UART8_IRQHandler                         0x080001f7   Thumb Code     0  startup_stm32f746xx.o(.text)
    USART1_IRQHandler                        0x080001f7   Thumb Code     0  startup_stm32f746xx.o(.text)
    USART2_IRQHandler                        0x080001f7   Thumb Code     0  startup_stm32f746xx.o(.text)
    USART3_IRQHandler                        0x080001f7   Thumb Code     0  startup_stm32f746xx.o(.text)
    USART6_IRQHandler                        0x080001f7   Thumb Code     0  startup_stm32f746xx.o(.text)
    WWDG_IRQHandler                          0x080001f7   Thumb Code     0  startup_stm32f746xx.o(.text)
    __aeabi_uldivmod                         0x08000201   Thumb Code    98  uldiv.o(.text)
    __aeabi_memcpy                           0x08000263   Thumb Code    36  memcpya.o(.text)
    __aeabi_memcpy4                          0x08000263   Thumb Code     0  memcpya.o(.text)
    __aeabi_memcpy8                          0x08000263   Thumb Code     0  memcpya.o(.text)
    __aeabi_memset                           0x08000287   Thumb Code    14  memseta.o(.text)
    __aeabi_memset4                          0x08000287   Thumb Code     0  memseta.o(.text)
    __aeabi_memset8                          0x08000287   Thumb Code     0  memseta.o(.text)
    __aeabi_memclr                           0x08000295   Thumb Code     4  memseta.o(.text)
    __aeabi_memclr4                          0x08000295   Thumb Code     0  memseta.o(.text)
    __aeabi_memclr8                          0x08000295   Thumb Code     0  memseta.o(.text)
    _memset$wrapper                          0x08000299   Thumb Code    18  memseta.o(.text)
    memcmp                                   0x080002ab   Thumb Code    26  memcmp.o(.text)
    __aeabi_dadd                             0x080002c5   Thumb Code   322  dadd.o(.text)
    __aeabi_dsub                             0x08000407   Thumb Code     6  dadd.o(.text)
    __aeabi_drsub                            0x0800040d   Thumb Code     6  dadd.o(.text)
    __aeabi_dmul                             0x08000413   Thumb Code   228  dmul.o(.text)
    __aeabi_f2d                              0x080004f7   Thumb Code    38  f2d.o(.text)
    __aeabi_d2f                              0x0800051d   Thumb Code    56  d2f.o(.text)
    __aeabi_uidiv                            0x08000555   Thumb Code     0  uidiv.o(.text)
    __aeabi_uidivmod                         0x08000555   Thumb Code    44  uidiv.o(.text)
    __aeabi_llsl                             0x08000581   Thumb Code    30  llshl.o(.text)
    _ll_shift_l                              0x08000581   Thumb Code     0  llshl.o(.text)
    __aeabi_llsr                             0x0800059f   Thumb Code    32  llushr.o(.text)
    _ll_ushift_r                             0x0800059f   Thumb Code     0  llushr.o(.text)
    __aeabi_lasr                             0x080005bf   Thumb Code    36  llsshr.o(.text)
    _ll_sshift_r                             0x080005bf   Thumb Code     0  llsshr.o(.text)
    __I$use$fp                               0x080005e3   Thumb Code     0  iusefp.o(.text)
    _float_round                             0x080005e3   Thumb Code    18  fepilogue.o(.text)
    _float_epilogue                          0x080005f5   Thumb Code    92  fepilogue.o(.text)
    _double_round                            0x08000651   Thumb Code    30  depilogue.o(.text)
    _double_epilogue                         0x0800066f   Thumb Code   156  depilogue.o(.text)
    __scatterload                            0x0800070d   Thumb Code    28  init.o(.text)
    __scatterload_rt2                        0x0800070d   Thumb Code     0  init.o(.text)
    __I$use$semihosting$fputc                0x08000731   Thumb Code     0  iusesemip.o(.text)
    __decompress                             0x08000731   Thumb Code     0  __dczerorl.o(.text)
    __decompress0                            0x08000731   Thumb Code    58  __dczerorl.o(.text)
    __semihosting_library_function           0x08000731   Thumb Code     0  semi.o(.text)
    BusFault_Handler                         0x0800076b   Thumb Code     2  stm32f7xx_it.o(i.BusFault_Handler)
    CAN1_RX0_IRQHandler                      0x0800076d   Thumb Code     6  stm32f7xx_it.o(i.CAN1_RX0_IRQHandler)
    CAN1_RX1_IRQHandler                      0x08000779   Thumb Code     6  stm32f7xx_it.o(i.CAN1_RX1_IRQHandler)
    CAN_CARDS_INIT                           0x08000785   Thumb Code    48  can_card.o(i.CAN_CARDS_INIT)
    CCU_Read                                 0x080007bd   Thumb Code   212  can_card.o(i.CCU_Read)
    CCU_Write                                0x0800089d   Thumb Code   184  can_card.o(i.CCU_Write)
    CC_Interrupt_rutine                      0x08000961   Thumb Code   210  can_card.o(i.CC_Interrupt_rutine)
    DebugMon_Handler                         0x08000a3d   Thumb Code     2  stm32f7xx_it.o(i.DebugMon_Handler)
    EXTI15_10_IRQHandler                     0x08000b91   Thumb Code     8  stm32f7xx_it.o(i.EXTI15_10_IRQHandler)
    EXTI4_IRQHandler                         0x08000b99   Thumb Code    22  stm32f7xx_it.o(i.EXTI4_IRQHandler)
    EXTI9_5_IRQHandler                       0x08000bb9   Thumb Code    34  stm32f7xx_it.o(i.EXTI9_5_IRQHandler)
    HAL_CAN_ConfigFilter                     0x08000bdd   Thumb Code   262  stm32f7xx_hal_can.o(i.HAL_CAN_ConfigFilter)
    HAL_CAN_ErrorCallback                    0x08000ce9   Thumb Code     2  stm32f7xx_hal_can.o(i.HAL_CAN_ErrorCallback)
    HAL_CAN_GetRxMessage                     0x08000ced   Thumb Code   250  stm32f7xx_hal_can.o(i.HAL_CAN_GetRxMessage)
    HAL_CAN_IRQHandler                       0x08000de7   Thumb Code   508  stm32f7xx_hal_can.o(i.HAL_CAN_IRQHandler)
    HAL_CAN_Init                             0x08000fe3   Thumb Code   282  stm32f7xx_hal_can.o(i.HAL_CAN_Init)
    HAL_CAN_MspInit                          0x080010fd   Thumb Code   148  stm32f7xx_hal_msp.o(i.HAL_CAN_MspInit)
    HAL_CAN_RxFifo0FullCallback              0x080011a1   Thumb Code     2  stm32f7xx_hal_can.o(i.HAL_CAN_RxFifo0FullCallback)
    HAL_CAN_RxFifo0MsgPendingCallback        0x080011a5   Thumb Code    10  main.o(i.HAL_CAN_RxFifo0MsgPendingCallback)
    HAL_CAN_RxFifo1FullCallback              0x080011b9   Thumb Code     2  stm32f7xx_hal_can.o(i.HAL_CAN_RxFifo1FullCallback)
    HAL_CAN_RxFifo1MsgPendingCallback        0x080011bb   Thumb Code     2  stm32f7xx_hal_can.o(i.HAL_CAN_RxFifo1MsgPendingCallback)
    HAL_CAN_SleepCallback                    0x080011bd   Thumb Code     2  stm32f7xx_hal_can.o(i.HAL_CAN_SleepCallback)
    HAL_CAN_Start                            0x080011c1   Thumb Code    88  stm32f7xx_hal_can.o(i.HAL_CAN_Start)
    HAL_CAN_TxMailbox0AbortCallback          0x08001219   Thumb Code     2  stm32f7xx_hal_can.o(i.HAL_CAN_TxMailbox0AbortCallback)
    HAL_CAN_TxMailbox0CompleteCallback       0x0800121b   Thumb Code     2  stm32f7xx_hal_can.o(i.HAL_CAN_TxMailbox0CompleteCallback)
    HAL_CAN_TxMailbox1AbortCallback          0x0800121d   Thumb Code     2  stm32f7xx_hal_can.o(i.HAL_CAN_TxMailbox1AbortCallback)
    HAL_CAN_TxMailbox1CompleteCallback       0x0800121f   Thumb Code     2  stm32f7xx_hal_can.o(i.HAL_CAN_TxMailbox1CompleteCallback)
    HAL_CAN_TxMailbox2AbortCallback          0x08001221   Thumb Code     2  stm32f7xx_hal_can.o(i.HAL_CAN_TxMailbox2AbortCallback)
    HAL_CAN_TxMailbox2CompleteCallback       0x08001223   Thumb Code     2  stm32f7xx_hal_can.o(i.HAL_CAN_TxMailbox2CompleteCallback)
    HAL_CAN_WakeUpFromRxMsgCallback          0x08001225   Thumb Code     2  stm32f7xx_hal_can.o(i.HAL_CAN_WakeUpFromRxMsgCallback)
    HAL_DMA_Abort_IT                         0x08001227   Thumb Code    36  stm32f7xx_hal_dma.o(i.HAL_DMA_Abort_IT)
    HAL_Delay                                0x0800124d   Thumb Code    32  stm32f7xx_hal.o(i.HAL_Delay)
    HAL_ETH_DMARxDescListInit                0x08001271   Thumb Code   116  stm32f7xx_hal_eth.o(i.HAL_ETH_DMARxDescListInit)
    HAL_ETH_DMATxDescListInit                0x080012e5   Thumb Code   132  stm32f7xx_hal_eth.o(i.HAL_ETH_DMATxDescListInit)
    HAL_ETH_GetReceivedFrame                 0x08001369   Thumb Code   126  stm32f7xx_hal_eth.o(i.HAL_ETH_GetReceivedFrame)
    HAL_ETH_Init                             0x080013e9   Thumb Code   454  stm32f7xx_hal_eth.o(i.HAL_ETH_Init)
    HAL_ETH_MspInit                          0x080015d9   Thumb Code   196  ethernetif.o(i.HAL_ETH_MspInit)
    HAL_ETH_ReadPHYRegister                  0x080016b5   Thumb Code   134  stm32f7xx_hal_eth.o(i.HAL_ETH_ReadPHYRegister)
    HAL_ETH_Start                            0x0800173b   Thumb Code   132  stm32f7xx_hal_eth.o(i.HAL_ETH_Start)
    HAL_ETH_TransmitFrame                    0x080017bf   Thumb Code   274  stm32f7xx_hal_eth.o(i.HAL_ETH_TransmitFrame)
    HAL_ETH_WritePHYRegister                 0x080018d1   Thumb Code   122  stm32f7xx_hal_eth.o(i.HAL_ETH_WritePHYRegister)
    HAL_GPIO_EXTI_Callback                   0x0800194b   Thumb Code     4  main.o(i.HAL_GPIO_EXTI_Callback)
    HAL_GPIO_EXTI_IRQHandler                 0x08001951   Thumb Code    18  stm32f7xx_hal_gpio.o(i.HAL_GPIO_EXTI_IRQHandler)
    HAL_GPIO_Init                            0x08001969   Thumb Code   418  stm32f7xx_hal_gpio.o(i.HAL_GPIO_Init)
    HAL_GPIO_ReadPin                         0x08001b41   Thumb Code    10  stm32f7xx_hal_gpio.o(i.HAL_GPIO_ReadPin)
    HAL_GPIO_WritePin                        0x08001b4b   Thumb Code    10  stm32f7xx_hal_gpio.o(i.HAL_GPIO_WritePin)
    HAL_GetTick                              0x08001b55   Thumb Code     6  stm32f7xx_hal.o(i.HAL_GetTick)
    HAL_IncTick                              0x08001b61   Thumb Code    12  stm32f7xx_hal.o(i.HAL_IncTick)
    HAL_Init                                 0x08001b71   Thumb Code    22  stm32f7xx_hal.o(i.HAL_Init)
    HAL_InitTick                             0x08001b89   Thumb Code    54  stm32f7xx_hal.o(i.HAL_InitTick)
    HAL_MspInit                              0x08001bc9   Thumb Code    42  stm32f7xx_hal_msp.o(i.HAL_MspInit)
    HAL_NVIC_EnableIRQ                       0x08001bf9   Thumb Code    26  stm32f7xx_hal_cortex.o(i.HAL_NVIC_EnableIRQ)
    HAL_NVIC_SetPriority                     0x08001c15   Thumb Code    60  stm32f7xx_hal_cortex.o(i.HAL_NVIC_SetPriority)
    HAL_NVIC_SetPriorityGrouping             0x08001c55   Thumb Code    28  stm32f7xx_hal_cortex.o(i.HAL_NVIC_SetPriorityGrouping)
    HAL_PWREx_EnableOverDrive                0x08001c79   Thumb Code   100  stm32f7xx_hal_pwr_ex.o(i.HAL_PWREx_EnableOverDrive)
    HAL_PWR_EnableBkUpAccess                 0x08001ce5   Thumb Code    12  stm32f7xx_hal_pwr.o(i.HAL_PWR_EnableBkUpAccess)
    HAL_RCCEx_PeriphCLKConfig                0x08001cf5   Thumb Code  1276  stm32f7xx_hal_rcc_ex.o(i.HAL_RCCEx_PeriphCLKConfig)
    HAL_RCC_ClockConfig                      0x080021f1   Thumb Code   282  stm32f7xx_hal_rcc.o(i.HAL_RCC_ClockConfig)
    HAL_RCC_GetHCLKFreq                      0x0800231d   Thumb Code     6  stm32f7xx_hal_rcc.o(i.HAL_RCC_GetHCLKFreq)
    HAL_RCC_GetPCLK1Freq                     0x08002329   Thumb Code    20  stm32f7xx_hal_rcc.o(i.HAL_RCC_GetPCLK1Freq)
    HAL_RCC_GetPCLK2Freq                     0x08002349   Thumb Code    20  stm32f7xx_hal_rcc.o(i.HAL_RCC_GetPCLK2Freq)
    HAL_RCC_GetSysClockFreq                  0x08002369   Thumb Code    88  stm32f7xx_hal_rcc.o(i.HAL_RCC_GetSysClockFreq)
    HAL_RCC_OscConfig                        0x080023c9   Thumb Code   810  stm32f7xx_hal_rcc.o(i.HAL_RCC_OscConfig)
    HAL_SPI_ErrorCallback                    0x08002701   Thumb Code     2  stm32f7xx_hal_spi.o(i.HAL_SPI_ErrorCallback)
    HAL_SPI_IRQHandler                       0x08002705   Thumb Code   248  stm32f7xx_hal_spi.o(i.HAL_SPI_IRQHandler)
    HAL_SPI_Init                             0x08002801   Thumb Code   196  stm32f7xx_hal_spi.o(i.HAL_SPI_Init)
    HAL_SPI_MspInit                          0x080028c5   Thumb Code   230  stm32f7xx_hal_msp.o(i.HAL_SPI_MspInit)
    HAL_SPI_TransmitReceive                  0x080029c5   Thumb Code   608  stm32f7xx_hal_spi.o(i.HAL_SPI_TransmitReceive)
    HAL_SYSTICK_Config                       0x08002c25   Thumb Code    38  stm32f7xx_hal_cortex.o(i.HAL_SYSTICK_Config)
    HAL_TIMEx_Break2Callback                 0x08002c4b   Thumb Code     2  stm32f7xx_hal_tim_ex.o(i.HAL_TIMEx_Break2Callback)
    HAL_TIMEx_BreakCallback                  0x08002c4d   Thumb Code     2  stm32f7xx_hal_tim_ex.o(i.HAL_TIMEx_BreakCallback)
    HAL_TIMEx_CommutCallback                 0x08002c4f   Thumb Code     2  stm32f7xx_hal_tim_ex.o(i.HAL_TIMEx_CommutCallback)
    HAL_TIMEx_MasterConfigSynchronization    0x08002c51   Thumb Code    88  stm32f7xx_hal_tim_ex.o(i.HAL_TIMEx_MasterConfigSynchronization)
    HAL_TIM_Base_Init                        0x08002cb1   Thumb Code    54  stm32f7xx_hal_tim.o(i.HAL_TIM_Base_Init)
    HAL_TIM_Base_MspInit                     0x08002ce9   Thumb Code    50  stm32f7xx_hal_msp.o(i.HAL_TIM_Base_MspInit)
    HAL_TIM_Base_Start                       0x08002d25   Thumb Code    42  stm32f7xx_hal_tim.o(i.HAL_TIM_Base_Start)
    HAL_TIM_Base_Start_IT                    0x08002d55   Thumb Code    40  stm32f7xx_hal_tim.o(i.HAL_TIM_Base_Start_IT)
    HAL_TIM_ConfigClockSource                0x08002d81   Thumb Code   214  stm32f7xx_hal_tim.o(i.HAL_TIM_ConfigClockSource)
    HAL_TIM_Encoder_Init                     0x08002e5d   Thumb Code   162  stm32f7xx_hal_tim.o(i.HAL_TIM_Encoder_Init)
    HAL_TIM_Encoder_MspInit                  0x08002f05   Thumb Code   106  stm32f7xx_hal_msp.o(i.HAL_TIM_Encoder_MspInit)
    HAL_TIM_IC_CaptureCallback               0x08002f7d   Thumb Code     2  stm32f7xx_hal_tim.o(i.HAL_TIM_IC_CaptureCallback)
    HAL_TIM_IRQHandler                       0x08002f7f   Thumb Code   386  stm32f7xx_hal_tim.o(i.HAL_TIM_IRQHandler)
    HAL_TIM_MspPostInit                      0x08003101   Thumb Code   108  stm32f7xx_hal_msp.o(i.HAL_TIM_MspPostInit)
    HAL_TIM_OC_DelayElapsedCallback          0x08003179   Thumb Code     2  stm32f7xx_hal_tim.o(i.HAL_TIM_OC_DelayElapsedCallback)
    HAL_TIM_PWM_ConfigChannel                0x0800317b   Thumb Code   296  stm32f7xx_hal_tim.o(i.HAL_TIM_PWM_ConfigChannel)
    HAL_TIM_PWM_Init                         0x080032a3   Thumb Code    54  stm32f7xx_hal_tim.o(i.HAL_TIM_PWM_Init)
    HAL_TIM_PWM_MspInit                      0x080032d9   Thumb Code    52  stm32f7xx_hal_msp.o(i.HAL_TIM_PWM_MspInit)
    HAL_TIM_PWM_PulseFinishedCallback        0x08003315   Thumb Code     2  stm32f7xx_hal_tim.o(i.HAL_TIM_PWM_PulseFinishedCallback)
    HAL_TIM_PWM_Start                        0x08003319   Thumb Code    64  stm32f7xx_hal_tim.o(i.HAL_TIM_PWM_Start)
    HAL_TIM_PeriodElapsedCallback            0x08003365   Thumb Code     2  stm32f7xx_hal_tim.o(i.HAL_TIM_PeriodElapsedCallback)
    HAL_TIM_TriggerCallback                  0x08003367   Thumb Code     2  stm32f7xx_hal_tim.o(i.HAL_TIM_TriggerCallback)
    HAL_UART_Init                            0x08003369   Thumb Code   102  stm32f7xx_hal_uart.o(i.HAL_UART_Init)
    HAL_UART_MspInit                         0x080033d1   Thumb Code   180  stm32f7xx_hal_msp.o(i.HAL_UART_MspInit)
    HardFault_Handler                        0x08003499   Thumb Code     2  stm32f7xx_it.o(i.HardFault_Handler)
    IMP_Write                                0x0800349d   Thumb Code    68  spi_stack.o(i.IMP_Write)
    MX_LWIP_Init                             0x0800375d   Thumb Code   230  lwip.o(i.MX_LWIP_Init)
    MX_LWIP_Process                          0x08003855   Thumb Code    16  lwip.o(i.MX_LWIP_Process)
    MemManage_Handler                        0x08003ab9   Thumb Code     2  stm32f7xx_it.o(i.MemManage_Handler)
    NMI_Handler                              0x08003abb   Thumb Code     2  stm32f7xx_it.o(i.NMI_Handler)
    PendSV_Handler                           0x08003abd   Thumb Code     2  stm32f7xx_it.o(i.PendSV_Handler)
    SPI1_IRQHandler                          0x08003ac1   Thumb Code    18  stm32f7xx_it.o(i.SPI1_IRQHandler)
    SVC_Handler                              0x08003c5d   Thumb Code     2  stm32f7xx_it.o(i.SVC_Handler)
    SysTick_Handler                          0x08003c5f   Thumb Code     4  stm32f7xx_it.o(i.SysTick_Handler)
    SystemClock_Config                       0x08003c65   Thumb Code   158  main.o(i.SystemClock_Config)
    SystemInit                               0x08003d0d   Thumb Code    68  system_stm32f7xx.o(i.SystemInit)
    TIM1_UP_TIM10_IRQHandler                 0x08003d61   Thumb Code    26  stm32f7xx_it.o(i.TIM1_UP_TIM10_IRQHandler)
    TIM4_IRQHandler                          0x08003d85   Thumb Code    28  stm32f7xx_it.o(i.TIM4_IRQHandler)
    TIM_Base_SetConfig                       0x08003da9   Thumb Code   158  stm32f7xx_hal_tim.o(i.TIM_Base_SetConfig)
    TIM_CCxChannelCmd                        0x08003e75   Thumb Code    26  stm32f7xx_hal_tim.o(i.TIM_CCxChannelCmd)
    TIM_ETR_SetConfig                        0x08003e8f   Thumb Code    18  stm32f7xx_hal_tim.o(i.TIM_ETR_SetConfig)
    TIM_OC2_SetConfig                        0x08003f25   Thumb Code   108  stm32f7xx_hal_tim.o(i.TIM_OC2_SetConfig)
    UART_AdvFeatureConfig                    0x08004163   Thumb Code   200  stm32f7xx_hal_uart.o(i.UART_AdvFeatureConfig)
    UART_CheckIdleState                      0x0800422b   Thumb Code    60  stm32f7xx_hal_uart.o(i.UART_CheckIdleState)
    UART_SetConfig                           0x08004269   Thumb Code   546  stm32f7xx_hal_uart.o(i.UART_SetConfig)
    UART_WaitOnFlagUntilTimeout              0x080044bd   Thumb Code    96  stm32f7xx_hal_uart.o(i.UART_WaitOnFlagUntilTimeout)
    UsageFault_Handler                       0x0800451d   Thumb Code     2  stm32f7xx_it.o(i.UsageFault_Handler)
    __0printf$3                              0x08004521   Thumb Code    22  printf3.o(i.__0printf$3)
    __1printf$3                              0x08004521   Thumb Code     0  printf3.o(i.__0printf$3)
    __2printf                                0x08004521   Thumb Code     0  printf3.o(i.__0printf$3)
    __scatterload_copy                       0x08004563   Thumb Code    14  handlers.o(i.__scatterload_copy)
    __scatterload_null                       0x08004571   Thumb Code     2  handlers.o(i.__scatterload_null)
    __scatterload_zeroinit                   0x08004573   Thumb Code    14  handlers.o(i.__scatterload_zeroinit)
    ccuHeartBeat                             0x08004739   Thumb Code    78  can_card.o(i.ccuHeartBeat)
    dacSend                                  0x080047ad   Thumb Code    56  can_card.o(i.dacSend)
    etharp_cleanup_netif                     0x08004929   Thumb Code    42  etharp.o(i.etharp_cleanup_netif)
    etharp_input                             0x08004bd5   Thumb Code   148  etharp.o(i.etharp_input)
    etharp_output                            0x08004cd9   Thumb Code   272  etharp.o(i.etharp_output)
    etharp_query                             0x08004f91   Thumb Code   300  etharp.o(i.etharp_query)
    etharp_request                           0x080052d9   Thumb Code     6  etharp.o(i.etharp_request)
    etharp_tmr                               0x08005305   Thumb Code    92  etharp.o(i.etharp_tmr)
    ethernet_input                           0x08005481   Thumb Code   154  ethernet.o(i.ethernet_input)
    ethernet_output                          0x08005521   Thumb Code    98  ethernet.o(i.ethernet_output)
    ethernetif_init                          0x08005619   Thumb Code    50  ethernetif.o(i.ethernetif_init)
    ethernetif_input                         0x080056a1   Thumb Code    34  ethernetif.o(i.ethernetif_input)
    fputc                                    0x080056c3   Thumb Code    18  fputc.o(i.fputc)
    free                                     0x080056d5   Thumb Code    76  malloc.o(i.free)
    icmp_dest_unreach                        0x08005725   Thumb Code     8  icmp.o(i.icmp_dest_unreach)
    icmp_input                               0x0800572d   Thumb Code   278  icmp.o(i.icmp_input)
    icmp_time_exceeded                       0x08005a21   Thumb Code     8  icmp.o(i.icmp_time_exceeded)
    ip4_addr_isbroadcast_u32                 0x08005a29   Thumb Code    46  ip4_addr.o(i.ip4_addr_isbroadcast_u32)
    ip4_frag                                 0x08005a59   Thumb Code   390  ip4_frag.o(i.ip4_frag)
    ip4_input                                0x08005cad   Thumb Code   410  ip4.o(i.ip4_input)
    ip4_output_if                            0x08005e51   Thumb Code    30  ip4.o(i.ip4_output_if)
    ip4_output_if_src                        0x08005e71   Thumb Code   206  ip4.o(i.ip4_output_if_src)
    ip4_reass                                0x08005fe1   Thumb Code   432  ip4_frag.o(i.ip4_reass)
    ip4_route                                0x08006195   Thumb Code    82  ip4.o(i.ip4_route)
    ip_reass_tmr                             0x080067ad   Thumb Code    40  ip4_frag.o(i.ip_reass_tmr)
    ledStateMachine                          0x08006871   Thumb Code   208  power_manager.o(i.ledStateMachine)
    led_interrupt_rutine                     0x08006951   Thumb Code   202  power_manager.o(i.led_interrupt_rutine)
    lwip_htonl                               0x08006c99   Thumb Code     4  def.o(i.lwip_htonl)
    lwip_htons                               0x08006c9d   Thumb Code     4  def.o(i.lwip_htons)
    lwip_init                                0x08006ca1   Thumb Code    30  init.o(i.lwip_init)
    main                                     0x08006cc1   Thumb Code   324  main.o(i.main)
    malloc                                   0x08006e2d   Thumb Code    92  malloc.o(i.malloc)
    mem_free                                 0x08006e99   Thumb Code   110  mem.o(i.mem_free)
    mem_init                                 0x08006fb5   Thumb Code    42  mem.o(i.mem_init)
    mem_malloc                               0x08006fe9   Thumb Code   256  mem.o(i.mem_malloc)
    mem_trim                                 0x080071e5   Thumb Code   246  mem.o(i.mem_trim)
    memp_free                                0x08007371   Thumb Code    34  memp.o(i.memp_free)
    memp_init                                0x0800740d   Thumb Code    26  memp.o(i.memp_init)
    memp_init_pool                           0x0800742d   Thumb Code    42  memp.o(i.memp_init_pool)
    memp_malloc                              0x08007459   Thumb Code    38  memp.o(i.memp_malloc)
    netif_add                                0x080074fd   Thumb Code   106  netif.o(i.netif_add)
    netif_init                               0x080075e1   Thumb Code     2  netif.o(i.netif_init)
    netif_set_addr                           0x080075fd   Thumb Code    72  netif.o(i.netif_set_addr)
    netif_set_default                        0x08007645   Thumb Code     6  netif.o(i.netif_set_default)
    netif_set_down                           0x08007651   Thumb Code    26  netif.o(i.netif_set_down)
    netif_set_gw                             0x0800766b   Thumb Code     8  netif.o(i.netif_set_gw)
    netif_set_ipaddr                         0x08007675   Thumb Code    60  netif.o(i.netif_set_ipaddr)
    netif_set_netmask                        0x080076b5   Thumb Code     8  netif.o(i.netif_set_netmask)
    netif_set_up                             0x080076bd   Thumb Code    28  netif.o(i.netif_set_up)
    nob_encoder_read                         0x080076d9   Thumb Code    22  stm32f7xx_it.o(i.nob_encoder_read)
    pbuf_alloc                               0x080076f9   Thumb Code   478  pbuf.o(i.pbuf_alloc)
    pbuf_alloced_custom                      0x08007a75   Thumb Code    98  pbuf.o(i.pbuf_alloced_custom)
    pbuf_cat                                 0x08007b55   Thumb Code    96  pbuf.o(i.pbuf_cat)
    pbuf_clen                                0x08007c85   Thumb Code    18  pbuf.o(i.pbuf_clen)
    pbuf_copy                                0x08007c99   Thumb Code   242  pbuf.o(i.pbuf_copy)
    pbuf_copy_partial                        0x08007e85   Thumb Code   126  pbuf.o(i.pbuf_copy_partial)
    pbuf_free                                0x08007fa1   Thumb Code   174  pbuf.o(i.pbuf_free)
    pbuf_free_ooseq                          0x08008109   Thumb Code    34  pbuf.o(i.pbuf_free_ooseq)
    pbuf_header                              0x08008135   Thumb Code     6  pbuf.o(i.pbuf_header)
    pbuf_header_force                        0x0800813b   Thumb Code     6  pbuf.o(i.pbuf_header_force)
    pbuf_realloc                             0x08008265   Thumb Code   196  pbuf.o(i.pbuf_realloc)
    pbuf_ref                                 0x080083fd   Thumb Code    32  pbuf.o(i.pbuf_ref)
    poweSwitchStateMachine                   0x08008605   Thumb Code   420  power_manager.o(i.poweSwitchStateMachine)
    powerManager_init                        0x080087b5   Thumb Code    34  power_manager.o(i.powerManager_init)
    readKeys                                 0x080087e1   Thumb Code    14  spi_stack.o(i.readKeys)
    regWrite                                 0x080087f9   Thumb Code     8  spi_stack.o(i.regWrite)
    sensorStartConversion                    0x08008805   Thumb Code    36  can_card.o(i.sensorStartConversion)
    setBackLight                             0x08008831   Thumb Code    20  power_manager.o(i.setBackLight)
    setRaspPower                             0x08008849   Thumb Code    18  power_manager.o(i.setRaspPower)
    spi_stack_CS_Mng                         0x08008861   Thumb Code    76  spi_stack.o(i.spi_stack_CS_Mng)
    spi_stack_init                           0x080088b5   Thumb Code    18  spi_stack.o(i.spi_stack_init)
    spi_stack_stateMacine                    0x080088cd   Thumb Code    66  spi_stack.o(i.spi_stack_stateMacine)
    sys_check_timeouts                       0x08008919   Thumb Code    80  timeouts.o(i.sys_check_timeouts)
    sys_now                                  0x08008971   Thumb Code     4  ethernetif.o(i.sys_now)
    sys_timeout                              0x08008975   Thumb Code   156  timeouts.o(i.sys_timeout)
    sys_timeouts_init                        0x08008ab1   Thumb Code    38  timeouts.o(i.sys_timeouts_init)
    tcp_abandon                              0x08008ae5   Thumb Code   230  tcp.o(i.tcp_abandon)
    tcp_abort                                0x08008c5d   Thumb Code     6  tcp.o(i.tcp_abort)
    tcp_alloc                                0x08008c65   Thumb Code   248  tcp.o(i.tcp_alloc)
    tcp_close                                0x08008d69   Thumb Code    20  tcp.o(i.tcp_close)
    tcp_eff_send_mss_impl                    0x080090ed   Thumb Code    34  tcp.o(i.tcp_eff_send_mss_impl)
    tcp_enqueue_flags                        0x08009111   Thumb Code   262  tcp_out.o(i.tcp_enqueue_flags)
    tcp_fasttmr                              0x08009321   Thumb Code   102  tcp.o(i.tcp_fasttmr)
    tcp_init                                 0x080093bd   Thumb Code     2  tcp.o(i.tcp_init)
    tcp_input                                0x080093c1   Thumb Code  1496  tcp_in.o(i.tcp_input)
    tcp_keepalive                            0x080099d9   Thumb Code    82  tcp_out.o(i.tcp_keepalive)
    tcp_netif_ip_addr_changed                0x08009ca9   Thumb Code    72  tcp.o(i.tcp_netif_ip_addr_changed)
    tcp_next_iss                             0x08009d19   Thumb Code    12  tcp.o(i.tcp_next_iss)
    tcp_output                               0x08009da5   Thumb Code   562  tcp_out.o(i.tcp_output)
    tcp_pcb_purge                            0x0800a2ad   Thumb Code    66  tcp.o(i.tcp_pcb_purge)
    tcp_pcb_remove                           0x0800a2f1   Thumb Code   140  tcp.o(i.tcp_pcb_remove)
    tcp_process_refused_data                 0x0800a8a9   Thumb Code   108  tcp.o(i.tcp_process_refused_data)
    tcp_recv_null                            0x0800b347   Thumb Code    36  tcp.o(i.tcp_recv_null)
    tcp_recved                               0x0800b36d   Thumb Code   106  tcp.o(i.tcp_recved)
    tcp_rexmit                               0x0800b47d   Thumb Code    86  tcp_out.o(i.tcp_rexmit)
    tcp_rexmit_fast                          0x0800b4d3   Thumb Code    88  tcp_out.o(i.tcp_rexmit_fast)
    tcp_rexmit_rto                           0x0800b52b   Thumb Code    48  tcp_out.o(i.tcp_rexmit_rto)
    tcp_rst                                  0x0800b55d   Thumb Code   148  tcp_out.o(i.tcp_rst)
    tcp_seg_copy                             0x0800b67d   Thumb Code    40  tcp.o(i.tcp_seg_copy)
    tcp_seg_free                             0x0800b6a5   Thumb Code    28  tcp.o(i.tcp_seg_free)
    tcp_segs_free                            0x0800b6c1   Thumb Code    18  tcp.o(i.tcp_segs_free)
    tcp_send_empty_ack                       0x0800b6d3   Thumb Code   114  tcp_out.o(i.tcp_send_empty_ack)
    tcp_send_fin                             0x0800b745   Thumb Code    68  tcp_out.o(i.tcp_send_fin)
    tcp_slowtmr                              0x0800b789   Thumb Code   786  tcp.o(i.tcp_slowtmr)
    tcp_timer_needed                         0x0800bc65   Thumb Code    36  timeouts.o(i.tcp_timer_needed)
    tcp_tmr                                  0x0800bd01   Thumb Code    28  tcp.o(i.tcp_tmr)
    tcp_trigger_input_pcb_close              0x0800bd21   Thumb Code    12  tcp_in.o(i.tcp_trigger_input_pcb_close)
    tcp_update_rcv_ann_wnd                   0x0800bd31   Thumb Code    76  tcp.o(i.tcp_update_rcv_ann_wnd)
    tcp_zero_window_probe                    0x0800bdf1   Thumb Code   174  tcp_out.o(i.tcp_zero_window_probe)
    udp_bind                                 0x0800bed9   Thumb Code   174  udp.o(i.udp_bind)
    udp_init                                 0x0800bf91   Thumb Code     2  udp.o(i.udp_init)
    udp_input                                0x0800bf95   Thumb Code   294  udp.o(i.udp_input)
    udp_netif_ip_addr_changed                0x0800c131   Thumb Code    48  udp.o(i.udp_netif_ip_addr_changed)
    udp_new                                  0x0800c165   Thumb Code    26  udp.o(i.udp_new)
    AHBPrescTable                            0x0800c1ac   Data          16  system_stm32f7xx.o(.constdata)
    APBPrescTable                            0x0800c1bc   Data           8  system_stm32f7xx.o(.constdata)
    ethbroadcast                             0x0800c1c4   Data           6  ethernet.o(.constdata)
    ethzero                                  0x0800c1ca   Data           6  ethernet.o(.constdata)
    memp_UDP_PCB                             0x0800c1d0   Data          12  memp.o(.constdata)
    memp_TCP_PCB                             0x0800c1dc   Data          12  memp.o(.constdata)
    memp_TCP_PCB_LISTEN                      0x0800c1e8   Data          12  memp.o(.constdata)
    memp_TCP_SEG                             0x0800c1f4   Data          12  memp.o(.constdata)
    memp_REASSDATA                           0x0800c200   Data          12  memp.o(.constdata)
    memp_FRAG_PBUF                           0x0800c20c   Data          12  memp.o(.constdata)
    memp_SYS_TIMEOUT                         0x0800c218   Data          12  memp.o(.constdata)
    memp_PBUF                                0x0800c224   Data          12  memp.o(.constdata)
    memp_PBUF_POOL                           0x0800c230   Data          12  memp.o(.constdata)
    memp_pools                               0x0800c23c   Data          36  memp.o(.constdata)
    tcp_pcb_lists                            0x0800c2a4   Data          16  tcp.o(.constdata)
    lwip_cyclic_timers                       0x0800c2b4   Data          24  timeouts.o(.constdata)
    ip_addr_any                              0x0800c2cc   Data           4  ip4_addr.o(.constdata)
    Region$$Table$$Base                      0x0800c3e4   Number         0  anon$$obj.o(Region$$Table)
    Region$$Table$$Limit                     0x0800c404   Number         0  anon$$obj.o(Region$$Table)
    R_W                                      0x20000000   Data           1  spi_stack.o(.data)
    address                                  0x20000001   Data           1  spi_stack.o(.data)
    spiByteCounter                           0x20000004   Data           4  spi_stack.o(.data)
    KEYs                                     0x20000008   Data           4  spi_stack.o(.data)
    Sliders                                  0x2000000c   Data           4  spi_stack.o(.data)
    POWER_LED_PWM                            0x20000010   Data           4  power_manager.o(.data)
    STANDBY_LED_PWM                          0x20000014   Data           4  power_manager.o(.data)
    power_led_pwm_val                        0x20000018   Data           4  power_manager.o(.data)
    standby_led_val                          0x2000001c   Data           4  power_manager.o(.data)
    ledFlashMode                             0x20000038   Data           4  power_manager.o(.data)
    SENSOR_RX_COUNTER                        0x20000040   Data           4  can_card.o(.data)
    SENSOR_RX_FLAG                           0x20000044   Data           4  can_card.o(.data)
    UDP                                      0x20000048   Data           4  main.o(.data)
    Remote_IP                                0x2000004c   Data           4  main.o(.data)
    Local_IP                                 0x20000050   Data           4  main.o(.data)
    Transmit_Pbuf                            0x20000054   Data           4  main.o(.data)
    outPacket                                0x20000058   Data           8  main.o(.data)
    canRxData                                0x20000060   Data           8  main.o(.data)
    ipaddr                                   0x20000068   Data           4  lwip.o(.data)
    netmask                                  0x2000006c   Data           4  lwip.o(.data)
    gw                                       0x20000070   Data           4  lwip.o(.data)
    IP_ADDRESS                               0x20000074   Data           4  lwip.o(.data)
    NETMASK_ADDRESS                          0x20000078   Data           4  lwip.o(.data)
    GATEWAY_ADDRESS                          0x2000007c   Data           4  lwip.o(.data)
    UDP_TFLAG                                0x20000080   Data           4  stm32f7xx_it.o(.data)
    nob_encoder_index                        0x20000084   Data           4  stm32f7xx_it.o(.data)
    uwTickFreq                               0x20000088   Data           1  stm32f7xx_hal.o(.data)
    uwTickPrio                               0x2000008c   Data           4  stm32f7xx_hal.o(.data)
    uwTick                                   0x20000090   Data           4  stm32f7xx_hal.o(.data)
    SystemCoreClock                          0x20000094   Data           4  system_stm32f7xx.o(.data)
    netif_list                               0x200000cc   Data           4  netif.o(.data)
    netif_default                            0x200000d0   Data           4  netif.o(.data)
    pbuf_free_ooseq_pending                  0x200000d4   Data           1  pbuf.o(.data)
    tcp_active_pcbs_changed                  0x200000d8   Data           1  tcp.o(.data)
    tcp_ticks                                0x200000e4   Data           4  tcp.o(.data)
    tcp_bound_pcbs                           0x200000e8   Data           4  tcp.o(.data)
    tcp_listen_pcbs                          0x200000ec   Data           4  tcp.o(.data)
    tcp_active_pcbs                          0x200000f0   Data           4  tcp.o(.data)
    tcp_tw_pcbs                              0x200000f4   Data           4  tcp.o(.data)
    tcp_input_pcb                            0x20000118   Data           4  tcp_in.o(.data)
    udp_pcbs                                 0x2000012c   Data           4  udp.o(.data)
    __stdout                                 0x2000013c   Data           4  stdout.o(.data)
    __microlib_freelist                      0x20000140   Data           4  mvars.o(.data)
    __microlib_freelist_initialised          0x20000144   Data           4  mvars.o(.data)
    IMP                                      0x20000148   Data          28  spi_stack.o(.bss)
    IMU                                      0x20000164   Data          36  spi_stack.o(.bss)
    RPUs                                     0x20000188   Data          32  spi_stack.o(.bss)
    spi_regs                                 0x200001a8   Data         127  spi_stack.o(.bss)
    sensor_data                              0x20000228   Data          32  can_card.o(.bss)
    hcan1                                    0x20000248   Data          40  main.o(.bss)
    hspi1                                    0x20000270   Data         100  main.o(.bss)
    hspi2                                    0x200002d4   Data         100  main.o(.bss)
    htim1                                    0x20000338   Data          64  main.o(.bss)
    htim2                                    0x20000378   Data          64  main.o(.bss)
    htim3                                    0x200003b8   Data          64  main.o(.bss)
    htim4                                    0x200003f8   Data          64  main.o(.bss)
    huart5                                   0x20000438   Data         128  main.o(.bss)
    huart3                                   0x200004b8   Data         128  main.o(.bss)
    RMess                                    0x20000538   Data          28  main.o(.bss)
    TMess                                    0x20000554   Data          24  main.o(.bss)
    gnetif                                   0x2000056c   Data          48  lwip.o(.bss)
    DMARxDscrTab                             0x2000059c   Data         128  ethernetif.o(.bss)
    DMATxDscrTab                             0x2000061c   Data         128  ethernetif.o(.bss)
    Rx_Buff                                  0x2000069c   Data        6096  ethernetif.o(.bss)
    Tx_Buff                                  0x20001e6c   Data        6096  ethernetif.o(.bss)
    heth                                     0x2000363c   Data          72  ethernetif.o(.bss)
    ip_data                                  0x20003684   Data          24  ip.o(.bss)
    ram_heap                                 0x2000369c   Data        1619  mem.o(.bss)
    memp_memory_UDP_PCB_base                 0x20003cef   Data         131  memp.o(.bss)
    memp_memory_TCP_PCB_base                 0x20003d72   Data         763  memp.o(.bss)
    memp_memory_TCP_PCB_LISTEN_base          0x2000406d   Data         227  memp.o(.bss)
    memp_memory_TCP_SEG_base                 0x20004150   Data         259  memp.o(.bss)
    memp_memory_REASSDATA_base               0x20004253   Data         163  memp.o(.bss)
    memp_memory_FRAG_PBUF_base               0x200042f6   Data         363  memp.o(.bss)
    memp_memory_SYS_TIMEOUT_base             0x20004461   Data          51  memp.o(.bss)
    memp_memory_PBUF_base                    0x20004494   Data         259  memp.o(.bss)
    memp_memory_PBUF_POOL_base               0x20004597   Data        9731  memp.o(.bss)
    __heap_base                              0x20006ca0   Data           0  startup_stm32f746xx.o(HEAP)
    __heap_limit                             0x20006ea0   Data           0  startup_stm32f746xx.o(HEAP)
    __initial_sp                             0x200072a0   Data           0  startup_stm32f746xx.o(STACK)



==============================================================================

Memory Map of the image

  Image Entry point : 0x080001c9

  Load Region LR_IROM1 (Base: 0x08000000, Size: 0x0000c54c, Max: 0x00100000, ABSOLUTE, COMPRESSED[0x0000c41c])

    Execution Region ER_IROM1 (Base: 0x08000000, Size: 0x0000c404, Max: 0x00100000, ABSOLUTE)

    Base Addr    Size         Type   Attr      Idx    E Section Name        Object

    0x08000000   0x000001c8   Data   RO            3    RESET               startup_stm32f746xx.o
    0x080001c8   0x00000000   Code   RO         7735  * .ARM.Collect$$$$00000000  mc_w.l(entry.o)
    0x080001c8   0x00000004   Code   RO         8049    .ARM.Collect$$$$00000001  mc_w.l(entry2.o)
    0x080001cc   0x00000004   Code   RO         8052    .ARM.Collect$$$$00000004  mc_w.l(entry5.o)
    0x080001d0   0x00000000   Code   RO         8054    .ARM.Collect$$$$00000008  mc_w.l(entry7b.o)
    0x080001d0   0x00000000   Code   RO         8056    .ARM.Collect$$$$0000000A  mc_w.l(entry8b.o)
    0x080001d0   0x00000008   Code   RO         8057    .ARM.Collect$$$$0000000B  mc_w.l(entry9a.o)
    0x080001d8   0x00000000   Code   RO         8059    .ARM.Collect$$$$0000000D  mc_w.l(entry10a.o)
    0x080001d8   0x00000000   Code   RO         8061    .ARM.Collect$$$$0000000F  mc_w.l(entry11a.o)
    0x080001d8   0x00000004   Code   RO         8050    .ARM.Collect$$$$00002712  mc_w.l(entry2.o)
    0x080001dc   0x00000024   Code   RO            4    .text               startup_stm32f746xx.o
    0x08000200   0x00000062   Code   RO         7738    .text               mc_w.l(uldiv.o)
    0x08000262   0x00000024   Code   RO         7740    .text               mc_w.l(memcpya.o)
    0x08000286   0x00000024   Code   RO         7742    .text               mc_w.l(memseta.o)
    0x080002aa   0x0000001a   Code   RO         7746    .text               mc_w.l(memcmp.o)
    0x080002c4   0x0000014e   Code   RO         8041    .text               mf_w.l(dadd.o)
    0x08000412   0x000000e4   Code   RO         8043    .text               mf_w.l(dmul.o)
    0x080004f6   0x00000026   Code   RO         8045    .text               mf_w.l(f2d.o)
    0x0800051c   0x00000038   Code   RO         8047    .text               mf_w.l(d2f.o)
    0x08000554   0x0000002c   Code   RO         8066    .text               mc_w.l(uidiv.o)
    0x08000580   0x0000001e   Code   RO         8068    .text               mc_w.l(llshl.o)
    0x0800059e   0x00000020   Code   RO         8070    .text               mc_w.l(llushr.o)
    0x080005be   0x00000024   Code   RO         8072    .text               mc_w.l(llsshr.o)
    0x080005e2   0x00000000   Code   RO         8076    .text               mc_w.l(iusefp.o)
    0x080005e2   0x0000006e   Code   RO         8077    .text               mf_w.l(fepilogue.o)
    0x08000650   0x000000ba   Code   RO         8079    .text               mf_w.l(depilogue.o)
    0x0800070a   0x00000002   PAD
    0x0800070c   0x00000024   Code   RO         8087    .text               mc_w.l(init.o)
    0x08000730   0x00000000   Code   RO         8089    .text               mc_w.l(semi.o)
    0x08000730   0x00000000   Code   RO         8090    .text               mc_w.l(iusesemip.o)
    0x08000730   0x0000003a   Code   RO         8099    .text               mc_w.l(__dczerorl.o)
    0x0800076a   0x00000002   Code   RO          739    i.BusFault_Handler  stm32f7xx_it.o
    0x0800076c   0x0000000c   Code   RO          740    i.CAN1_RX0_IRQHandler  stm32f7xx_it.o
    0x08000778   0x0000000c   Code   RO          741    i.CAN1_RX1_IRQHandler  stm32f7xx_it.o
    0x08000784   0x00000038   Code   RO          273    i.CAN_CARDS_INIT    can_card.o
    0x080007bc   0x000000e0   Code   RO          274    i.CCU_Read          can_card.o
    0x0800089c   0x000000c4   Code   RO          275    i.CCU_Write         can_card.o
    0x08000960   0x000000dc   Code   RO          276    i.CC_Interrupt_rutine  can_card.o
    0x08000a3c   0x00000002   Code   RO          742    i.DebugMon_Handler  stm32f7xx_it.o
    0x08000a3e   0x0000002e   Code   RO          975    i.ETH_FlushTransmitFIFO  stm32f7xx_hal_eth.o
    0x08000a6c   0x00000124   Code   RO          976    i.ETH_MACDMAConfig  stm32f7xx_hal_eth.o
    0x08000b90   0x00000008   Code   RO          743    i.EXTI15_10_IRQHandler  stm32f7xx_it.o
    0x08000b98   0x00000020   Code   RO          744    i.EXTI4_IRQHandler  stm32f7xx_it.o
    0x08000bb8   0x00000022   Code   RO          745    i.EXTI9_5_IRQHandler  stm32f7xx_it.o
    0x08000bda   0x00000002   PAD
    0x08000bdc   0x0000010c   Code   RO         1126    i.HAL_CAN_ConfigFilter  stm32f7xx_hal_can.o
    0x08000ce8   0x00000002   Code   RO         1129    i.HAL_CAN_ErrorCallback  stm32f7xx_hal_can.o
    0x08000cea   0x00000002   PAD
    0x08000cec   0x000000fa   Code   RO         1132    i.HAL_CAN_GetRxMessage  stm32f7xx_hal_can.o
    0x08000de6   0x000001fc   Code   RO         1136    i.HAL_CAN_IRQHandler  stm32f7xx_hal_can.o
    0x08000fe2   0x0000011a   Code   RO         1137    i.HAL_CAN_Init      stm32f7xx_hal_can.o
    0x080010fc   0x000000a4   Code   RO          874    i.HAL_CAN_MspInit   stm32f7xx_hal_msp.o
    0x080011a0   0x00000002   Code   RO         1144    i.HAL_CAN_RxFifo0FullCallback  stm32f7xx_hal_can.o
    0x080011a2   0x00000002   PAD
    0x080011a4   0x00000014   Code   RO          339    i.HAL_CAN_RxFifo0MsgPendingCallback  main.o
    0x080011b8   0x00000002   Code   RO         1146    i.HAL_CAN_RxFifo1FullCallback  stm32f7xx_hal_can.o
    0x080011ba   0x00000002   Code   RO         1147    i.HAL_CAN_RxFifo1MsgPendingCallback  stm32f7xx_hal_can.o
    0x080011bc   0x00000002   Code   RO         1148    i.HAL_CAN_SleepCallback  stm32f7xx_hal_can.o
    0x080011be   0x00000002   PAD
    0x080011c0   0x00000058   Code   RO         1149    i.HAL_CAN_Start     stm32f7xx_hal_can.o
    0x08001218   0x00000002   Code   RO         1151    i.HAL_CAN_TxMailbox0AbortCallback  stm32f7xx_hal_can.o
    0x0800121a   0x00000002   Code   RO         1152    i.HAL_CAN_TxMailbox0CompleteCallback  stm32f7xx_hal_can.o
    0x0800121c   0x00000002   Code   RO         1153    i.HAL_CAN_TxMailbox1AbortCallback  stm32f7xx_hal_can.o
    0x0800121e   0x00000002   Code   RO         1154    i.HAL_CAN_TxMailbox1CompleteCallback  stm32f7xx_hal_can.o
    0x08001220   0x00000002   Code   RO         1155    i.HAL_CAN_TxMailbox2AbortCallback  stm32f7xx_hal_can.o
    0x08001222   0x00000002   Code   RO         1156    i.HAL_CAN_TxMailbox2CompleteCallback  stm32f7xx_hal_can.o
    0x08001224   0x00000002   Code   RO         1158    i.HAL_CAN_WakeUpFromRxMsgCallback  stm32f7xx_hal_can.o
    0x08001226   0x00000024   Code   RO         3563    i.HAL_DMA_Abort_IT  stm32f7xx_hal_dma.o
    0x0800124a   0x00000002   PAD
    0x0800124c   0x00000024   Code   RO         3929    i.HAL_Delay         stm32f7xx_hal.o
    0x08001270   0x00000074   Code   RO          979    i.HAL_ETH_DMARxDescListInit  stm32f7xx_hal_eth.o
    0x080012e4   0x00000084   Code   RO          980    i.HAL_ETH_DMATxDescListInit  stm32f7xx_hal_eth.o
    0x08001368   0x0000007e   Code   RO          983    i.HAL_ETH_GetReceivedFrame  stm32f7xx_hal_eth.o
    0x080013e6   0x00000002   PAD
    0x080013e8   0x000001f0   Code   RO          987    i.HAL_ETH_Init      stm32f7xx_hal_eth.o
    0x080015d8   0x000000dc   Code   RO          658    i.HAL_ETH_MspInit   ethernetif.o
    0x080016b4   0x00000086   Code   RO          990    i.HAL_ETH_ReadPHYRegister  stm32f7xx_hal_eth.o
    0x0800173a   0x00000084   Code   RO          992    i.HAL_ETH_Start     stm32f7xx_hal_eth.o
    0x080017be   0x00000112   Code   RO          994    i.HAL_ETH_TransmitFrame  stm32f7xx_hal_eth.o
    0x080018d0   0x0000007a   Code   RO          996    i.HAL_ETH_WritePHYRegister  stm32f7xx_hal_eth.o
    0x0800194a   0x00000004   Code   RO          340    i.HAL_GPIO_EXTI_Callback  main.o
    0x0800194e   0x00000002   PAD
    0x08001950   0x00000018   Code   RO         3495    i.HAL_GPIO_EXTI_IRQHandler  stm32f7xx_hal_gpio.o
    0x08001968   0x000001d8   Code   RO         3496    i.HAL_GPIO_Init     stm32f7xx_hal_gpio.o
    0x08001b40   0x0000000a   Code   RO         3498    i.HAL_GPIO_ReadPin  stm32f7xx_hal_gpio.o
    0x08001b4a   0x0000000a   Code   RO         3500    i.HAL_GPIO_WritePin  stm32f7xx_hal_gpio.o
    0x08001b54   0x0000000c   Code   RO         3937    i.HAL_GetTick       stm32f7xx_hal.o
    0x08001b60   0x00000010   Code   RO         3943    i.HAL_IncTick       stm32f7xx_hal.o
    0x08001b70   0x00000016   Code   RO         3944    i.HAL_Init          stm32f7xx_hal.o
    0x08001b86   0x00000002   PAD
    0x08001b88   0x00000040   Code   RO         3945    i.HAL_InitTick      stm32f7xx_hal.o
    0x08001bc8   0x00000030   Code   RO          875    i.HAL_MspInit       stm32f7xx_hal_msp.o
    0x08001bf8   0x0000001a   Code   RO         1362    i.HAL_NVIC_EnableIRQ  stm32f7xx_hal_cortex.o
    0x08001c12   0x00000002   PAD
    0x08001c14   0x00000040   Code   RO         1368    i.HAL_NVIC_SetPriority  stm32f7xx_hal_cortex.o
    0x08001c54   0x00000024   Code   RO         1369    i.HAL_NVIC_SetPriorityGrouping  stm32f7xx_hal_cortex.o
    0x08001c78   0x0000006c   Code   RO         3836    i.HAL_PWREx_EnableOverDrive  stm32f7xx_hal_pwr_ex.o
    0x08001ce4   0x00000010   Code   RO         3713    i.HAL_PWR_EnableBkUpAccess  stm32f7xx_hal_pwr.o
    0x08001cf4   0x000004fc   Code   RO         3257    i.HAL_RCCEx_PeriphCLKConfig  stm32f7xx_hal_rcc_ex.o
    0x080021f0   0x0000012c   Code   RO         3150    i.HAL_RCC_ClockConfig  stm32f7xx_hal_rcc.o
    0x0800231c   0x0000000c   Code   RO         3155    i.HAL_RCC_GetHCLKFreq  stm32f7xx_hal_rcc.o
    0x08002328   0x00000020   Code   RO         3157    i.HAL_RCC_GetPCLK1Freq  stm32f7xx_hal_rcc.o
    0x08002348   0x00000020   Code   RO         3158    i.HAL_RCC_GetPCLK2Freq  stm32f7xx_hal_rcc.o
    0x08002368   0x00000060   Code   RO         3159    i.HAL_RCC_GetSysClockFreq  stm32f7xx_hal_rcc.o
    0x080023c8   0x00000338   Code   RO         3162    i.HAL_RCC_OscConfig  stm32f7xx_hal_rcc.o
    0x08002700   0x00000002   Code   RO         1499    i.HAL_SPI_ErrorCallback  stm32f7xx_hal_spi.o
    0x08002702   0x00000002   PAD
    0x08002704   0x000000fc   Code   RO         1502    i.HAL_SPI_IRQHandler  stm32f7xx_hal_spi.o
    0x08002800   0x000000c4   Code   RO         1503    i.HAL_SPI_Init      stm32f7xx_hal_spi.o
    0x080028c4   0x00000100   Code   RO          877    i.HAL_SPI_MspInit   stm32f7xx_hal_msp.o
    0x080029c4   0x00000260   Code   RO         1512    i.HAL_SPI_TransmitReceive  stm32f7xx_hal_spi.o
    0x08002c24   0x00000026   Code   RO         1373    i.HAL_SYSTICK_Config  stm32f7xx_hal_cortex.o
    0x08002c4a   0x00000002   Code   RO         2530    i.HAL_TIMEx_Break2Callback  stm32f7xx_hal_tim_ex.o
    0x08002c4c   0x00000002   Code   RO         2531    i.HAL_TIMEx_BreakCallback  stm32f7xx_hal_tim_ex.o
    0x08002c4e   0x00000002   Code   RO         2532    i.HAL_TIMEx_CommutCallback  stm32f7xx_hal_tim_ex.o
    0x08002c50   0x00000060   Code   RO         2550    i.HAL_TIMEx_MasterConfigSynchronization  stm32f7xx_hal_tim_ex.o
    0x08002cb0   0x00000036   Code   RO         1845    i.HAL_TIM_Base_Init  stm32f7xx_hal_tim.o
    0x08002ce6   0x00000002   PAD
    0x08002ce8   0x0000003c   Code   RO          879    i.HAL_TIM_Base_MspInit  stm32f7xx_hal_msp.o
    0x08002d24   0x00000030   Code   RO         1848    i.HAL_TIM_Base_Start  stm32f7xx_hal_tim.o
    0x08002d54   0x0000002c   Code   RO         1850    i.HAL_TIM_Base_Start_IT  stm32f7xx_hal_tim.o
    0x08002d80   0x000000dc   Code   RO         1854    i.HAL_TIM_ConfigClockSource  stm32f7xx_hal_tim.o
    0x08002e5c   0x000000a8   Code   RO         1863    i.HAL_TIM_Encoder_Init  stm32f7xx_hal_tim.o
    0x08002f04   0x00000078   Code   RO          881    i.HAL_TIM_Encoder_MspInit  stm32f7xx_hal_msp.o
    0x08002f7c   0x00000002   Code   RO         1874    i.HAL_TIM_IC_CaptureCallback  stm32f7xx_hal_tim.o
    0x08002f7e   0x00000182   Code   RO         1888    i.HAL_TIM_IRQHandler  stm32f7xx_hal_tim.o
    0x08003100   0x00000078   Code   RO          882    i.HAL_TIM_MspPostInit  stm32f7xx_hal_msp.o
    0x08003178   0x00000002   Code   RO         1891    i.HAL_TIM_OC_DelayElapsedCallback  stm32f7xx_hal_tim.o
    0x0800317a   0x00000128   Code   RO         1912    i.HAL_TIM_PWM_ConfigChannel  stm32f7xx_hal_tim.o
    0x080032a2   0x00000036   Code   RO         1915    i.HAL_TIM_PWM_Init  stm32f7xx_hal_tim.o
    0x080032d8   0x0000003c   Code   RO          884    i.HAL_TIM_PWM_MspInit  stm32f7xx_hal_msp.o
    0x08003314   0x00000002   Code   RO         1918    i.HAL_TIM_PWM_PulseFinishedCallback  stm32f7xx_hal_tim.o
    0x08003316   0x00000002   PAD
    0x08003318   0x0000004c   Code   RO         1920    i.HAL_TIM_PWM_Start  stm32f7xx_hal_tim.o
    0x08003364   0x00000002   Code   RO         1926    i.HAL_TIM_PeriodElapsedCallback  stm32f7xx_hal_tim.o
    0x08003366   0x00000002   Code   RO         1931    i.HAL_TIM_TriggerCallback  stm32f7xx_hal_tim.o
    0x08003368   0x00000066   Code   RO         2819    i.HAL_UART_Init     stm32f7xx_hal_uart.o
    0x080033ce   0x00000002   PAD
    0x080033d0   0x000000c8   Code   RO          886    i.HAL_UART_MspInit  stm32f7xx_hal_msp.o
    0x08003498   0x00000002   Code   RO          746    i.HardFault_Handler  stm32f7xx_it.o
    0x0800349a   0x00000002   PAD
    0x0800349c   0x00000048   Code   RO           13    i.IMP_Write         spi_stack.o
    0x080034e4   0x00000060   Code   RO          341    i.MX_CAN1_Init      main.o
    0x08003544   0x00000218   Code   RO          342    i.MX_GPIO_Init      main.o
    0x0800375c   0x000000f8   Code   RO          593    i.MX_LWIP_Init      lwip.o
    0x08003854   0x00000014   Code   RO          594    i.MX_LWIP_Process   lwip.o
    0x08003868   0x00000038   Code   RO          343    i.MX_SPI1_Init      main.o
    0x080038a0   0x00000044   Code   RO          344    i.MX_SPI2_Init      main.o
    0x080038e4   0x00000058   Code   RO          345    i.MX_TIM1_Init      main.o
    0x0800393c   0x00000060   Code   RO          346    i.MX_TIM2_Init      main.o
    0x0800399c   0x00000060   Code   RO          347    i.MX_TIM3_Init      main.o
    0x080039fc   0x0000005c   Code   RO          348    i.MX_TIM4_Init      main.o
    0x08003a58   0x00000030   Code   RO          349    i.MX_UART5_Init     main.o
    0x08003a88   0x00000030   Code   RO          350    i.MX_USART3_UART_Init  main.o
    0x08003ab8   0x00000002   Code   RO          747    i.MemManage_Handler  stm32f7xx_it.o
    0x08003aba   0x00000002   Code   RO          748    i.NMI_Handler       stm32f7xx_it.o
    0x08003abc   0x00000002   Code   RO          749    i.PendSV_Handler    stm32f7xx_it.o
    0x08003abe   0x00000002   PAD
    0x08003ac0   0x00000018   Code   RO          750    i.SPI1_IRQHandler   stm32f7xx_it.o
    0x08003ad8   0x00000012   Code   RO         1530    i.SPI_DMAAbortOnError  stm32f7xx_hal_spi.o
    0x08003aea   0x00000048   Code   RO         1541    i.SPI_EndRxTxTransaction  stm32f7xx_hal_spi.o
    0x08003b32   0x00000096   Code   RO         1546    i.SPI_WaitFifoStateUntilTimeout  stm32f7xx_hal_spi.o
    0x08003bc8   0x00000094   Code   RO         1547    i.SPI_WaitFlagStateUntilTimeout  stm32f7xx_hal_spi.o
    0x08003c5c   0x00000002   Code   RO          751    i.SVC_Handler       stm32f7xx_it.o
    0x08003c5e   0x00000004   Code   RO          752    i.SysTick_Handler   stm32f7xx_it.o
    0x08003c62   0x00000002   PAD
    0x08003c64   0x000000a8   Code   RO          352    i.SystemClock_Config  main.o
    0x08003d0c   0x00000054   Code   RO         4680    i.SystemInit        system_stm32f7xx.o
    0x08003d60   0x00000024   Code   RO          753    i.TIM1_UP_TIM10_IRQHandler  stm32f7xx_it.o
    0x08003d84   0x00000024   Code   RO          754    i.TIM4_IRQHandler   stm32f7xx_it.o
    0x08003da8   0x000000cc   Code   RO         1933    i.TIM_Base_SetConfig  stm32f7xx_hal_tim.o
    0x08003e74   0x0000001a   Code   RO         1934    i.TIM_CCxChannelCmd  stm32f7xx_hal_tim.o
    0x08003e8e   0x00000012   Code   RO         1944    i.TIM_ETR_SetConfig  stm32f7xx_hal_tim.o
    0x08003ea0   0x00000010   Code   RO         1945    i.TIM_ITRx_SetConfig  stm32f7xx_hal_tim.o
    0x08003eb0   0x00000074   Code   RO         1946    i.TIM_OC1_SetConfig  stm32f7xx_hal_tim.o
    0x08003f24   0x00000078   Code   RO         1947    i.TIM_OC2_SetConfig  stm32f7xx_hal_tim.o
    0x08003f9c   0x00000078   Code   RO         1948    i.TIM_OC3_SetConfig  stm32f7xx_hal_tim.o
    0x08004014   0x00000058   Code   RO         1949    i.TIM_OC4_SetConfig  stm32f7xx_hal_tim.o
    0x0800406c   0x00000058   Code   RO         1950    i.TIM_OC5_SetConfig  stm32f7xx_hal_tim.o
    0x080040c4   0x00000058   Code   RO         1951    i.TIM_OC6_SetConfig  stm32f7xx_hal_tim.o
    0x0800411c   0x00000022   Code   RO         1953    i.TIM_TI1_ConfigInputStage  stm32f7xx_hal_tim.o
    0x0800413e   0x00000024   Code   RO         1955    i.TIM_TI2_ConfigInputStage  stm32f7xx_hal_tim.o
    0x08004162   0x000000c8   Code   RO         2832    i.UART_AdvFeatureConfig  stm32f7xx_hal_uart.o
    0x0800422a   0x0000003c   Code   RO         2833    i.UART_CheckIdleState  stm32f7xx_hal_uart.o
    0x08004266   0x00000002   PAD
    0x08004268   0x00000254   Code   RO         2848    i.UART_SetConfig    stm32f7xx_hal_uart.o
    0x080044bc   0x00000060   Code   RO         2851    i.UART_WaitOnFlagUntilTimeout  stm32f7xx_hal_uart.o
    0x0800451c   0x00000002   Code   RO          755    i.UsageFault_Handler  stm32f7xx_it.o
    0x0800451e   0x00000002   PAD
    0x08004520   0x00000020   Code   RO         7841    i.__0printf$3       mc_w.l(printf3.o)
    0x08004540   0x00000022   Code   RO         1375    i.__NVIC_SetPriority  stm32f7xx_hal_cortex.o
    0x08004562   0x0000000e   Code   RO         8093    i.__scatterload_copy  mc_w.l(handlers.o)
    0x08004570   0x00000002   Code   RO         8094    i.__scatterload_null  mc_w.l(handlers.o)
    0x08004572   0x0000000e   Code   RO         8095    i.__scatterload_zeroinit  mc_w.l(handlers.o)
    0x08004580   0x000001b8   Code   RO         7848    i._printf_core      mc_w.l(printf3.o)
    0x08004738   0x00000058   Code   RO          277    i.ccuHeartBeat      can_card.o
    0x08004790   0x0000001c   Code   RO         6778    i.cyclic_timer      timeouts.o
    0x080047ac   0x0000003c   Code   RO          278    i.dacSend           can_card.o
    0x080047e8   0x0000009c   Code   RO         5790    i.do_memp_free_pool  memp.o
    0x08004884   0x000000a4   Code   RO         5791    i.do_memp_malloc_pool  memp.o
    0x08004928   0x00000030   Code   RO         7007    i.etharp_cleanup_netif  etharp.o
    0x08004958   0x00000258   Code   RO         7009    i.etharp_find_entry  etharp.o
    0x08004bb0   0x00000024   Code   RO         7010    i.etharp_free_entry  etharp.o
    0x08004bd4   0x00000104   Code   RO         7012    i.etharp_input      etharp.o
    0x08004cd8   0x000001a8   Code   RO         7013    i.etharp_output     etharp.o
    0x08004e80   0x00000110   Code   RO         7014    i.etharp_output_to_arp_index  etharp.o
    0x08004f90   0x000001d8   Code   RO         7015    i.etharp_query      etharp.o
    0x08005168   0x00000170   Code   RO         7016    i.etharp_raw        etharp.o
    0x080052d8   0x0000000c   Code   RO         7017    i.etharp_request    etharp.o
    0x080052e4   0x00000020   Code   RO         7018    i.etharp_request_dst  etharp.o
    0x08005304   0x00000060   Code   RO         7019    i.etharp_tmr        etharp.o
    0x08005364   0x0000011c   Code   RO         7020    i.etharp_update_arp_entry  etharp.o
    0x08005480   0x000000a0   Code   RO         5155    i.ethernet_input    ethernet.o
    0x08005520   0x000000f8   Code   RO         5156    i.ethernet_output   ethernet.o
    0x08005618   0x00000088   Code   RO          659    i.ethernetif_init   ethernetif.o
    0x080056a0   0x00000022   Code   RO          660    i.ethernetif_input  ethernetif.o
    0x080056c2   0x00000012   Code   RO         8063    i.fputc             mc_w.l(fputc.o)
    0x080056d4   0x00000050   Code   RO         8013    i.free              mc_w.l(malloc.o)
    0x08005724   0x00000008   Code   RO         7107    i.icmp_dest_unreach  icmp.o
    0x0800572c   0x000001e8   Code   RO         7108    i.icmp_input        icmp.o
    0x08005914   0x0000010c   Code   RO         7109    i.icmp_send_response  icmp.o
    0x08005a20   0x00000008   Code   RO         7110    i.icmp_time_exceeded  icmp.o
    0x08005a28   0x0000002e   Code   RO         7226    i.ip4_addr_isbroadcast_u32  ip4_addr.o
    0x08005a56   0x00000002   PAD
    0x08005a58   0x00000254   Code   RO         7292    i.ip4_frag          ip4_frag.o
    0x08005cac   0x000001a4   Code   RO         7173    i.ip4_input         ip4.o
    0x08005e50   0x0000001e   Code   RO         7175    i.ip4_output_if     ip4.o
    0x08005e6e   0x00000002   PAD
    0x08005e70   0x00000170   Code   RO         7176    i.ip4_output_if_src  ip4.o
    0x08005fe0   0x000001b4   Code   RO         7293    i.ip4_reass         ip4_frag.o
    0x08006194   0x0000005c   Code   RO         7177    i.ip4_route         ip4.o
    0x080061f0   0x00000090   Code   RO         7294    i.ip_frag_free_pbuf_custom_ref  ip4_frag.o
    0x08006280   0x00000260   Code   RO         7295    i.ip_reass_chain_frag_into_datagram_and_validate  ip4_frag.o
    0x080064e0   0x000000bc   Code   RO         7296    i.ip_reass_dequeue_datagram  ip4_frag.o
    0x0800659c   0x00000190   Code   RO         7297    i.ip_reass_free_complete_datagram  ip4_frag.o
    0x0800672c   0x00000080   Code   RO         7298    i.ip_reass_remove_oldest_datagram  ip4_frag.o
    0x080067ac   0x0000002c   Code   RO         7299    i.ip_reass_tmr      ip4_frag.o
    0x080067d8   0x00000098   Code   RO         7300    i.ipfrag_free_pbuf_custom  ip4_frag.o
    0x08006870   0x000000e0   Code   RO          213    i.ledStateMachine   power_manager.o
    0x08006950   0x000000e4   Code   RO          214    i.led_interrupt_rutine  power_manager.o
    0x08006a34   0x000000f0   Code   RO          661    i.low_level_init    ethernetif.o
    0x08006b24   0x000000c4   Code   RO          662    i.low_level_input   ethernetif.o
    0x08006be8   0x000000b0   Code   RO          663    i.low_level_output  ethernetif.o
    0x08006c98   0x00000004   Code   RO         5469    i.lwip_htonl        def.o
    0x08006c9c   0x00000004   Code   RO         5470    i.lwip_htons        def.o
    0x08006ca0   0x0000001e   Code   RO         5622    i.lwip_init         init.o
    0x08006cbe   0x00000002   PAD
    0x08006cc0   0x0000016c   Code   RO          353    i.main              main.o
    0x08006e2c   0x0000006c   Code   RO         8014    i.malloc            mc_w.l(malloc.o)
    0x08006e98   0x0000011c   Code   RO         5724    i.mem_free          mem.o
    0x08006fb4   0x00000034   Code   RO         5725    i.mem_init          mem.o
    0x08006fe8   0x000001fc   Code   RO         5726    i.mem_malloc        mem.o
    0x080071e4   0x0000018c   Code   RO         5727    i.mem_trim          mem.o
    0x08007370   0x0000009c   Code   RO         5792    i.memp_free         memp.o
    0x0800740c   0x00000020   Code   RO         5794    i.memp_init         memp.o
    0x0800742c   0x0000002a   Code   RO         5795    i.memp_init_pool    memp.o
    0x08007456   0x00000002   PAD
    0x08007458   0x000000a4   Code   RO         5796    i.memp_malloc       memp.o
    0x080074fc   0x000000e4   Code   RO         5921    i.netif_add         netif.o
    0x080075e0   0x00000002   Code   RO         5923    i.netif_init        netif.o
    0x080075e2   0x0000001a   Code   RO         5925    i.netif_issue_reports  netif.o
    0x080075fc   0x00000048   Code   RO         5927    i.netif_set_addr    netif.o
    0x08007644   0x0000000c   Code   RO         5928    i.netif_set_default  netif.o
    0x08007650   0x0000001a   Code   RO         5929    i.netif_set_down    netif.o
    0x0800766a   0x00000008   Code   RO         5930    i.netif_set_gw      netif.o
    0x08007672   0x00000002   PAD
    0x08007674   0x00000040   Code   RO         5931    i.netif_set_ipaddr  netif.o
    0x080076b4   0x00000008   Code   RO         5934    i.netif_set_netmask  netif.o
    0x080076bc   0x0000001c   Code   RO         5935    i.netif_set_up      netif.o
    0x080076d8   0x00000020   Code   RO          756    i.nob_encoder_read  stm32f7xx_it.o
    0x080076f8   0x0000037c   Code   RO         6049    i.pbuf_alloc        pbuf.o
    0x08007a74   0x000000e0   Code   RO         6050    i.pbuf_alloced_custom  pbuf.o
    0x08007b54   0x00000130   Code   RO         6051    i.pbuf_cat          pbuf.o
    0x08007c84   0x00000012   Code   RO         6053    i.pbuf_clen         pbuf.o
    0x08007c96   0x00000002   PAD
    0x08007c98   0x000001ec   Code   RO         6055    i.pbuf_copy         pbuf.o
    0x08007e84   0x0000011c   Code   RO         6056    i.pbuf_copy_partial  pbuf.o
    0x08007fa0   0x00000168   Code   RO         6058    i.pbuf_free         pbuf.o
    0x08008108   0x0000002c   Code   RO         6059    i.pbuf_free_ooseq   pbuf.o
    0x08008134   0x00000006   Code   RO         6061    i.pbuf_header       pbuf.o
    0x0800813a   0x00000006   Code   RO         6062    i.pbuf_header_force  pbuf.o
    0x08008140   0x00000124   Code   RO         6063    i.pbuf_header_impl  pbuf.o
    0x08008264   0x00000198   Code   RO         6067    i.pbuf_realloc      pbuf.o
    0x080083fc   0x0000008c   Code   RO         6068    i.pbuf_ref          pbuf.o
    0x08008488   0x0000017c   Code   RO         5728    i.plug_holes        mem.o
    0x08008604   0x000001b0   Code   RO          215    i.poweSwitchStateMachine  power_manager.o
    0x080087b4   0x0000002c   Code   RO          216    i.powerManager_init  power_manager.o
    0x080087e0   0x00000018   Code   RO           17    i.readKeys          spi_stack.o
    0x080087f8   0x0000000c   Code   RO           19    i.regWrite          spi_stack.o
    0x08008804   0x0000002c   Code   RO          279    i.sensorStartConversion  can_card.o
    0x08008830   0x00000018   Code   RO          217    i.setBackLight      power_manager.o
    0x08008848   0x00000018   Code   RO          218    i.setRaspPower      power_manager.o
    0x08008860   0x00000054   Code   RO           20    i.spi_stack_CS_Mng  spi_stack.o
    0x080088b4   0x00000018   Code   RO           21    i.spi_stack_init    spi_stack.o
    0x080088cc   0x0000004c   Code   RO           22    i.spi_stack_stateMacine  spi_stack.o
    0x08008918   0x00000058   Code   RO         6779    i.sys_check_timeouts  timeouts.o
    0x08008970   0x00000004   Code   RO          665    i.sys_now           ethernetif.o
    0x08008974   0x0000013c   Code   RO         6781    i.sys_timeout       timeouts.o
    0x08008ab0   0x00000034   Code   RO         6782    i.sys_timeouts_init  timeouts.o
    0x08008ae4   0x00000178   Code   RO         6294    i.tcp_abandon       tcp.o
    0x08008c5c   0x00000006   Code   RO         6295    i.tcp_abort         tcp.o
    0x08008c62   0x00000002   PAD
    0x08008c64   0x00000104   Code   RO         6298    i.tcp_alloc         tcp.o
    0x08008d68   0x00000014   Code   RO         6301    i.tcp_close         tcp.o
    0x08008d7c   0x0000018c   Code   RO         6302    i.tcp_close_shutdown  tcp.o
    0x08008f08   0x000000c4   Code   RO         6303    i.tcp_close_shutdown_fin  tcp.o
    0x08008fcc   0x00000120   Code   RO         6661    i.tcp_create_segment  tcp_out.o
    0x080090ec   0x00000022   Code   RO         6306    i.tcp_eff_send_mss_impl  tcp.o
    0x0800910e   0x00000002   PAD
    0x08009110   0x00000210   Code   RO         6662    i.tcp_enqueue_flags  tcp_out.o
    0x08009320   0x0000006c   Code   RO         6308    i.tcp_fasttmr       tcp.o
    0x0800938c   0x00000030   Code   RO         6577    i.tcp_getoptbyte    tcp_in.o
    0x080093bc   0x00000002   Code   RO         6309    i.tcp_init          tcp.o
    0x080093be   0x00000002   PAD
    0x080093c0   0x000005d8   Code   RO         6578    i.tcp_input         tcp_in.o
    0x08009998   0x00000040   Code   RO         6579    i.tcp_input_delayed_close  tcp_in.o
    0x080099d8   0x00000052   Code   RO         6663    i.tcp_keepalive     tcp_out.o
    0x08009a2a   0x00000002   PAD
    0x08009a2c   0x000000bc   Code   RO         6310    i.tcp_kill_state    tcp.o
    0x08009ae8   0x000000cc   Code   RO         6311    i.tcp_listen_closed  tcp.o
    0x08009bb4   0x000000f4   Code   RO         6580    i.tcp_listen_input  tcp_in.o
    0x08009ca8   0x0000004c   Code   RO         6314    i.tcp_netif_ip_addr_changed  tcp.o
    0x08009cf4   0x00000022   Code   RO         6315    i.tcp_netif_ip_addr_changed_pcblist  tcp.o
    0x08009d16   0x00000002   PAD
    0x08009d18   0x00000010   Code   RO         6319    i.tcp_next_iss      tcp.o
    0x08009d28   0x0000007c   Code   RO         6581    i.tcp_oos_insert_segment  tcp_in.o
    0x08009da4   0x000002d4   Code   RO         6664    i.tcp_output        tcp_out.o
    0x0800a078   0x00000110   Code   RO         6665    i.tcp_output_alloc_header  tcp_out.o
    0x0800a188   0x000000b0   Code   RO         6666    i.tcp_output_segment  tcp_out.o
    0x0800a238   0x00000074   Code   RO         6582    i.tcp_parseopt      tcp_in.o
    0x0800a2ac   0x00000042   Code   RO         6320    i.tcp_pcb_purge     tcp.o
    0x0800a2ee   0x00000002   PAD
    0x0800a2f0   0x00000130   Code   RO         6321    i.tcp_pcb_remove    tcp.o
    0x0800a420   0x00000488   Code   RO         6583    i.tcp_process       tcp_in.o
    0x0800a8a8   0x0000006c   Code   RO         6323    i.tcp_process_refused_data  tcp.o
    0x0800a914   0x00000a32   Code   RO         6584    i.tcp_receive       tcp_in.o
    0x0800b346   0x00000024   Code   RO         6325    i.tcp_recv_null     tcp.o
    0x0800b36a   0x00000002   PAD
    0x0800b36c   0x00000110   Code   RO         6326    i.tcp_recved        tcp.o
    0x0800b47c   0x00000056   Code   RO         6668    i.tcp_rexmit        tcp_out.o
    0x0800b4d2   0x00000058   Code   RO         6669    i.tcp_rexmit_fast   tcp_out.o
    0x0800b52a   0x00000030   Code   RO         6670    i.tcp_rexmit_rto    tcp_out.o
    0x0800b55a   0x00000002   PAD
    0x0800b55c   0x00000120   Code   RO         6671    i.tcp_rst           tcp_out.o
    0x0800b67c   0x00000028   Code   RO         6327    i.tcp_seg_copy      tcp.o
    0x0800b6a4   0x0000001c   Code   RO         6328    i.tcp_seg_free      tcp.o
    0x0800b6c0   0x00000012   Code   RO         6329    i.tcp_segs_free     tcp.o
    0x0800b6d2   0x00000072   Code   RO         6672    i.tcp_send_empty_ack  tcp_out.o
    0x0800b744   0x00000044   Code   RO         6673    i.tcp_send_fin      tcp_out.o
    0x0800b788   0x000004dc   Code   RO         6333    i.tcp_slowtmr       tcp.o
    0x0800bc64   0x00000034   Code   RO         6785    i.tcp_timer_needed  timeouts.o
    0x0800bc98   0x00000068   Code   RO         6585    i.tcp_timewait_input  tcp_in.o
    0x0800bd00   0x00000020   Code   RO         6334    i.tcp_tmr           tcp.o
    0x0800bd20   0x00000010   Code   RO         6586    i.tcp_trigger_input_pcb_close  tcp_in.o
    0x0800bd30   0x000000c0   Code   RO         6336    i.tcp_update_rcv_ann_wnd  tcp.o
    0x0800bdf0   0x000000ae   Code   RO         6676    i.tcp_zero_window_probe  tcp_out.o
    0x0800be9e   0x00000002   PAD
    0x0800bea0   0x00000038   Code   RO         6786    i.tcpip_tcp_timer   timeouts.o
    0x0800bed8   0x000000b8   Code   RO         6858    i.udp_bind          udp.o
    0x0800bf90   0x00000002   Code   RO         6861    i.udp_init          udp.o
    0x0800bf92   0x00000002   PAD
    0x0800bf94   0x0000019c   Code   RO         6862    i.udp_input         udp.o
    0x0800c130   0x00000034   Code   RO         6863    i.udp_netif_ip_addr_changed  udp.o
    0x0800c164   0x0000001a   Code   RO         6864    i.udp_new           udp.o
    0x0800c17e   0x00000002   PAD
    0x0800c180   0x0000002c   Data   RO          357    .constdata          main.o
    0x0800c1ac   0x00000010   Data   RO         4681    .constdata          system_stm32f7xx.o
    0x0800c1bc   0x00000008   Data   RO         4682    .constdata          system_stm32f7xx.o
    0x0800c1c4   0x00000006   Data   RO         5157    .constdata          ethernet.o
    0x0800c1ca   0x00000006   Data   RO         5158    .constdata          ethernet.o
    0x0800c1d0   0x0000000c   Data   RO         5807    .constdata          memp.o
    0x0800c1dc   0x0000000c   Data   RO         5808    .constdata          memp.o
    0x0800c1e8   0x0000000c   Data   RO         5809    .constdata          memp.o
    0x0800c1f4   0x0000000c   Data   RO         5810    .constdata          memp.o
    0x0800c200   0x0000000c   Data   RO         5811    .constdata          memp.o
    0x0800c20c   0x0000000c   Data   RO         5812    .constdata          memp.o
    0x0800c218   0x0000000c   Data   RO         5813    .constdata          memp.o
    0x0800c224   0x0000000c   Data   RO         5814    .constdata          memp.o
    0x0800c230   0x0000000c   Data   RO         5815    .constdata          memp.o
    0x0800c23c   0x00000024   Data   RO         5816    .constdata          memp.o
    0x0800c260   0x00000054   Data   RO         6337    .constdata          tcp.o
    0x0800c2b4   0x00000018   Data   RO         6787    .constdata          timeouts.o
    0x0800c2cc   0x00000004   Data   RO         7233    .constdata          ip4_addr.o
    0x0800c2d0   0x00000075   Data   RO         6338    .conststring        tcp.o
    0x0800c345   0x00000003   PAD
    0x0800c348   0x00000055   Data   RO         6677    .conststring        tcp_out.o
    0x0800c39d   0x00000003   PAD
    0x0800c3a0   0x00000041   Data   RO         7022    .conststring        etharp.o
    0x0800c3e1   0x00000003   PAD
    0x0800c3e4   0x00000020   Data   RO         8091    Region$$Table       anon$$obj.o


    Execution Region RW_IRAM1 (Base: 0x20000000, Size: 0x000072a0, Max: 0x00050000, ABSOLUTE, COMPRESSED[0x00000018])

    Base Addr    Size         Type   Attr      Idx    E Section Name        Object

    0x20000000   0x00000010   Data   RW           26    .data               spi_stack.o
    0x20000010   0x0000002c   Data   RW          219    .data               power_manager.o
    0x2000003c   0x0000000c   Data   RW          281    .data               can_card.o
    0x20000048   0x00000020   Data   RW          360    .data               main.o
    0x20000068   0x00000018   Data   RW          600    .data               lwip.o
    0x20000080   0x00000008   Data   RW          758    .data               stm32f7xx_it.o
    0x20000088   0x0000000c   Data   RW         3951    .data               stm32f7xx_hal.o
    0x20000094   0x00000004   Data   RW         4683    .data               system_stm32f7xx.o
    0x20000098   0x0000000c   Data   RW         5730    .data               mem.o
    0x200000a4   0x00000004   Data   RW         5817    .data               memp.o
    0x200000a8   0x00000004   Data   RW         5818    .data               memp.o
    0x200000ac   0x00000004   Data   RW         5819    .data               memp.o
    0x200000b0   0x00000004   Data   RW         5820    .data               memp.o
    0x200000b4   0x00000004   Data   RW         5821    .data               memp.o
    0x200000b8   0x00000004   Data   RW         5822    .data               memp.o
    0x200000bc   0x00000004   Data   RW         5823    .data               memp.o
    0x200000c0   0x00000004   Data   RW         5824    .data               memp.o
    0x200000c4   0x00000004   Data   RW         5825    .data               memp.o
    0x200000c8   0x0000000c   Data   RW         5936    .data               netif.o
    0x200000d4   0x00000001   Data   RW         6075    .data               pbuf.o
    0x200000d5   0x00000003   PAD
    0x200000d8   0x00000020   Data   RW         6339    .data               tcp.o
    0x200000f8   0x00000024   Data   RW         6588    .data               tcp_in.o
    0x2000011c   0x0000000c   Data   RW         6788    .data               timeouts.o
    0x20000128   0x00000008   Data   RW         6872    .data               udp.o
    0x20000130   0x00000001   Data   RW         7023    .data               etharp.o
    0x20000131   0x00000001   PAD
    0x20000132   0x00000002   Data   RW         7178    .data               ip4.o
    0x20000134   0x00000008   Data   RW         7301    .data               ip4_frag.o
    0x2000013c   0x00000004   Data   RW         8065    .data               mc_w.l(stdout.o)
    0x20000140   0x00000004   Data   RW         8074    .data               mc_w.l(mvars.o)
    0x20000144   0x00000004   Data   RW         8075    .data               mc_w.l(mvars.o)
    0x20000148   0x000000df   Zero   RW           23    .bss                spi_stack.o
    0x20000227   0x00000001   PAD
    0x20000228   0x00000020   Zero   RW          280    .bss                can_card.o
    0x20000248   0x00000324   Zero   RW          355    .bss                main.o
    0x2000056c   0x00000030   Zero   RW          599    .bss                lwip.o
    0x2000059c   0x000030e8   Zero   RW          666    .bss                ethernetif.o
    0x20003684   0x00000018   Zero   RW         5692    .bss                ip.o
    0x2000369c   0x00000653   Zero   RW         5729    .bss                mem.o
    0x20003cef   0x00000083   Zero   RW         5798    .bss                memp.o
    0x20003d72   0x000002fb   Zero   RW         5799    .bss                memp.o
    0x2000406d   0x000000e3   Zero   RW         5800    .bss                memp.o
    0x20004150   0x00000103   Zero   RW         5801    .bss                memp.o
    0x20004253   0x000000a3   Zero   RW         5802    .bss                memp.o
    0x200042f6   0x0000016b   Zero   RW         5803    .bss                memp.o
    0x20004461   0x00000033   Zero   RW         5804    .bss                memp.o
    0x20004494   0x00000103   Zero   RW         5805    .bss                memp.o
    0x20004597   0x00002603   Zero   RW         5806    .bss                memp.o
    0x20006b9a   0x00000002   PAD
    0x20006b9c   0x00000010   Zero   RW         6587    .bss                tcp_in.o
    0x20006bac   0x000000f0   Zero   RW         7021    .bss                etharp.o
    0x20006c9c   0x00000004   PAD
    0x20006ca0   0x00000200   Zero   RW            2    HEAP                startup_stm32f746xx.o
    0x20006ea0   0x00000400   Zero   RW            1    STACK               startup_stm32f746xx.o


==============================================================================

Image component sizes


      Code (inc. data)   RO Data    RW Data    ZI Data      Debug   Object Name

         0          0          0          0          0       1680   auth.o
       888         64          0         12         32       5894   can_card.o
         8          0          0          0          0       1202   def.o
      2904       1170         65          1        240      13403   etharp.o
       408        156         12          0          0       2918   ethernet.o
      1006        138          0          0      12520       6738   ethernetif.o
       772        350          0          0          0       4722   icmp.o
        30          0          0          0          0       2952   init.o
         0          0          0          0         24       6157   ip.o
       910        182          0          2          0       5392   ip4.o
        46          0          4          0          0       7218   ip4_addr.o
      2696       1020          0          8          0      12162   ip4_frag.o
       268         22          0         24         48       2099   lwip.o
      1780        176         44         32        804      30903   main.o
      1620        804          0         12       1619       6109   mem.o
       714        498        144         36      11947      10694   memp.o
       474        132          0         12          0      10357   netif.o
      3470       1832          0          1          0      23549   pbuf.o
       976         84          0         44          0       5254   power_manager.o
         0          0          0          0          0       1406   slipif.o
       292         42          0         16        223     871916   spi_stack.o
        36          8        456          0       1536        884   startup_stm32f746xx.o
       150         24          0         12          0       9429   stm32f7xx_hal.o
      1420          6          0          0          0      13325   stm32f7xx_hal_can.o
       198         12          0          0          0      39303   stm32f7xx_hal_cortex.o
        36          0          0          0          0       1323   stm32f7xx_hal_dma.o
      1870         66          0          0          0      11323   stm32f7xx_hal_eth.o
       516         60          0          0          0       4106   stm32f7xx_hal_gpio.o
      1028        112          0          0          0       6634   stm32f7xx_hal_msp.o
        16          4          0          0          0        595   stm32f7xx_hal_pwr.o
       108          8          0          0          0       1368   stm32f7xx_hal_pwr_ex.o
      1296         70          0          0          0       5940   stm32f7xx_hal_rcc.o
      1276         16          0          0          0       2384   stm32f7xx_hal_rcc_ex.o
      1446          4          0          0          0       8758   stm32f7xx_hal_spi.o
      2310        158          0          0          0      21076   stm32f7xx_hal_tim.o
       102          8          0          0          0       3296   stm32f7xx_hal_tim_ex.o
      1054         70          0          0          0       5309   stm32f7xx_hal_uart.o
       246         56          0          8          0      10308   stm32f7xx_it.o
        84         16         24          4          0       1371   system_stm32f7xx.o
      4256       1546        201         32          0      33602   tcp.o
      5982       1224          0         36         16      21243   tcp_in.o
      2936        832         85          0          0      22362   tcp_out.o
       592        220         24         12          0       6323   timeouts.o
       676        132          0          8          0       7018   udp.o

    ----------------------------------------------------------------------
     46966      11322       1100        316      29016    1270005   Object Totals
         0          0         32          0          0          0   (incl. Generated)
        70          0          9          4          7          0   (incl. Padding)

    ----------------------------------------------------------------------

      Code (inc. data)   RO Data    RW Data    ZI Data      Debug   Library Member Name

        58          0          0          0          0          0   __dczerorl.o
         0          0          0          0          0          0   entry.o
         0          0          0          0          0          0   entry10a.o
         0          0          0          0          0          0   entry11a.o
         8          4          0          0          0          0   entry2.o
         4          0          0          0          0          0   entry5.o
         0          0          0          0          0          0   entry7b.o
         0          0          0          0          0          0   entry8b.o
         8          4          0          0          0          0   entry9a.o
        18          0          0          0          0         80   fputc.o
        30          0          0          0          0          0   handlers.o
        36          8          0          0          0         68   init.o
         0          0          0          0          0          0   iusefp.o
         0          0          0          0          0          0   iusesemip.o
        30          0          0          0          0         68   llshl.o
        36          0          0          0          0         68   llsshr.o
        32          0          0          0          0         68   llushr.o
       188         20          0          0          0        160   malloc.o
        26          0          0          0          0         80   memcmp.o
        36          0          0          0          0         68   memcpya.o
        36          0          0          0          0        108   memseta.o
         0          0          0          8          0          0   mvars.o
       472         14          0          0          0        184   printf3.o
         0          0          0          0          0          0   semi.o
         0          0          0          4          0          0   stdout.o
        44          0          0          0          0         80   uidiv.o
        98          0          0          0          0         92   uldiv.o
        56          0          0          0          0         88   d2f.o
       334          0          0          0          0        148   dadd.o
       186          0          0          0          0        176   depilogue.o
       228          0          0          0          0         96   dmul.o
        38          0          0          0          0         68   f2d.o
       110          0          0          0          0        168   fepilogue.o

    ----------------------------------------------------------------------
      2114         50          0         12          0       1868   Library Totals
         2          0          0          0          0          0   (incl. Padding)

    ----------------------------------------------------------------------

      Code (inc. data)   RO Data    RW Data    ZI Data      Debug   Library Name

      1160         50          0         12          0       1124   mc_w.l
       952          0          0          0          0        744   mf_w.l

    ----------------------------------------------------------------------
      2114         50          0         12          0       1868   Library Totals

    ----------------------------------------------------------------------

==============================================================================


      Code (inc. data)   RO Data    RW Data    ZI Data      Debug   

     49080      11372       1100        328      29016    1243073   Grand Totals
     49080      11372       1100         24      29016    1243073   ELF Image Totals (compressed)
     49080      11372       1100         24          0          0   ROM Totals

==============================================================================

    Total RO  Size (Code + RO Data)                50180 (  49.00kB)
    Total RW  Size (RW Data + ZI Data)             29344 (  28.66kB)
    Total ROM Size (Code + RO Data + RW Data)      50204 (  49.03kB)

==============================================================================

